2026-05-27 18:05:52 - Agent.MusicAgent - INFO - [MusicAgent] Music generation (MusicGen: True)...
2026-05-27 18:05:52 - Agent.MusicAgent - INFO - [MusicAgent] Deleted old: ep1_ambient.wav
2026-05-27 18:05:52 - Agent.MusicAgent - INFO - [MusicAgent] Deleted old: ep1_tension.wav
2026-05-27 18:05:52 - Agent.MusicAgent - INFO - [MusicAgent] Deleted old: ep1_sting.wav
2026-05-27 18:05:52 - Agent.MusicAgent - INFO - [MusicAgent] Deleted old: ep1_ambient_location.wav
2026-05-27 18:05:52 - Agent.MusicAgent - INFO - [MusicAgent] Deleted old: ep2_ambient.wav
2026-05-27 18:05:52 - Agent.MusicAgent - INFO - [MusicAgent] Deleted old: ep2_tension.wav
2026-05-27 18:05:52 - Agent.MusicAgent - INFO - [MusicAgent] Deleted old: ep2_sting.wav
2026-05-27 18:05:52 - Agent.MusicAgent - INFO - [MusicAgent] Deleted old: ep2_ambient_location.wav
2026-05-27 18:05:52 - Agent.MusicAgent - INFO - [MusicAgent] Episode 1 music...
2026-05-27 18:05:52 - Agent.MusicAgent - INFO - [MusicAgent] Generating ambient (64s)...
2026-05-27 18:05:52 - Agent.MusicAgent - INFO - [MusicAgent] Loading MusicGen small...
2026-05-27 18:10:18 - Agent.MusicAgent - INFO - [MusicAgent] Saved: outputs\music\ep1_ambient.wav (64.1s)
2026-05-27 18:10:18 - Agent.MusicAgent - INFO - [MusicAgent] Generating tension (64s)...
2026-05-27 18:10:18 - Agent.MusicAgent - INFO - [MusicAgent] Loading MusicGen small...
2026-05-27 18:14:31 - Agent.MusicAgent - INFO - [MusicAgent] Saved: outputs\music\ep1_tension.wav (64.1s)
2026-05-27 18:14:31 - Agent.MusicAgent - INFO - [MusicAgent] Generating sting...
2026-05-27 18:14:31 - Agent.MusicAgent - INFO - [MusicAgent] Loading MusicGen small...
2026-05-27 18:14:50 - Agent.MusicAgent - INFO - [MusicAgent] Saved: outputs\music\ep1_sting.wav (1.9s)
2026-05-27 18:14:50 - Agent.MusicAgent - INFO - [MusicAgent] Generating heartbeat (64s)...
2026-05-27 18:14:50 - Agent.MusicAgent - INFO - [MusicAgent] Saved: outputs\music\ep1_heartbeat.wav (64.1s)
2026-05-27 18:14:50 - Agent.MusicAgent - INFO - [MusicAgent] Generating strings (64s)...
2026-05-27 18:14:51 - Agent.MusicAgent - INFO - [MusicAgent] Saved: outputs\music\ep1_strings.wav (64.1s)
2026-05-27 18:14:51 - Agent.MusicAgent - INFO - [MusicAgent] Generating location-aware ambient (64s)...
2026-05-27 18:14:51 - Agent.MusicAgent - INFO - [MusicAgent] Saved: outputs\music\ep1_ambient_location.wav (64.1s)
2026-05-27 18:14:51 - Agent.MusicAgent - INFO - [MusicAgent] Episode 1 music complete
2026-05-27 18:14:51 - Agent.MusicAgent - INFO - [MusicAgent] Episode 2 music...
2026-05-27 18:14:51 - Agent.MusicAgent - INFO - [MusicAgent] Generating ambient (43s)...
2026-05-27 18:14:51 - Agent.MusicAgent - INFO - [MusicAgent] Loading MusicGen small...
2026-05-27 18:19:08 - Agent.MusicAgent - INFO - [MusicAgent] Saved: outputs\music\ep2_ambient.wav (43.5s)
2026-05-27 18:19:08 - Agent.MusicAgent - INFO - [MusicAgent] Generating tension (43s)...
2026-05-27 18:19:08 - Agent.MusicAgent - INFO - [MusicAgent] Loading MusicGen small...
2026-05-27 18:23:15 - Agent.MusicAgent - INFO - [MusicAgent] Saved: outputs\music\ep2_tension.wav (43.5s)
2026-05-27 18:23:15 - Agent.MusicAgent - INFO - [MusicAgent] Generating sting...
2026-05-27 18:23:15 - Agent.MusicAgent - INFO - [MusicAgent] Loading MusicGen small...
2026-05-27 18:23:29 - Agent.MusicAgent - INFO - [MusicAgent] Saved: outputs\music\ep2_sting.wav (1.9s)
2026-05-27 18:23:29 - Agent.MusicAgent - INFO - [MusicAgent] Generating heartbeat (43s)...
2026-05-27 18:23:29 - Agent.MusicAgent - INFO - [MusicAgent] Saved: outputs\music\ep2_heartbeat.wav (43.5s)
2026-05-27 18:23:29 - Agent.MusicAgent - INFO - [MusicAgent] Generating strings (43s)...
2026-05-27 18:23:30 - Agent.MusicAgent - INFO - [MusicAgent] Saved: outputs\music\ep2_strings.wav (43.5s)
2026-05-27 18:23:30 - Agent.MusicAgent - INFO - [MusicAgent] Generating location-aware ambient (43s)...
2026-05-27 18:23:30 - Agent.MusicAgent - INFO - [MusicAgent] Saved: outputs\music\ep2_ambient_location.wav (43.5s)
2026-05-27 18:23:30 - Agent.MusicAgent - INFO - [MusicAgent] Episode 2 music complete
2026-05-27 18:23:30 - Agent.MusicAgent - INFO - [MusicAgent] Episode 3 music...
2026-05-27 18:23:30 - Agent.MusicAgent - INFO - [MusicAgent] Generating ambient (59s)...
2026-05-27 18:23:30 - Agent.MusicAgent - INFO - [MusicAgent] Loading MusicGen small...
2026-05-27 18:27:18 - Agent.MusicAgent - INFO - [MusicAgent] Saved: outputs\music\ep3_ambient.wav (58.9s)
2026-05-27 18:27:18 - Agent.MusicAgent - INFO - [MusicAgent] Generating tension (59s)...
2026-05-27 18:27:18 - Agent.MusicAgent - INFO - [MusicAgent] Loading MusicGen small...
2026-05-27 18:31:11 - Agent.MusicAgent - INFO - [MusicAgent] Saved: outputs\music\ep3_tension.wav (58.9s)
2026-05-27 18:31:11 - Agent.MusicAgent - INFO - [MusicAgent] Generating sting...
2026-05-27 18:31:11 - Agent.MusicAgent - INFO - [MusicAgent] Loading MusicGen small...
2026-05-27 18:31:25 - Agent.MusicAgent - INFO - [MusicAgent] Saved: outputs\music\ep3_sting.wav (1.9s)
2026-05-27 18:31:25 - Agent.MusicAgent - INFO - [MusicAgent] Generating heartbeat (59s)...
2026-05-27 18:31:25 - Agent.MusicAgent - INFO - [MusicAgent] Saved: outputs\music\ep3_heartbeat.wav (58.9s)
2026-05-27 18:31:25 - Agent.MusicAgent - INFO - [MusicAgent] Generating strings (59s)...
2026-05-27 18:31:26 - Agent.MusicAgent - INFO - [MusicAgent] Saved: outputs\music\ep3_strings.wav (58.9s)
2026-05-27 18:31:26 - Agent.MusicAgent - INFO - [MusicAgent] Generating location-aware ambient (59s)...
2026-05-27 18:31:26 - Agent.MusicAgent - INFO - [MusicAgent] Saved: outputs\music\ep3_ambient_location.wav (58.9s)
2026-05-27 18:31:26 - Agent.MusicAgent - INFO - [MusicAgent] Episode 3 music complete
2026-05-27 18:31:26 - Agent.MusicAgent - INFO - [MusicAgent] Episode 4 music...
2026-05-27 18:31:26 - Agent.MusicAgent - INFO - [MusicAgent] Generating ambient (90s)...
2026-05-27 18:31:26 - Agent.MusicAgent - INFO - [MusicAgent] Loading MusicGen small...
2026-05-27 18:35:27 - Agent.MusicAgent - INFO - [MusicAgent] Saved: outputs\music\ep4_ambient.wav (90.0s)
2026-05-27 18:35:27 - Agent.MusicAgent - INFO - [MusicAgent] Generating tension (90s)...
2026-05-27 18:35:27 - Agent.MusicAgent - INFO - [MusicAgent] Loading MusicGen small...
2026-05-27 18:40:14 - Agent.MusicAgent - INFO - [MusicAgent] Saved: outputs\music\ep4_tension.wav (90.0s)
2026-05-27 18:40:14 - Agent.MusicAgent - INFO - [MusicAgent] Generating sting...
2026-05-27 18:40:14 - Agent.MusicAgent - INFO - [MusicAgent] Loading MusicGen small...
2026-05-27 18:40:32 - Agent.MusicAgent - INFO - [MusicAgent] Saved: outputs\music\ep4_sting.wav (1.9s)
2026-05-27 18:40:32 - Agent.MusicAgent - INFO - [MusicAgent] Generating heartbeat (90s)...
2026-05-27 18:40:32 - Agent.MusicAgent - INFO - [MusicAgent] Saved: outputs\music\ep4_heartbeat.wav (90.0s)
2026-05-27 18:40:32 - Agent.MusicAgent - INFO - [MusicAgent] Generating strings (90s)...
2026-05-27 18:40:33 - Agent.MusicAgent - INFO - [MusicAgent] Saved: outputs\music\ep4_strings.wav (90.0s)
2026-05-27 18:40:33 - Agent.MusicAgent - INFO - [MusicAgent] Generating location-aware ambient (90s)...
2026-05-27 18:40:33 - Agent.MusicAgent - INFO - [MusicAgent] Saved: outputs\music\ep4_ambient_location.wav (90.0s)
2026-05-27 18:40:33 - Agent.MusicAgent - INFO - [MusicAgent] Episode 4 music complete
2026-05-27 18:40:33 - Agent.MusicAgent - INFO - [MusicAgent] Episode 5 music...
2026-05-27 18:40:33 - Agent.MusicAgent - INFO - [MusicAgent] Generating ambient (90s)...
2026-05-27 18:40:33 - Agent.MusicAgent - INFO - [MusicAgent] Loading MusicGen small...
2026-05-27 18:44:42 - Agent.MusicAgent - INFO - [MusicAgent] Saved: outputs\music\ep5_ambient.wav (90.0s)
2026-05-27 18:44:42 - Agent.MusicAgent - INFO - [MusicAgent] Generating tension (90s)...
2026-05-27 18:44:42 - Agent.MusicAgent - INFO - [MusicAgent] Loading MusicGen small...
2026-05-27 18:49:26 - Agent.MusicAgent - INFO - [MusicAgent] Saved: outputs\music\ep5_tension.wav (90.0s)
2026-05-27 18:49:26 - Agent.MusicAgent - INFO - [MusicAgent] Generating sting...
2026-05-27 18:49:26 - Agent.MusicAgent - INFO - [MusicAgent] Loading MusicGen small...
2026-05-27 18:49:46 - Agent.MusicAgent - INFO - [MusicAgent] Saved: outputs\music\ep5_sting.wav (1.9s)
2026-05-27 18:49:46 - Agent.MusicAgent - INFO - [MusicAgent] Generating heartbeat (90s)...
2026-05-27 18:49:46 - Agent.MusicAgent - INFO - [MusicAgent] Saved: outputs\music\ep5_heartbeat.wav (90.0s)
2026-05-27 18:49:46 - Agent.MusicAgent - INFO - [MusicAgent] Generating strings (90s)...
2026-05-27 18:49:47 - Agent.MusicAgent - INFO - [MusicAgent] Saved: outputs\music\ep5_strings.wav (90.0s)
2026-05-27 18:49:47 - Agent.MusicAgent - INFO - [MusicAgent] Generating location-aware ambient (90s)...
2026-05-27 18:49:47 - Agent.MusicAgent - INFO - [MusicAgent] Saved: outputs\music\ep5_ambient_location.wav (90.0s)
2026-05-27 18:49:47 - Agent.MusicAgent - INFO - [MusicAgent] Episode 5 music complete
2026-05-27 18:49:47 - Agent.MusicAgent - INFO - [MusicAgent] Episode 6 music...
2026-05-27 18:49:47 - Agent.MusicAgent - INFO - [MusicAgent] Generating ambient (90s)...
2026-05-27 18:49:47 - Agent.MusicAgent - INFO - [MusicAgent] Loading MusicGen small...
2026-05-27 18:54:07 - Agent.MusicAgent - INFO - [MusicAgent] Saved: outputs\music\ep6_ambient.wav (90.0s)
2026-05-27 18:54:07 - Agent.MusicAgent - INFO - [MusicAgent] Generating tension (90s)...
2026-05-27 18:54:07 - Agent.MusicAgent - INFO - [MusicAgent] Loading MusicGen small...
2026-05-27 18:58:06 - Agent.MusicAgent - INFO - [MusicAgent] Saved: outputs\music\ep6_tension.wav (90.0s)
2026-05-27 18:58:06 - Agent.MusicAgent - INFO - [MusicAgent] Generating sting...
2026-05-27 18:58:06 - Agent.MusicAgent - INFO - [MusicAgent] Loading MusicGen small...
2026-05-27 18:58:21 - Agent.MusicAgent - INFO - [MusicAgent] Saved: outputs\music\ep6_sting.wav (1.9s)
2026-05-27 18:58:21 - Agent.MusicAgent - INFO - [MusicAgent] Generating heartbeat (90s)...
2026-05-27 18:58:21 - Agent.MusicAgent - INFO - [MusicAgent] Saved: outputs\music\ep6_heartbeat.wav (90.0s)
2026-05-27 18:58:21 - Agent.MusicAgent - INFO - [MusicAgent] Generating strings (90s)...
2026-05-27 18:58:22 - Agent.MusicAgent - INFO - [MusicAgent] Saved: outputs\music\ep6_strings.wav (90.0s)
2026-05-27 18:58:22 - Agent.MusicAgent - INFO - [MusicAgent] Generating location-aware ambient (90s)...
2026-05-27 18:58:22 - Agent.MusicAgent - INFO - [MusicAgent] Saved: outputs\music\ep6_ambient_location.wav (90.0s)
2026-05-27 18:58:22 - Agent.MusicAgent - INFO - [MusicAgent] Episode 6 music complete
2026-05-27 18:58:22 - Agent.VideoCompositor - INFO - [VideoCompositor] Starting video composition (Agent 6b)...
2026-05-27 18:58:22 - Agent.VideoCompositor - INFO - [VideoCompositor] Rendering episode 1...
2026-05-27 19:22:44 - Agent.VideoCompositor - INFO - [VideoCompositor] Episode 1: 1446 frames (60.2s)
2026-05-27 19:22:44 - Agent.VideoCompositor - INFO - [VideoCompositor] Writing 1446 frames...
2026-05-27 19:23:19 - Agent.VideoCompositor - INFO - [VideoCompositor] Encoding with FFmpeg...
2026-05-27 19:23:48 - Agent.VideoCompositor - INFO - [VideoCompositor] Mixing: 60.1s, 4 reveals, 0 dramatic pauses
2026-05-27 19:35:30 - Agent.VideoCompositor - INFO - [VideoCompositor] Dynamic audio mixed: outputs/final/ep1_mixed_audio.aac
2026-05-27 19:35:31 - Agent.VideoCompositor - INFO - [VideoCompositor] Final: outputs/final/episode_1.mp4
2026-05-27 19:35:31 - Agent.VideoCompositor - INFO - [VideoCompositor] Episode 1 complete: outputs/final/episode_1.mp4
2026-05-27 19:35:31 - Agent.VideoCompositor - INFO - [VideoCompositor] Rendering episode 2...
2026-05-27 19:47:07 - Agent.VideoCompositor - INFO - [VideoCompositor] Episode 2: 974 frames (40.6s)
2026-05-27 19:47:07 - Agent.VideoCompositor - INFO - [VideoCompositor] Writing 974 frames...
2026-05-27 19:47:15 - Agent.VideoCompositor - INFO - [VideoCompositor] Encoding with FFmpeg...
2026-05-27 19:47:32 - Agent.VideoCompositor - INFO - [VideoCompositor] Mixing: 39.5s, 4 reveals, 0 dramatic pauses
2026-05-27 19:55:25 - Agent.VideoCompositor - INFO - [VideoCompositor] Dynamic audio mixed: outputs/final/ep2_mixed_audio.aac
2026-05-27 19:55:25 - Agent.VideoCompositor - INFO - [VideoCompositor] Final: outputs/final/episode_2.mp4
2026-05-27 19:55:25 - Agent.VideoCompositor - INFO - [VideoCompositor] Episode 2 complete: outputs/final/episode_2.mp4
2026-05-27 19:55:26 - Agent.VideoCompositor - INFO - [VideoCompositor] Rendering episode 3...
2026-05-27 20:15:24 - Agent.VideoCompositor - INFO - [VideoCompositor] Episode 3: 1315 frames (54.8s)
2026-05-27 20:15:24 - Agent.VideoCompositor - INFO - [VideoCompositor] Writing 1315 frames...
2026-05-27 20:15:45 - Agent.VideoCompositor - INFO - [VideoCompositor] Encoding with FFmpeg...
2026-05-27 20:16:13 - Agent.VideoCompositor - INFO - [VideoCompositor] Mixing: 54.9s, 4 reveals, 0 dramatic pauses
2026-05-27 20:24:22 - Agent.VideoCompositor - INFO - [VideoCompositor] Dynamic audio mixed: outputs/final/ep3_mixed_audio.aac
2026-05-27 20:24:23 - Agent.VideoCompositor - INFO - [VideoCompositor] Final: outputs/final/episode_3.mp4
2026-05-27 20:24:23 - Agent.VideoCompositor - INFO - [VideoCompositor] Episode 3 complete: outputs/final/episode_3.mp4
2026-05-27 20:24:23 - Agent.VideoCompositor - INFO - [VideoCompositor] Rendering episode 4...
2026-05-27 20:24:23 - Agent.VideoCompositor - ERROR - [VideoCompositor] Episode 4 failed: Episode 4: audio not found
2026-05-27 20:24:23 - Agent.VideoCompositor - INFO - [VideoCompositor] Rendering episode 5...
2026-05-27 20:24:23 - Agent.VideoCompositor - ERROR - [VideoCompositor] Episode 5 failed: Episode 5: audio not found
2026-05-27 20:24:23 - Agent.VideoCompositor - INFO - [VideoCompositor] Rendering episode 6...
2026-05-27 20:24:23 - Agent.VideoCompositor - ERROR - [VideoCompositor] Episode 6 failed: Episode 6: audio not found
2026-05-27 20:24:23 - Agent.VideoCompositor - INFO - [VideoCompositor] Composition: 3/6 rendered
