2026-05-30 19:11:56 - Agent.MusicAgent - INFO - [MusicAgent] Music generation (MusicGen: True)...
2026-05-30 19:11:56 - Agent.MusicAgent - INFO - [MusicAgent] Deleted old: ep1_ambient.wav
2026-05-30 19:11:56 - Agent.MusicAgent - INFO - [MusicAgent] Deleted old: ep1_tension.wav
2026-05-30 19:11:56 - Agent.MusicAgent - INFO - [MusicAgent] Deleted old: ep1_sting.wav
2026-05-30 19:11:56 - Agent.MusicAgent - INFO - [MusicAgent] Deleted old: ep1_ambient_location.wav
2026-05-30 19:11:56 - Agent.MusicAgent - INFO - [MusicAgent] Deleted old: ep1_heartbeat.wav
2026-05-30 19:11:56 - Agent.MusicAgent - INFO - [MusicAgent] Deleted old: ep1_strings.wav
2026-05-30 19:11:56 - Agent.MusicAgent - INFO - [MusicAgent] Episode 1 music...
2026-05-30 19:11:56 - Agent.MusicAgent - INFO - [MusicAgent] Episode 1: 110.0s, 4 reveals, cliffhanger at 107.2s
2026-05-30 19:11:56 - Agent.MusicAgent - INFO - [MusicAgent] Generating ambient (110s)...
2026-05-30 19:11:56 - Agent.MusicAgent - INFO - [MusicAgent] Loading MusicGen small...
2026-05-30 19:15:50 - Agent.MusicAgent - INFO - [MusicAgent] Saved: outputs\music\ep1_ambient.wav (110.0s)
2026-05-30 19:15:50 - Agent.MusicAgent - INFO - [MusicAgent] Generating event-aware tension (110s, 17 EDL events)...
2026-05-30 19:15:50 - Agent.MusicAgent - INFO - [MusicAgent] Loading MusicGen small...
2026-05-30 19:19:11 - Agent.MusicAgent - INFO - [MusicAgent] Saved: outputs\music\ep1_tension.wav (110.0s)
2026-05-30 19:19:11 - Agent.MusicAgent - INFO - [MusicAgent] Generating sting...
2026-05-30 19:19:11 - Agent.MusicAgent - INFO - [MusicAgent] Loading MusicGen small...
2026-05-30 19:19:26 - Agent.MusicAgent - INFO - [MusicAgent] Saved: outputs\music\ep1_sting.wav (1.9s)
2026-05-30 19:19:26 - Agent.MusicAgent - INFO - [MusicAgent] Generating heartbeat (110s)...
2026-05-30 19:19:26 - Agent.MusicAgent - INFO - [MusicAgent] Saved: outputs\music\ep1_heartbeat.wav (110.0s)
2026-05-30 19:19:26 - Agent.MusicAgent - INFO - [MusicAgent] Generating strings (110s)...
2026-05-30 19:19:27 - Agent.MusicAgent - INFO - [MusicAgent] Saved: outputs\music\ep1_strings.wav (110.0s)
2026-05-30 19:19:27 - Agent.MusicAgent - INFO - [MusicAgent] Generating location-aware ambient (110s)...
2026-05-30 19:19:30 - Agent.MusicAgent - INFO - [MusicAgent] Saved: outputs\music\ep1_ambient_location.wav (110.0s)
2026-05-30 19:19:30 - Agent.MusicAgent - INFO - [MusicAgent] Episode 1 music complete
2026-05-30 19:19:31 - Agent.VideoCompositor - INFO - [VideoCompositor] Starting video composition (Agent 6b — FFmpeg)...
2026-05-30 19:19:31 - Agent.VideoCompositor - INFO - [VideoCompositor] Subtitles written: outputs/final/tmp_ep1/ep1_subtitles.ass (38 lines)
2026-05-30 19:19:31 - Agent.VideoCompositor - INFO - [VideoCompositor] Title card: outputs/final/tmp_ep1/ep1_title.mp4
2026-05-30 19:23:33 - Agent.VideoCompositor - INFO - [VideoCompositor] TBC card: outputs/final/tmp_ep1/ep1_tbc.mp4
2026-05-30 19:23:33 - Agent.VideoCompositor - INFO - [VideoCompositor] Concatenated 19 segments → outputs/final/tmp_ep1/ep1_video.mp4
2026-05-30 19:23:58 - Agent.VideoCompositor - INFO - [VideoCompositor] Subtitles burned: outputs/final/tmp_ep1/ep1_subbed.mp4
2026-05-30 19:23:58 - Agent.VideoCompositor - INFO - [VideoCompositor] Mixing: 107.0s, 4 reveals, 0 dramatic pauses
2026-05-30 19:37:28 - Agent.VideoCompositor - INFO - [VideoCompositor] Dynamic audio mixed: outputs/final/tmp_ep1/ep1_audio.aac
2026-05-30 19:37:30 - Agent.VideoCompositor - INFO - [VideoCompositor] Final: outputs/final/episode_1.mp4
2026-05-30 19:37:30 - Agent.VideoCompositor - INFO - [VideoCompositor] Episode 1 complete: outputs/final/episode_1.mp4
2026-05-30 19:37:30 - Agent.VideoCompositor - INFO - [VideoCompositor] Composition: 1/1 rendered
