2026-05-30 17:29:05 - Agent.VoiceoverAgent - INFO - [VoiceoverAgent] Generating voiceover for episode 1...
2026-05-30 17:29:05 - Agent.VoiceoverAgent - INFO - [VoiceoverAgent] Using structured narration: 8 chunks
2026-05-30 17:29:05 - Agent.VoiceoverAgent - INFO - [VoiceoverAgent] Generating 8 audio chunks...
2026-05-30 17:29:05 - Agent.VoiceoverAgent - INFO - [VoiceoverAgent]   Chunk 1/8: 40 chars
2026-05-30 17:29:08 - Agent.VoiceoverAgent - INFO - [VoiceoverAgent]   Chunk 2/8: 185 chars
2026-05-30 17:29:20 - Agent.VoiceoverAgent - INFO - [VoiceoverAgent]   Chunk 3/8: 216 chars
2026-05-30 17:29:31 - Agent.VoiceoverAgent - INFO - [VoiceoverAgent]   Chunk 4/8: 148 chars
2026-05-30 17:29:41 - Agent.VoiceoverAgent - INFO - [VoiceoverAgent]   Chunk 5/8: 78 chars
2026-05-30 17:29:46 - Agent.VoiceoverAgent - INFO - [VoiceoverAgent]   Chunk 6/8: 141 chars
2026-05-30 17:29:55 - Agent.VoiceoverAgent - INFO - [VoiceoverAgent]   Chunk 7/8: 96 chars
2026-05-30 17:30:00 - Agent.VoiceoverAgent - INFO - [VoiceoverAgent]   Chunk 8/8: 59 chars
2026-05-30 17:30:06 - Agent.VoiceoverAgent - INFO - [VoiceoverAgent] Audio stitched: outputs/audio/episode_1_voiceover.wav — total 85440ms
2026-05-30 17:30:06 - Agent.VoiceoverAgent - INFO - [VoiceoverAgent] Voiceover complete: outputs/audio/episode_1_voiceover.wav | 8 chunks timed
2026-05-30 17:30:06 - Agent.VoiceoverAgent - INFO - [VoiceoverAgent]   Chunk 0: 0ms → 10680ms
2026-05-30 17:30:06 - Agent.VoiceoverAgent - INFO - [VoiceoverAgent]   Chunk 1: 10680ms → 21360ms
2026-05-30 17:30:06 - Agent.VoiceoverAgent - INFO - [VoiceoverAgent]   Chunk 2: 21360ms → 32040ms
2026-05-30 17:30:06 - Agent.VoiceoverAgent - INFO - [VoiceoverAgent]   Chunk 3: 32040ms → 42720ms
2026-05-30 17:30:06 - Agent.VoiceoverAgent - INFO - [VoiceoverAgent]   Chunk 4: 42720ms → 53400ms
2026-05-30 17:30:06 - Agent.VoiceoverAgent - INFO - [VoiceoverAgent]   Chunk 5: 53400ms → 64080ms
2026-05-30 17:30:06 - Agent.VoiceoverAgent - INFO - [VoiceoverAgent]   Chunk 6: 64080ms → 74760ms
2026-05-30 17:30:06 - Agent.VoiceoverAgent - INFO - [VoiceoverAgent]   Chunk 7: 74760ms → 85440ms
