2026-06-01 17:32:27 - Agent.EditPlanner - INFO - [EditPlanner] Building edit decision lists (Agent 6a)...
2026-06-01 17:32:27 - Agent.EditPlanner - INFO - [EditPlanner] Planning episode 1...
2026-06-01 17:32:27 - Agent.EditPlanner - INFO - [EditPlanner] Episode 1: 8 scenes (8 with images), 5 reveals, 8 timestamps
2026-06-01 17:32:27 - Agent.EditPlanner - INFO - [EditPlanner] Building EDL for episode 1...
2026-06-01 17:32:27 - Agent.EditPlanner - INFO - [EditPlanner] Total audio: 125365ms (125.4s)
2026-06-01 17:32:27 - Agent.EditPlanner - INFO - [EditPlanner] Insert shots scheduled: 0
2026-06-01 17:32:27 - Agent.EditPlanner - INFO - [EditPlanner] EDL built: 17 entries, 5 reveals, 0 inserts, total 125.4s
2026-06-01 17:32:27 - Agent.EditPlanner - INFO - [EditPlanner] EDL saved: outputs/episode_1_edl.json
2026-06-01 17:32:27 - Agent.EditPlanner - INFO - [EditPlanner] Edit planning complete: 1 EDLs
2026-06-01 17:32:27 - Agent.MusicAgent - INFO - [MusicAgent] Music generation (MusicGen: True)...
2026-06-01 17:32:27 - Agent.MusicAgent - INFO - [MusicAgent] Deleted old: ep1_ambient.wav
2026-06-01 17:32:27 - Agent.MusicAgent - INFO - [MusicAgent] Deleted old: ep1_tension.wav
2026-06-01 17:32:27 - Agent.MusicAgent - INFO - [MusicAgent] Deleted old: ep1_sting.wav
2026-06-01 17:32:27 - Agent.MusicAgent - INFO - [MusicAgent] Deleted old: ep1_ambient_location.wav
2026-06-01 17:32:27 - Agent.MusicAgent - INFO - [MusicAgent] Deleted old: ep1_heartbeat.wav
2026-06-01 17:32:27 - Agent.MusicAgent - INFO - [MusicAgent] Deleted old: ep1_strings.wav
2026-06-01 17:32:27 - Agent.MusicAgent - INFO - [MusicAgent] Episode 1 music...
2026-06-01 17:32:27 - Agent.MusicAgent - INFO - [MusicAgent] Episode 1: 125.4s, 5 reveals, cliffhanger at 123.4s
2026-06-01 17:32:27 - Agent.MusicAgent - INFO - [MusicAgent] Generating ambient (125s)...
2026-06-01 17:32:27 - Agent.MusicAgent - INFO - [MusicAgent] Loading MusicGen small...
2026-06-01 17:37:01 - Agent.MusicAgent - INFO - [MusicAgent] Saved: outputs\music\ep1_ambient.wav (125.4s)
2026-06-01 17:37:01 - Agent.MusicAgent - INFO - [MusicAgent] Generating event-aware tension (125s, 17 EDL events)...
2026-06-01 17:37:01 - Agent.MusicAgent - INFO - [MusicAgent] Loading MusicGen small...
2026-06-01 17:41:42 - Agent.MusicAgent - INFO - [MusicAgent] Saved: outputs\music\ep1_tension.wav (125.4s)
2026-06-01 17:41:42 - Agent.MusicAgent - INFO - [MusicAgent] Generating sting...
2026-06-01 17:41:42 - Agent.MusicAgent - INFO - [MusicAgent] Loading MusicGen small...
2026-06-01 17:41:59 - Agent.MusicAgent - INFO - [MusicAgent] Saved: outputs\music\ep1_sting.wav (1.9s)
2026-06-01 17:41:59 - Agent.MusicAgent - INFO - [MusicAgent] Generating heartbeat (125s)...
2026-06-01 17:42:00 - Agent.MusicAgent - INFO - [MusicAgent] Saved: outputs\music\ep1_heartbeat.wav (125.4s)
2026-06-01 17:42:00 - Agent.MusicAgent - INFO - [MusicAgent] Generating strings (125s)...
2026-06-01 17:42:01 - Agent.MusicAgent - INFO - [MusicAgent] Saved: outputs\music\ep1_strings.wav (125.4s)
2026-06-01 17:42:01 - Agent.MusicAgent - INFO - [MusicAgent] Generating location-aware ambient (125s)...
2026-06-01 17:42:05 - Agent.MusicAgent - INFO - [MusicAgent] Saved: outputs\music\ep1_ambient_location.wav (125.4s)
2026-06-01 17:42:09 - Agent.MusicAgent - INFO - [MusicAgent] Saved: outputs\music\ep1_score.wav (125.4s)
2026-06-01 17:42:09 - Agent.MusicAgent - INFO - [MusicAgent] Arc score: outputs\music\ep1_score.wav (125.4s, 17 EDL events)
2026-06-01 17:42:09 - Agent.MusicAgent - INFO - [MusicAgent] Episode 1 music complete
