2026-05-23 19:39:13 - Agent.ImageGenerator - INFO - [ImageGenerator] Starting image generation (Agent 5a)...
2026-05-23 19:39:13 - Agent.ImageGenerator - INFO - [ImageGenerator] HuggingFace client initialized
2026-05-23 19:39:13 - Agent.ImageGenerator - INFO - [ImageGenerator] Phase 1: 8 anchor images at 1280x720...
2026-05-23 19:39:13 - Agent.ImageGenerator - INFO - [ImageGenerator] Anchor exists: 'Ravenshade Manor' — skipping
2026-05-23 19:39:15 - Agent.ImageGenerator - INFO - [ImageGenerator] Anchor exists: 'Virat's Apartment' — skipping
2026-05-23 19:39:17 - Agent.ImageGenerator - INFO - [ImageGenerator] Anchor exists: 'Police Archive Room' — skipping
2026-05-23 19:39:19 - Agent.ImageGenerator - INFO - [ImageGenerator] Anchor exists: 'Sophia's Office' — skipping
2026-05-23 19:39:21 - Agent.ImageGenerator - INFO - [ImageGenerator] Anchor exists: 'The Ashford Family Home (Past)' — skipping
2026-05-23 19:39:23 - Agent.ImageGenerator - INFO - [ImageGenerator] Anchor exists: 'The Highway Overpass (Past)' — skipping
2026-05-23 19:39:25 - Agent.ImageGenerator - INFO - [ImageGenerator] Anchor exists: 'Marcus's Study at Ravenshade' — skipping
2026-05-23 19:39:27 - Agent.ImageGenerator - INFO - [ImageGenerator] Anchor exists: 'The Police Station Interrogation Room' — skipping
2026-05-23 19:39:29 - Agent.ImageGenerator - INFO - [ImageGenerator] Phase 1 complete: 8/8
2026-05-23 19:39:29 - Agent.ImageGenerator - INFO - [ImageGenerator] Phase 2: Scene images for 1 episodes...
2026-05-23 19:39:29 - Agent.ImageGenerator - INFO - [ImageGenerator] Episode 1 scene images...
2026-05-23 19:39:29 - Agent.ImageGenerator - INFO - [ImageGenerator]   Scene 1: reusing anchor 'Virat's Apartment'
2026-05-23 19:39:29 - Agent.ImageGenerator - INFO - [ImageGenerator]   Scene 2: reusing anchor 'Ravenshade Manor'
2026-05-23 19:39:29 - Agent.ImageGenerator - INFO - [ImageGenerator]   Scene 3: reusing anchor 'Marcus's Study at Ravenshade'
2026-05-23 19:39:29 - Agent.ImageGenerator - INFO - [ImageGenerator]   Scene 4: reusing anchor 'Virat's Apartment'
2026-05-23 19:39:30 - Agent.ImageGenerator - INFO - [ImageGenerator] Phase 3: Reveal images for 1 episodes...
2026-05-23 19:39:30 - Agent.ImageGenerator - INFO - [ImageGenerator]   Episode 1: 6 reveals...
2026-05-23 19:39:30 - Agent.ImageGenerator - INFO - [ImageGenerator] Generating reveal [document] ep1 r1
