2026-05-30 23:35:59 - Agent.DepthParallax - INFO - [DepthParallax] Pre-computing depth maps...
2026-05-30 23:35:59 - Agent.DepthParallax - INFO - [DepthParallax] Computing depth maps for 14 images...
2026-05-30 23:35:59 - Agent.DepthParallax - INFO - [DepthParallax] Depth Anything V2 available via transformers
2026-05-30 23:35:59 - Agent.DepthParallax - INFO - [DepthParallax] Loading Depth Anything V2 Small (~100MB first run)...
2026-05-30 23:36:01 - Agent.DepthParallax - INFO - [DepthParallax] Depth model loaded
2026-05-30 23:36:03 - Agent.DepthParallax - INFO - [DepthParallax] Depth map generated and cached: ep1_reveal1_evidence_d0e72807_depth.npy
2026-05-30 23:36:04 - Agent.DepthParallax - INFO - [DepthParallax] Depth map generated and cached: noras_studio_apartment_depth.npy
2026-05-30 23:36:05 - Agent.DepthParallax - INFO - [DepthParallax] Depth map generated and cached: ep1_reveal4_location_detail_d0e72807_depth.npy
2026-05-30 23:36:06 - Agent.DepthParallax - INFO - [DepthParallax] Depth map generated and cached: the_blackout_district__meridian_street_depth.npy
2026-05-30 23:36:07 - Agent.DepthParallax - INFO - [DepthParallax] Depth map generated and cached: ep1_reveal3_evidence_d0e72807_depth.npy
2026-05-30 23:36:08 - Agent.DepthParallax - INFO - [DepthParallax] Depth map generated and cached: the_ardent_systems_building_depth.npy
2026-05-30 23:36:09 - Agent.DepthParallax - INFO - [DepthParallax] Depth map generated and cached: warren_holts_house_depth.npy
2026-05-30 23:36:11 - Agent.DepthParallax - INFO - [DepthParallax] Depth map generated and cached: ep1_reveal2_evidence_d0e72807_depth.npy
2026-05-30 23:36:12 - Agent.DepthParallax - INFO - [DepthParallax] Depth map generated and cached: ep1_reveal5_evidence_d0e72807_depth.npy
2026-05-30 23:36:13 - Agent.DepthParallax - INFO - [DepthParallax] Depth map generated and cached: petra_solms_apartment_depth.npy
2026-05-30 23:36:14 - Agent.DepthParallax - INFO - [DepthParallax] Depth map generated and cached: the_transit_corridor_depth.npy
2026-05-30 23:36:16 - Agent.DepthParallax - INFO - [DepthParallax] Depth map generated and cached: ep1_scene4_noras_studio_apartment_depth.npy
2026-05-30 23:36:17 - Agent.DepthParallax - INFO - [DepthParallax] Depth map generated and cached: ep1_scene2_noras_studio_apartment_depth.npy
2026-05-30 23:36:18 - Agent.DepthParallax - INFO - [DepthParallax] Depth map generated and cached: rheas_office_at_the_municipal_communications_building_depth.npy
2026-05-30 23:36:18 - Agent.DepthParallax - INFO - [DepthParallax] Depth maps ready: 14 new, 0 cached
