2026-05-23 14:28:46 - Agent.EditPlanner - INFO - [EditPlanner] Building edit decision lists (Agent 6a)...
2026-05-23 14:28:46 - Agent.EditPlanner - INFO - [EditPlanner] Planning episode 1...
2026-05-23 14:28:46 - Agent.EditPlanner - INFO - [EditPlanner] Building EDL for episode 1...
2026-05-23 14:28:46 - Agent.EditPlanner - INFO - [EditPlanner] Total audio duration: 55760ms (55.8s)
2026-05-23 14:28:46 - Agent.EditPlanner - INFO - [EditPlanner] EDL built: 16 entries, 5 reveals, total 55.8s
2026-05-23 14:28:46 - Agent.EditPlanner - INFO - [EditPlanner] EDL saved: outputs/episode_1_edl.json
2026-05-23 14:28:46 - Agent.EditPlanner - INFO - [EditPlanner] Edit planning complete: 1 EDLs built
2026-05-23 14:28:46 - Agent.VideoCompositor - INFO - [VideoCompositor] Starting video composition (Agent 6b)...
2026-05-23 14:28:46 - Agent.VideoCompositor - INFO - [VideoCompositor] Rendering episode 1...
2026-05-23 15:13:50 - Agent.VideoCompositor - INFO - [VideoCompositor] Episode 1: 2663 frames (111.0s)
2026-05-23 15:13:50 - Agent.VideoCompositor - INFO - [VideoCompositor] Writing 2663 frames to temp file...
2026-05-23 15:14:56 - Agent.VideoCompositor - INFO - [VideoCompositor] Encoding with FFmpeg...
2026-05-23 15:15:55 - Agent.VideoCompositor - INFO - [VideoCompositor] Video encoded
2026-05-23 15:15:56 - Agent.VideoCompositor - WARNING - [VideoCompositor] Dynamic mix failed, using simple mix: 5|29.26/0.28|31.76/0.0|34.26/0.15|40.01/0.28|42.51/0.0|45.01/0.15|45.38/0.28|47.88/0.0|50.38/0.15|55.76/0.08'
[AVFilterGraph @ 000001ebe09bb7c0] Error initializing filters
Error : Invalid argument

2026-05-23 15:15:57 - Agent.VideoCompositor - INFO - [VideoCompositor] Simple audio mixed: outputs/final/ep1_mixed_audio.aac
2026-05-23 15:15:58 - Agent.VideoCompositor - INFO - [VideoCompositor] Final: outputs/final/episode_1.mp4
2026-05-23 15:15:58 - Agent.VideoCompositor - INFO - [VideoCompositor] Episode 1 complete: outputs/final/episode_1.mp4
2026-05-23 15:15:59 - Agent.VideoCompositor - INFO - [VideoCompositor] Composition complete: 1/1
