2026-05-21 12:46:13 - Agent.PromptCorrector - INFO - [PromptCorrector] Starting visual prompt correction for Episode 1...
2026-05-21 12:46:13 - Agent.PromptCorrector - INFO - [PromptCorrector] Analyzing 7 anchor images...
2026-05-21 12:46:13 - Agent.PromptCorrector - INFO - [PromptCorrector]   Analyzing: St. Mercy Hospital ICU
2026-05-21 12:46:17 - Agent.PromptCorrector - INFO - [PromptCorrector] Image analyzed: 602 chars
2026-05-21 12:46:17 - Agent.PromptCorrector - INFO - [PromptCorrector]   Analyzing: Sarah's Apartment
2026-05-21 12:46:20 - Agent.PromptCorrector - INFO - [PromptCorrector] Image analyzed: 512 chars
2026-05-21 12:46:20 - Agent.PromptCorrector - INFO - [PromptCorrector]   Analyzing: Marcus's Office
2026-05-21 12:46:23 - Agent.PromptCorrector - INFO - [PromptCorrector] Image analyzed: 575 chars
2026-05-21 12:46:23 - Agent.PromptCorrector - INFO - [PromptCorrector]   Analyzing: Hospital Basement and Sub-Level Storage
2026-05-21 12:46:27 - Agent.PromptCorrector - INFO - [PromptCorrector] Image analyzed: 588 chars
2026-05-21 12:46:27 - Agent.PromptCorrector - INFO - [PromptCorrector]   Analyzing: ICU Patient Room 412
2026-05-21 12:46:30 - Agent.PromptCorrector - INFO - [PromptCorrector] Image analyzed: 611 chars
2026-05-21 12:46:30 - Agent.PromptCorrector - INFO - [PromptCorrector]   Analyzing: The Parking Garage
2026-05-21 12:46:34 - Agent.PromptCorrector - INFO - [PromptCorrector] Image analyzed: 538 chars
2026-05-21 12:46:34 - Agent.PromptCorrector - INFO - [PromptCorrector]   Analyzing: City Police Station - Interview Room
2026-05-21 12:46:37 - Agent.PromptCorrector - INFO - [PromptCorrector] Image analyzed: 540 chars
2026-05-21 12:46:37 - Agent.PromptCorrector - INFO - [PromptCorrector] Rewriting 6 Episode 1 prompts...
2026-05-21 12:46:37 - Agent.PromptCorrector - WARNING - [PromptCorrector]   Scene 1 — no matching image found for: unknown
2026-05-21 12:46:37 - Agent.PromptCorrector - WARNING - [PromptCorrector]   Scene 2 — no matching image found for: unknown
2026-05-21 12:46:37 - Agent.PromptCorrector - WARNING - [PromptCorrector]   Scene 3 — no matching image found for: unknown
2026-05-21 12:46:37 - Agent.PromptCorrector - WARNING - [PromptCorrector]   Scene 4 — no matching image found for: unknown
2026-05-21 12:46:37 - Agent.PromptCorrector - WARNING - [PromptCorrector]   Scene 5 — no matching image found for: unknown
2026-05-21 12:46:37 - Agent.PromptCorrector - WARNING - [PromptCorrector]   Scene 6 — no matching image found for: unknown
2026-05-21 12:46:37 - Agent.PromptCorrector - INFO - [PromptCorrector] Prompt correction complete: 0/6 corrected
