2026-05-21 13:11:08 - Agent.PromptCorrector - INFO - [PromptCorrector] Starting visual prompt correction for Episode 1...
2026-05-21 13:11:08 - Agent.PromptCorrector - INFO - [PromptCorrector] Analyzing 7 anchor images...
2026-05-21 13:11:08 - Agent.PromptCorrector - INFO - [PromptCorrector]   Analyzing: St. Mercy Hospital ICU
2026-05-21 13:11:12 - Agent.PromptCorrector - INFO - [PromptCorrector] Image analyzed: 596 chars
2026-05-21 13:11:12 - Agent.PromptCorrector - INFO - [PromptCorrector]   Analyzing: Sarah's Apartment
2026-05-21 13:11:15 - Agent.PromptCorrector - INFO - [PromptCorrector] Image analyzed: 566 chars
2026-05-21 13:11:15 - Agent.PromptCorrector - INFO - [PromptCorrector]   Analyzing: Marcus's Office
2026-05-21 13:11:21 - Agent.PromptCorrector - INFO - [PromptCorrector] Image analyzed: 587 chars
2026-05-21 13:11:21 - Agent.PromptCorrector - INFO - [PromptCorrector]   Analyzing: Hospital Basement and Sub-Level Storage
2026-05-21 13:11:24 - Agent.PromptCorrector - INFO - [PromptCorrector] Image analyzed: 521 chars
2026-05-21 13:11:24 - Agent.PromptCorrector - INFO - [PromptCorrector]   Analyzing: ICU Patient Room 412
2026-05-21 13:11:27 - Agent.PromptCorrector - INFO - [PromptCorrector] Image analyzed: 519 chars
2026-05-21 13:11:27 - Agent.PromptCorrector - INFO - [PromptCorrector]   Analyzing: The Parking Garage
2026-05-21 13:11:30 - Agent.PromptCorrector - INFO - [PromptCorrector] Image analyzed: 566 chars
2026-05-21 13:11:30 - Agent.PromptCorrector - INFO - [PromptCorrector]   Analyzing: City Police Station - Interview Room
2026-05-21 13:11:32 - Agent.PromptCorrector - INFO - [PromptCorrector] Image analyzed: 473 chars
2026-05-21 13:11:32 - Agent.PromptCorrector - INFO - [PromptCorrector] Rewriting 8 Episode 1 prompts...
2026-05-21 13:11:32 - Agent.PromptCorrector - WARNING - [PromptCorrector]   Scene 1 — no matching image found for: unknown
2026-05-21 13:11:32 - Agent.PromptCorrector - WARNING - [PromptCorrector]   Scene 2 — no matching image found for: unknown
2026-05-21 13:11:32 - Agent.PromptCorrector - WARNING - [PromptCorrector]   Scene 3 — no matching image found for: unknown
2026-05-21 13:11:32 - Agent.PromptCorrector - WARNING - [PromptCorrector]   Scene 4 — no matching image found for: unknown
2026-05-21 13:11:32 - Agent.PromptCorrector - WARNING - [PromptCorrector]   Scene 5 — no matching image found for: unknown
2026-05-21 13:11:32 - Agent.PromptCorrector - WARNING - [PromptCorrector]   Scene 6 — no matching image found for: unknown
2026-05-21 13:11:32 - Agent.PromptCorrector - WARNING - [PromptCorrector]   Scene 7 — no matching image found for: unknown
2026-05-21 13:11:32 - Agent.PromptCorrector - WARNING - [PromptCorrector]   Scene 8 — no matching image found for: unknown
2026-05-21 13:11:32 - Agent.PromptCorrector - INFO - [PromptCorrector] Prompt correction complete: 0/8 corrected
