2026-05-24 12:59:49 - Agent.WhisperAlignment - INFO - [WhisperAlignment] Running Whisper word alignment...
2026-05-24 12:59:50 - Agent.WhisperAlignment - INFO - [WhisperAlignment] Loading Whisper base model...
2026-05-24 12:59:59 - Agent.WhisperAlignment - INFO - [WhisperAlignment] Whisper model loaded
2026-05-24 12:59:59 - Agent.WhisperAlignment - INFO - [WhisperAlignment] Running Whisper alignment on outputs/audio/episode_1_voiceover.wav...
2026-05-24 13:00:06 - Agent.WhisperAlignment - INFO - [WhisperAlignment] Episode 1: 86 words aligned
2026-05-24 13:00:06 - Agent.WhisperAlignment - INFO - [WhisperAlignment] Episode 1: 86 words aligned, span 0ms → 50380ms
2026-05-24 13:00:06 - Agent.DepthParallax - INFO - [DepthParallax] Pre-computing depth maps...
2026-05-24 13:00:06 - Agent.DepthParallax - INFO - [DepthParallax] Computing depth maps for 19 images...
2026-05-24 13:00:06 - Agent.DepthParallax - INFO - [DepthParallax] Depth Anything V2 available via transformers
2026-05-24 13:00:06 - Agent.DepthParallax - INFO - [DepthParallax] Loading Depth Anything V2 Small (~100MB first run)...
2026-05-24 13:00:07 - Agent.DepthParallax - INFO - [DepthParallax] Depth model loaded
2026-05-24 13:00:08 - Agent.DepthParallax - INFO - [DepthParallax] Depth map generated and cached: ep1_scene4_virats_apartment_depth.npy
2026-05-24 13:00:09 - Agent.DepthParallax - INFO - [DepthParallax] Depth map generated and cached: ep1_scene9_marcuss_study_at_ravenshade_depth.npy
2026-05-24 13:00:09 - Agent.DepthParallax - INFO - [DepthParallax] Depth maps ready: 2 new, 17 cached
2026-05-24 13:00:09 - Agent.MusicAgent - INFO - [MusicAgent] Music generation (MusicGen: True)...
2026-05-24 13:00:09 - Agent.MusicAgent - INFO - [MusicAgent] Deleted old: ep1_ambient.wav
2026-05-24 13:00:09 - Agent.MusicAgent - INFO - [MusicAgent] Deleted old: ep1_tension.wav
2026-05-24 13:00:09 - Agent.MusicAgent - INFO - [MusicAgent] Deleted old: ep1_sting.wav
2026-05-24 13:00:09 - Agent.MusicAgent - INFO - [MusicAgent] Episode 1 music...
2026-05-24 13:00:09 - Agent.MusicAgent - INFO - [MusicAgent] Generating ambient (59s)...
2026-05-24 13:00:09 - Agent.MusicAgent - INFO - [MusicAgent] Loading MusicGen small...
2026-05-24 13:03:20 - Agent.MusicAgent - INFO - [MusicAgent] Saved: outputs\music\ep1_ambient.wav (58.8s)
2026-05-24 13:03:20 - Agent.MusicAgent - INFO - [MusicAgent] Generating tension (59s)...
2026-05-24 13:03:20 - Agent.MusicAgent - INFO - [MusicAgent] Loading MusicGen small...
2026-05-24 13:06:31 - Agent.MusicAgent - INFO - [MusicAgent] Saved: outputs\music\ep1_tension.wav (58.8s)
2026-05-24 13:06:31 - Agent.MusicAgent - INFO - [MusicAgent] Generating sting...
2026-05-24 13:06:31 - Agent.MusicAgent - INFO - [MusicAgent] Loading MusicGen small...
2026-05-24 13:06:42 - Agent.MusicAgent - INFO - [MusicAgent] Saved: outputs\music\ep1_sting.wav (1.5s)
2026-05-24 13:06:42 - Agent.MusicAgent - INFO - [MusicAgent] Generating location-aware ambient (59s)...
2026-05-24 13:06:42 - Agent.MusicAgent - INFO - [MusicAgent] Saved: outputs\music\ep1_ambient_location.wav (58.8s)
2026-05-24 13:06:42 - Agent.MusicAgent - INFO - [MusicAgent] Episode 1 music complete
