2026-05-24 12:58:00 - Agent.NarrationDirector - INFO - [NarrationDirector] Structuring narration for all episodes...
2026-05-24 12:58:00 - Agent.NarrationDirector - INFO - [NarrationDirector]   Structuring episode 1...
2026-05-24 12:58:05 - Agent.NarrationDirector - INFO - [NarrationDirector] Narration structured into 9 chunks
2026-05-24 12:58:05 - Agent.NarrationDirector - INFO - [NarrationDirector]   Episode 1: 9 chunks
2026-05-24 12:58:05 - Agent.NarrationDirector - INFO - [NarrationDirector] Narration direction complete
2026-05-24 12:58:05 - Agent.SceneDirector - INFO - [SceneDirector] Directing episode 1...
2026-05-24 12:58:05 - Agent.SceneDirector - INFO - [SceneDirector] Character profiles: ['Virat Kohli', 'Marcus Ashford', 'Priya Ashford', 'Dr. Sophia Chen', 'James Ashford', 'Inspector Rao']
2026-05-24 12:58:15 - Agent.SceneDirector - INFO - [SceneDirector] Episode 1: 9 narrative moments designed
2026-05-24 12:58:21 - Agent.SceneDirector - INFO - [SceneDirector] Episode 1: 5 reveal moments
2026-05-24 12:58:21 - Agent.SceneDirector - INFO - [SceneDirector] Episode 1: 9 scenes (1 per chunk), 5 reveals, ~78s
2026-05-24 12:58:21 - Agent.ImageGenerator - INFO - [ImageGenerator] Starting image generation (Agent 5a)...
2026-05-24 12:58:21 - Agent.ImageGenerator - INFO - [ImageGenerator] HuggingFace client initialized
2026-05-24 12:58:21 - Agent.ImageGenerator - INFO - [ImageGenerator] Phase 1: 8 anchor images at 1280x720...
2026-05-24 12:58:21 - Agent.ImageGenerator - INFO - [ImageGenerator] Anchor exists: 'Ravenshade Manor' — skipping
2026-05-24 12:58:23 - Agent.ImageGenerator - INFO - [ImageGenerator] Anchor exists: 'Virat's Apartment' — skipping
2026-05-24 12:58:25 - Agent.ImageGenerator - INFO - [ImageGenerator] Anchor exists: 'Police Archive Room' — skipping
2026-05-24 12:58:27 - Agent.ImageGenerator - INFO - [ImageGenerator] Anchor exists: 'Sophia's Office' — skipping
2026-05-24 12:58:29 - Agent.ImageGenerator - INFO - [ImageGenerator] Anchor exists: 'The Ashford Family Home (Past)' — skipping
2026-05-24 12:58:31 - Agent.ImageGenerator - INFO - [ImageGenerator] Anchor exists: 'The Highway Overpass (Past)' — skipping
2026-05-24 12:58:33 - Agent.ImageGenerator - INFO - [ImageGenerator] Anchor exists: 'Marcus's Study at Ravenshade' — skipping
2026-05-24 12:58:35 - Agent.ImageGenerator - INFO - [ImageGenerator] Anchor exists: 'The Police Station Interrogation Room' — skipping
2026-05-24 12:58:37 - Agent.ImageGenerator - INFO - [ImageGenerator] Phase 1 complete: 8/8
2026-05-24 12:58:37 - Agent.ImageGenerator - INFO - [ImageGenerator] Phase 2: Scene images for 1 episodes...
2026-05-24 12:58:37 - Agent.ImageGenerator - INFO - [ImageGenerator] Episode 1 scene images...
2026-05-24 12:58:37 - Agent.ImageGenerator - INFO - [ImageGenerator]   Scene 1: reusing anchor 'Virat's Apartment' (location shot)
2026-05-24 12:58:37 - Agent.ImageGenerator - INFO - [ImageGenerator]   Scene 2: existing reused
2026-05-24 12:58:37 - Agent.ImageGenerator - INFO - [ImageGenerator]   Scene 3: existing reused
2026-05-24 12:58:44 - Agent.ImageGenerator - INFO - [ImageGenerator]   Scene 4: generated 'Virat's Apartment'
2026-05-24 12:58:45 - Agent.ImageGenerator - INFO - [ImageGenerator]   Scene 5: reusing anchor 'Ravenshade Manor' (location shot)
2026-05-24 12:58:45 - Agent.ImageGenerator - INFO - [ImageGenerator]   Scene 6: reusing anchor 'Marcus's Study at Ravenshade' (location shot)
2026-05-24 12:58:45 - Agent.ImageGenerator - INFO - [ImageGenerator]   Scene 7: existing reused
2026-05-24 12:58:45 - Agent.ImageGenerator - INFO - [ImageGenerator]   Scene 8: existing reused
2026-05-24 12:58:50 - Agent.ImageGenerator - INFO - [ImageGenerator]   Scene 9: generated 'Marcus's Study at Ravenshade'
2026-05-24 12:58:52 - Agent.ImageGenerator - INFO - [ImageGenerator] Phase 3: Reveal images for 1 episodes...
2026-05-24 12:58:52 - Agent.ImageGenerator - INFO - [ImageGenerator]   Episode 1: 5 reveals...
2026-05-24 12:58:52 - Agent.ImageGenerator - INFO - [ImageGenerator] Reveal exists: ep1_reveal1_location_detail.png — skipping
2026-05-24 12:58:52 - Agent.ImageGenerator - INFO - [ImageGenerator]     Reveal 1: location_detail saved
2026-05-24 12:58:54 - Agent.ImageGenerator - INFO - [ImageGenerator] Reveal exists: ep1_reveal2_evidence.png — skipping
2026-05-24 12:58:54 - Agent.ImageGenerator - INFO - [ImageGenerator]     Reveal 2: evidence saved
2026-05-24 12:58:56 - Agent.ImageGenerator - INFO - [ImageGenerator] Reveal exists: ep1_reveal3_subject.png — skipping
2026-05-24 12:58:56 - Agent.ImageGenerator - INFO - [ImageGenerator]     Reveal 3: subject saved
2026-05-24 12:58:58 - Agent.ImageGenerator - INFO - [ImageGenerator] Reveal exists: ep1_reveal4_document.png — skipping
2026-05-24 12:58:58 - Agent.ImageGenerator - INFO - [ImageGenerator]     Reveal 4: document saved
2026-05-24 12:59:00 - Agent.ImageGenerator - INFO - [ImageGenerator] Generating reveal [evidence] ep1 r5
2026-05-24 12:59:06 - Agent.ImageGenerator - INFO - [ImageGenerator] Saved reveal: outputs\reveal_images\ep1_reveal5_evidence.png
2026-05-24 12:59:06 - Agent.ImageGenerator - INFO - [ImageGenerator]     Reveal 5: evidence saved
2026-05-24 12:59:08 - Agent.ImageGenerator - INFO - [ImageGenerator] Image generation complete — 8 anchors, 9 scenes, 5 reveals | All at 1280x720 (16:9)
2026-05-24 12:59:08 - Agent.PromptCorrector - INFO - [PromptCorrector] Starting visual prompt correction for Episode 1...
2026-05-24 12:59:08 - Agent.PromptCorrector - INFO - [PromptCorrector] Analyzing 8 anchor images...
2026-05-24 12:59:08 - Agent.PromptCorrector - INFO - [PromptCorrector]   Analyzing: Ravenshade Manor
2026-05-24 12:59:11 - Agent.PromptCorrector - INFO - [PromptCorrector] Image analyzed: 552 chars
2026-05-24 12:59:11 - Agent.PromptCorrector - INFO - [PromptCorrector]   Analyzing: Virat's Apartment
2026-05-24 12:59:14 - Agent.PromptCorrector - INFO - [PromptCorrector] Image analyzed: 512 chars
2026-05-24 12:59:14 - Agent.PromptCorrector - INFO - [PromptCorrector]   Analyzing: Police Archive Room
2026-05-24 12:59:17 - Agent.PromptCorrector - INFO - [PromptCorrector] Image analyzed: 467 chars
2026-05-24 12:59:17 - Agent.PromptCorrector - INFO - [PromptCorrector]   Analyzing: Sophia's Office
2026-05-24 12:59:20 - Agent.PromptCorrector - INFO - [PromptCorrector] Image analyzed: 669 chars
2026-05-24 12:59:20 - Agent.PromptCorrector - INFO - [PromptCorrector]   Analyzing: The Ashford Family Home (Past)
2026-05-24 12:59:23 - Agent.PromptCorrector - INFO - [PromptCorrector] Image analyzed: 520 chars
2026-05-24 12:59:23 - Agent.PromptCorrector - INFO - [PromptCorrector]   Analyzing: The Highway Overpass (Past)
2026-05-24 12:59:27 - Agent.PromptCorrector - INFO - [PromptCorrector] Image analyzed: 546 chars
2026-05-24 12:59:27 - Agent.PromptCorrector - INFO - [PromptCorrector]   Analyzing: Marcus's Study at Ravenshade
2026-05-24 12:59:30 - Agent.PromptCorrector - INFO - [PromptCorrector] Image analyzed: 636 chars
2026-05-24 12:59:30 - Agent.PromptCorrector - INFO - [PromptCorrector]   Analyzing: The Police Station Interrogation Room
2026-05-24 12:59:33 - Agent.PromptCorrector - INFO - [PromptCorrector] Image analyzed: 561 chars
2026-05-24 12:59:33 - Agent.PromptCorrector - INFO - [PromptCorrector] Rewriting 9 Episode 1 prompts...
2026-05-24 12:59:34 - Agent.PromptCorrector - INFO - [PromptCorrector]   Scene 1 corrected
2026-05-24 12:59:36 - Agent.PromptCorrector - INFO - [PromptCorrector]   Scene 2 corrected
2026-05-24 12:59:38 - Agent.PromptCorrector - INFO - [PromptCorrector]   Scene 3 corrected
2026-05-24 12:59:40 - Agent.PromptCorrector - INFO - [PromptCorrector]   Scene 4 corrected
2026-05-24 12:59:41 - Agent.PromptCorrector - INFO - [PromptCorrector]   Scene 5 corrected
2026-05-24 12:59:44 - Agent.PromptCorrector - INFO - [PromptCorrector]   Scene 6 corrected
2026-05-24 12:59:45 - Agent.PromptCorrector - INFO - [PromptCorrector]   Scene 7 corrected
2026-05-24 12:59:48 - Agent.PromptCorrector - INFO - [PromptCorrector]   Scene 8 corrected
2026-05-24 12:59:49 - Agent.PromptCorrector - INFO - [PromptCorrector]   Scene 9 corrected
2026-05-24 12:59:49 - Agent.PromptCorrector - INFO - [PromptCorrector] Prompt correction complete: 9/9 corrected
