2026-05-25 09:33:24 - Agent.WhisperAlignment - INFO - [WhisperAlignment] Running Whisper word alignment...
2026-05-25 09:33:24 - Agent.WhisperAlignment - INFO - [WhisperAlignment] Loading Whisper base model...
2026-05-25 09:33:25 - Agent.WhisperAlignment - INFO - [WhisperAlignment] Whisper model loaded
2026-05-25 09:33:25 - Agent.WhisperAlignment - INFO - [WhisperAlignment] Running Whisper alignment on outputs/audio/episode_1_voiceover.wav...
2026-05-25 09:33:33 - Agent.WhisperAlignment - INFO - [WhisperAlignment] Episode 1: 86 words aligned
2026-05-25 09:33:33 - Agent.WhisperAlignment - INFO - [WhisperAlignment] Episode 1: 86 words aligned, span 0ms → 50380ms
2026-05-25 09:33:33 - Agent.SceneDirector - INFO - [SceneDirector] Directing episode 1...
2026-05-25 09:33:33 - Agent.SceneDirector - INFO - [SceneDirector]   Scene 1/8 [establish] — Ravenshade Manor
2026-05-25 09:33:33 - Agent.SceneDirector - INFO - [SceneDirector]   Scene 2/8 [establish] — Virat's Apartment
2026-05-25 09:33:33 - Agent.SceneDirector - INFO - [SceneDirector]   Scene 3/8 [build] — Police Archive Room
2026-05-25 09:33:33 - Agent.SceneDirector - INFO - [SceneDirector]   Scene 4/8 [build] — Sophia's Office
2026-05-25 09:33:33 - Agent.SceneDirector - INFO - [SceneDirector]   Scene 5/8 [investigation] — The Ashford Family Home (Past)
2026-05-25 09:33:33 - Agent.SceneDirector - INFO - [SceneDirector]   Scene 6/8 [revelation] — The Highway Overpass (Past)
2026-05-25 09:33:33 - Agent.SceneDirector - INFO - [SceneDirector]   Scene 7/8 [cliffhanger] — Marcus's Study at Ravenshade
2026-05-25 09:33:33 - Agent.SceneDirector - INFO - [SceneDirector]   Scene 8/8 [cliffhanger] — The Police Station Interrogation Room
2026-05-25 09:33:39 - Agent.SceneDirector - INFO - [SceneDirector] Episode 1: 5 reveal moments
2026-05-25 09:33:39 - Agent.SceneDirector - INFO - [SceneDirector] Episode 1: 8 scenes, 5 reveals, ~67s
2026-05-25 09:33:39 - Agent.ImageGenerator - INFO - [ImageGenerator] Starting image generation (Agent 5a)...
2026-05-25 09:33:39 - Agent.ImageGenerator - INFO - [ImageGenerator] HuggingFace client initialized
2026-05-25 09:33:39 - Agent.ImageGenerator - INFO - [ImageGenerator] Phase 1: 8 anchor images at 1280x720...
2026-05-25 09:33:39 - Agent.ImageGenerator - INFO - [ImageGenerator] Anchor exists: 'Ravenshade Manor' — skipping
2026-05-25 09:33:41 - Agent.ImageGenerator - INFO - [ImageGenerator] Anchor exists: 'Virat's Apartment' — skipping
2026-05-25 09:33:43 - Agent.ImageGenerator - INFO - [ImageGenerator] Anchor exists: 'Police Archive Room' — skipping
2026-05-25 09:33:45 - Agent.ImageGenerator - INFO - [ImageGenerator] Anchor exists: 'Sophia's Office' — skipping
2026-05-25 09:33:47 - Agent.ImageGenerator - INFO - [ImageGenerator] Anchor exists: 'The Ashford Family Home (Past)' — skipping
2026-05-25 09:33:49 - Agent.ImageGenerator - INFO - [ImageGenerator] Anchor exists: 'The Highway Overpass (Past)' — skipping
2026-05-25 09:33:51 - Agent.ImageGenerator - INFO - [ImageGenerator] Anchor exists: 'Marcus's Study at Ravenshade' — skipping
2026-05-25 09:33:53 - Agent.ImageGenerator - INFO - [ImageGenerator] Anchor exists: 'The Police Station Interrogation Room' — skipping
2026-05-25 09:33:55 - Agent.ImageGenerator - INFO - [ImageGenerator] Phase 1 complete: 8/8
2026-05-25 09:33:55 - Agent.ImageGenerator - INFO - [ImageGenerator] Phase 2: Scene images for 1 episodes...
2026-05-25 09:33:55 - Agent.ImageGenerator - INFO - [ImageGenerator] Episode 1 scene images...
2026-05-25 09:33:55 - Agent.ImageGenerator - INFO - [ImageGenerator]   Scene 1: reusing anchor 'Ravenshade Manor' (location shot)
2026-05-25 09:33:55 - Agent.ImageGenerator - INFO - [ImageGenerator]   Scene 2: reusing anchor 'Virat's Apartment' (location shot)
2026-05-25 09:33:55 - Agent.ImageGenerator - INFO - [ImageGenerator]   Scene 3: reusing anchor 'Police Archive Room' (location shot)
2026-05-25 09:33:55 - Agent.ImageGenerator - INFO - [ImageGenerator]   Scene 4: reusing anchor 'Sophia's Office' (location shot)
2026-05-25 09:33:55 - Agent.ImageGenerator - INFO - [ImageGenerator]   Scene 5: reusing anchor 'The Ashford Family Home (Past)' (location shot)
2026-05-25 09:33:55 - Agent.ImageGenerator - INFO - [ImageGenerator]   Scene 6: reusing anchor 'The Highway Overpass (Past)' (location shot)
2026-05-25 09:33:55 - Agent.ImageGenerator - INFO - [ImageGenerator]   Scene 7: reusing anchor 'Marcus's Study at Ravenshade' (location shot)
2026-05-25 09:33:55 - Agent.ImageGenerator - INFO - [ImageGenerator]   Scene 8: reusing anchor 'The Police Station Interrogation Room' (location shot)
2026-05-25 09:33:56 - Agent.ImageGenerator - INFO - [ImageGenerator] Phase 3: Reveal images for 1 episodes...
2026-05-25 09:33:56 - Agent.ImageGenerator - INFO - [ImageGenerator]   Episode 1: 5 reveals...
2026-05-25 09:33:56 - Agent.ImageGenerator - INFO - [ImageGenerator] Generating reveal [document] ep1 r1
2026-05-25 09:34:04 - Agent.ImageGenerator - INFO - [ImageGenerator] Saved reveal: outputs\reveal_images\ep1_reveal1_document.png
2026-05-25 09:34:04 - Agent.ImageGenerator - INFO - [ImageGenerator]     Reveal 1: document saved
2026-05-25 09:34:06 - Agent.ImageGenerator - INFO - [ImageGenerator] Generating reveal [location_detail] ep1 r2
2026-05-25 09:34:11 - Agent.ImageGenerator - INFO - [ImageGenerator] Saved reveal: outputs\reveal_images\ep1_reveal2_location_detail.png
2026-05-25 09:34:11 - Agent.ImageGenerator - INFO - [ImageGenerator]     Reveal 2: location_detail saved
2026-05-25 09:34:13 - Agent.ImageGenerator - INFO - [ImageGenerator] Reveal exists: ep1_reveal3_subject.png — skipping
2026-05-25 09:34:13 - Agent.ImageGenerator - INFO - [ImageGenerator]     Reveal 3: subject saved
2026-05-25 09:34:15 - Agent.ImageGenerator - INFO - [ImageGenerator] Generating reveal [evidence] ep1 r4
2026-05-25 09:34:18 - Agent.ImageGenerator - INFO - [ImageGenerator] Saved reveal: outputs\reveal_images\ep1_reveal4_evidence.png
2026-05-25 09:34:18 - Agent.ImageGenerator - INFO - [ImageGenerator]     Reveal 4: evidence saved
2026-05-25 09:34:20 - Agent.ImageGenerator - INFO - [ImageGenerator] Reveal exists: ep1_reveal5_evidence.png — skipping
2026-05-25 09:34:20 - Agent.ImageGenerator - INFO - [ImageGenerator]     Reveal 5: evidence saved
2026-05-25 09:34:22 - Agent.ImageGenerator - INFO - [ImageGenerator] Image generation complete — 8 anchors, 8 scenes, 5 reveals | All at 1280x720 (16:9)
2026-05-25 09:34:22 - Agent.PromptCorrector - INFO - [PromptCorrector] Starting visual prompt correction for Episode 1...
2026-05-25 09:34:22 - Agent.PromptCorrector - INFO - [PromptCorrector] Analyzing 8 anchor images...
2026-05-25 09:34:22 - Agent.PromptCorrector - INFO - [PromptCorrector]   Analyzing: Ravenshade Manor
2026-05-25 09:34:25 - Agent.PromptCorrector - INFO - [PromptCorrector] Image analyzed: 535 chars
2026-05-25 09:34:25 - Agent.PromptCorrector - INFO - [PromptCorrector]   Analyzing: Virat's Apartment
2026-05-25 09:34:28 - Agent.PromptCorrector - INFO - [PromptCorrector] Image analyzed: 537 chars
2026-05-25 09:34:28 - Agent.PromptCorrector - INFO - [PromptCorrector]   Analyzing: Police Archive Room
2026-05-25 09:34:31 - Agent.PromptCorrector - INFO - [PromptCorrector] Image analyzed: 562 chars
2026-05-25 09:34:31 - Agent.PromptCorrector - INFO - [PromptCorrector]   Analyzing: Sophia's Office
2026-05-25 09:34:34 - Agent.PromptCorrector - INFO - [PromptCorrector] Image analyzed: 544 chars
2026-05-25 09:34:34 - Agent.PromptCorrector - INFO - [PromptCorrector]   Analyzing: The Ashford Family Home (Past)
2026-05-25 09:34:37 - Agent.PromptCorrector - INFO - [PromptCorrector] Image analyzed: 507 chars
2026-05-25 09:34:37 - Agent.PromptCorrector - INFO - [PromptCorrector]   Analyzing: The Highway Overpass (Past)
2026-05-25 09:34:40 - Agent.PromptCorrector - INFO - [PromptCorrector] Image analyzed: 556 chars
2026-05-25 09:34:40 - Agent.PromptCorrector - INFO - [PromptCorrector]   Analyzing: Marcus's Study at Ravenshade
2026-05-25 09:34:43 - Agent.PromptCorrector - INFO - [PromptCorrector] Image analyzed: 528 chars
2026-05-25 09:34:43 - Agent.PromptCorrector - INFO - [PromptCorrector]   Analyzing: The Police Station Interrogation Room
2026-05-25 09:34:46 - Agent.PromptCorrector - INFO - [PromptCorrector] Image analyzed: 507 chars
2026-05-25 09:34:46 - Agent.PromptCorrector - INFO - [PromptCorrector] Rewriting 8 Episode 1 prompts...
2026-05-25 09:34:48 - Agent.PromptCorrector - INFO - [PromptCorrector]   Scene 1 corrected
2026-05-25 09:34:50 - Agent.PromptCorrector - INFO - [PromptCorrector]   Scene 2 corrected
2026-05-25 09:34:52 - Agent.PromptCorrector - INFO - [PromptCorrector]   Scene 3 corrected
2026-05-25 09:34:53 - Agent.PromptCorrector - INFO - [PromptCorrector]   Scene 4 corrected
2026-05-25 09:34:56 - Agent.PromptCorrector - INFO - [PromptCorrector]   Scene 5 corrected
2026-05-25 09:34:59 - Agent.PromptCorrector - INFO - [PromptCorrector]   Scene 6 corrected
2026-05-25 09:35:02 - Agent.PromptCorrector - INFO - [PromptCorrector]   Scene 7 corrected
2026-05-25 09:35:05 - Agent.PromptCorrector - INFO - [PromptCorrector]   Scene 8 corrected
2026-05-25 09:35:05 - Agent.PromptCorrector - INFO - [PromptCorrector] Prompt correction complete: 8/8 corrected
2026-05-25 09:35:05 - Agent.DepthParallax - INFO - [DepthParallax] Pre-computing depth maps...
2026-05-25 09:35:05 - Agent.DepthParallax - INFO - [DepthParallax] Computing depth maps for 13 images...
2026-05-25 09:35:05 - Agent.DepthParallax - INFO - [DepthParallax] Depth Anything V2 available via transformers
2026-05-25 09:35:05 - Agent.DepthParallax - INFO - [DepthParallax] Loading Depth Anything V2 Small (~100MB first run)...
2026-05-25 09:35:05 - Agent.DepthParallax - INFO - [DepthParallax] Depth model loaded
2026-05-25 09:35:07 - Agent.DepthParallax - INFO - [DepthParallax] Depth map generated and cached: ep1_reveal4_evidence_depth.npy
2026-05-25 09:35:07 - Agent.DepthParallax - INFO - [DepthParallax] Depth map generated and cached: ep1_reveal2_location_detail_depth.npy
2026-05-25 09:35:07 - Agent.DepthParallax - INFO - [DepthParallax] Depth maps ready: 2 new, 11 cached
2026-05-25 09:35:07 - Agent.MusicAgent - INFO - [MusicAgent] Music generation (MusicGen: True)...
2026-05-25 09:35:07 - Agent.MusicAgent - INFO - [MusicAgent] Deleted old: ep1_ambient.wav
2026-05-25 09:35:07 - Agent.MusicAgent - INFO - [MusicAgent] Deleted old: ep1_tension.wav
2026-05-25 09:35:07 - Agent.MusicAgent - INFO - [MusicAgent] Deleted old: ep1_sting.wav
2026-05-25 09:35:07 - Agent.MusicAgent - INFO - [MusicAgent] Deleted old: ep1_ambient_location.wav
2026-05-25 09:35:07 - Agent.MusicAgent - INFO - [MusicAgent] Episode 1 music...
2026-05-25 09:35:07 - Agent.MusicAgent - INFO - [MusicAgent] Generating ambient (55s)...
2026-05-25 09:35:07 - Agent.MusicAgent - INFO - [MusicAgent] Loading MusicGen small...
2026-05-25 09:38:56 - Agent.MusicAgent - INFO - [MusicAgent] Saved: outputs\music\ep1_ambient.wav (55.4s)
2026-05-25 09:38:56 - Agent.MusicAgent - INFO - [MusicAgent] Generating tension (55s)...
2026-05-25 09:38:56 - Agent.MusicAgent - INFO - [MusicAgent] Loading MusicGen small...
2026-05-25 09:42:31 - Agent.MusicAgent - INFO - [MusicAgent] Saved: outputs\music\ep1_tension.wav (55.4s)
2026-05-25 09:42:31 - Agent.MusicAgent - INFO - [MusicAgent] Generating sting...
2026-05-25 09:42:31 - Agent.MusicAgent - INFO - [MusicAgent] Loading MusicGen small...
2026-05-25 09:42:43 - Agent.MusicAgent - INFO - [MusicAgent] Saved: outputs\music\ep1_sting.wav (1.5s)
2026-05-25 09:42:43 - Agent.MusicAgent - INFO - [MusicAgent] Generating location-aware ambient (55s)...
2026-05-25 09:42:43 - Agent.MusicAgent - INFO - [MusicAgent] Saved: outputs\music\ep1_ambient_location.wav (55.4s)
2026-05-25 09:42:43 - Agent.MusicAgent - INFO - [MusicAgent] Episode 1 music complete
