2026-05-22 22:05:54 - Agent.MusicAgent - INFO - [MusicAgent] Generating music layers (Agent 7)...
2026-05-22 22:05:54 - Agent.MusicAgent - INFO - [MusicAgent] Episode 1 music...
2026-05-22 22:05:54 - Agent.MusicAgent - INFO - [MusicAgent] Ambient exists: outputs\music\ep1_ambient.wav
2026-05-22 22:05:54 - Agent.MusicAgent - INFO - [MusicAgent] Tension exists: outputs\music\ep1_tension.wav
2026-05-22 22:05:54 - Agent.MusicAgent - INFO - [MusicAgent] Sting exists: outputs\music\ep1_sting.wav
2026-05-22 22:05:54 - Agent.MusicAgent - INFO - [MusicAgent] Episode 1 music ready: ambient=ep1_ambient.wav, tension=ep1_tension.wav, sting=ep1_sting.wav
2026-05-22 22:05:54 - Agent.MusicAgent - INFO - [MusicAgent] Music generation complete: 1 episodes
2026-05-22 22:05:54 - Agent.EditPlanner - INFO - [EditPlanner] Building edit decision lists (Agent 6a)...
2026-05-22 22:05:54 - Agent.EditPlanner - INFO - [EditPlanner] Planning episode 1...
2026-05-22 22:05:54 - Agent.EditPlanner - INFO - [EditPlanner] Building EDL for episode 1...
2026-05-22 22:05:54 - Agent.EditPlanner - INFO - [EditPlanner] Total audio duration: 55760ms (55.8s)
2026-05-22 22:05:54 - Agent.EditPlanner - INFO - [EditPlanner] EDL built: 16 entries, 5 reveals, total 55.8s
2026-05-22 22:05:54 - Agent.EditPlanner - INFO - [EditPlanner] EDL saved: outputs/episode_1_edl.json
2026-05-22 22:05:54 - Agent.EditPlanner - INFO - [EditPlanner] Edit planning complete: 1 EDLs built
2026-05-22 22:05:54 - Agent.VideoCompositor - INFO - [VideoCompositor] Starting video composition (Agent 6b)...
2026-05-22 22:05:54 - Agent.VideoCompositor - INFO - [VideoCompositor] Rendering episode 1...
2026-05-22 22:18:31 - Agent.VideoCompositor - INFO - [VideoCompositor] Episode 1: 2665 frames (111.0s)
2026-05-22 22:18:31 - Agent.VideoCompositor - INFO - [VideoCompositor] Encoding video-only...
2026-05-22 22:18:31 - Agent.VideoCompositor - INFO - [VideoCompositor] Writing 2665 raw frames to temp file...
2026-05-22 22:20:02 - Agent.VideoCompositor - INFO - [VideoCompositor] Raw frames written — encoding with FFmpeg...
2026-05-22 22:21:03 - Agent.VideoCompositor - INFO - [VideoCompositor] Mixing audio tracks...
2026-05-22 22:21:03 - Agent.VideoCompositor - ERROR - [VideoCompositor] Episode 1 unexpected error: 'list' object has no attribute 'get'
2026-05-22 22:21:05 - Agent.VideoCompositor - INFO - [VideoCompositor] Video composition complete: 0/1 episodes rendered
