2026-05-24 17:51:10 - Agent.ImageGenerator - INFO - [ImageGenerator] Starting image generation (Agent 5a)...
2026-05-24 17:51:10 - Agent.ImageGenerator - INFO - [ImageGenerator] HuggingFace client initialized
2026-05-24 17:51:10 - Agent.ImageGenerator - INFO - [ImageGenerator] Phase 1: 8 anchor images at 1280x720...
2026-05-24 17:51:10 - Agent.ImageGenerator - INFO - [ImageGenerator] Anchor exists: 'Ravenshade Manor' — skipping
2026-05-24 17:51:12 - Agent.ImageGenerator - INFO - [ImageGenerator] Anchor exists: 'Virat's Apartment' — skipping
2026-05-24 17:51:14 - Agent.ImageGenerator - INFO - [ImageGenerator] Anchor exists: 'Police Archive Room' — skipping
2026-05-24 17:51:16 - Agent.ImageGenerator - INFO - [ImageGenerator] Anchor exists: 'Sophia's Office' — skipping
2026-05-24 17:51:18 - Agent.ImageGenerator - INFO - [ImageGenerator] Anchor exists: 'The Ashford Family Home (Past)' — skipping
2026-05-24 17:51:20 - Agent.ImageGenerator - INFO - [ImageGenerator] Anchor exists: 'The Highway Overpass (Past)' — skipping
2026-05-24 17:51:23 - Agent.ImageGenerator - INFO - [ImageGenerator] Anchor exists: 'Marcus's Study at Ravenshade' — skipping
2026-05-24 17:51:25 - Agent.ImageGenerator - INFO - [ImageGenerator] Anchor exists: 'The Police Station Interrogation Room' — skipping
2026-05-24 17:51:27 - Agent.ImageGenerator - INFO - [ImageGenerator] Phase 1 complete: 8/8
2026-05-24 17:51:27 - Agent.ImageGenerator - INFO - [ImageGenerator] Phase 2: Scene images for 1 episodes...
2026-05-24 17:51:27 - Agent.ImageGenerator - INFO - [ImageGenerator] Episode 1 scene images...
2026-05-24 17:51:27 - Agent.ImageGenerator - INFO - [ImageGenerator]   Scene 1: reusing anchor 'Virat's Apartment' (location shot)
2026-05-24 17:51:27 - Agent.ImageGenerator - INFO - [ImageGenerator]   Scene 2: existing reused
2026-05-24 17:51:27 - Agent.ImageGenerator - INFO - [ImageGenerator]   Scene 3: existing reused
2026-05-24 17:51:27 - Agent.ImageGenerator - INFO - [ImageGenerator]   Scene 4: reusing anchor 'Ravenshade Manor' (location shot)
2026-05-24 17:51:27 - Agent.ImageGenerator - INFO - [ImageGenerator]   Scene 5: reusing anchor 'Marcus's Study at Ravenshade' (location shot)
2026-05-24 17:51:27 - Agent.ImageGenerator - INFO - [ImageGenerator]   Scene 6: existing reused
2026-05-24 17:51:27 - Agent.ImageGenerator - INFO - [ImageGenerator]   Scene 7: existing reused
2026-05-24 17:51:28 - Agent.ImageGenerator - INFO - [ImageGenerator] Phase 3: Reveal images for 1 episodes...
2026-05-24 17:51:28 - Agent.ImageGenerator - INFO - [ImageGenerator]   Episode 1: 4 reveals...
2026-05-24 17:51:28 - Agent.ImageGenerator - INFO - [ImageGenerator] Reveal exists: ep1_reveal1_location_detail.png — skipping
2026-05-24 17:51:28 - Agent.ImageGenerator - INFO - [ImageGenerator]     Reveal 1: location_detail saved
2026-05-24 17:51:30 - Agent.ImageGenerator - INFO - [ImageGenerator] Generating reveal [subject] ep1 r2
2026-05-24 17:51:36 - Agent.ImageGenerator - INFO - [ImageGenerator] Saved reveal: outputs\reveal_images\ep1_reveal2_subject.png
2026-05-24 17:51:36 - Agent.ImageGenerator - INFO - [ImageGenerator]     Reveal 2: subject saved
2026-05-24 17:51:38 - Agent.ImageGenerator - INFO - [ImageGenerator] Generating reveal [evidence] ep1 r3
2026-05-24 17:51:42 - Agent.ImageGenerator - INFO - [ImageGenerator] Saved reveal: outputs\reveal_images\ep1_reveal3_evidence.png
2026-05-24 17:51:42 - Agent.ImageGenerator - INFO - [ImageGenerator]     Reveal 3: evidence saved
2026-05-24 17:51:44 - Agent.ImageGenerator - INFO - [ImageGenerator] Reveal exists: ep1_reveal4_document.png — skipping
2026-05-24 17:51:44 - Agent.ImageGenerator - INFO - [ImageGenerator]     Reveal 4: document saved
2026-05-24 17:51:46 - Agent.ImageGenerator - INFO - [ImageGenerator] Image generation complete — 8 anchors, 7 scenes, 4 reveals | All at 1280x720 (16:9)
2026-05-24 17:51:46 - Agent.PromptCorrector - INFO - [PromptCorrector] Starting visual prompt correction for Episode 1...
2026-05-24 17:51:46 - Agent.PromptCorrector - INFO - [PromptCorrector] Analyzing 8 anchor images...
2026-05-24 17:51:46 - Agent.PromptCorrector - INFO - [PromptCorrector]   Analyzing: Ravenshade Manor
2026-05-24 17:51:49 - Agent.PromptCorrector - INFO - [PromptCorrector] Image analyzed: 612 chars
2026-05-24 17:51:49 - Agent.PromptCorrector - INFO - [PromptCorrector]   Analyzing: Virat's Apartment
2026-05-24 17:51:52 - Agent.PromptCorrector - INFO - [PromptCorrector] Image analyzed: 552 chars
2026-05-24 17:51:52 - Agent.PromptCorrector - INFO - [PromptCorrector]   Analyzing: Police Archive Room
2026-05-24 17:51:55 - Agent.PromptCorrector - INFO - [PromptCorrector] Image analyzed: 532 chars
2026-05-24 17:51:55 - Agent.PromptCorrector - INFO - [PromptCorrector]   Analyzing: Sophia's Office
2026-05-24 17:51:58 - Agent.PromptCorrector - INFO - [PromptCorrector] Image analyzed: 584 chars
2026-05-24 17:51:58 - Agent.PromptCorrector - INFO - [PromptCorrector]   Analyzing: The Ashford Family Home (Past)
2026-05-24 17:52:01 - Agent.PromptCorrector - INFO - [PromptCorrector] Image analyzed: 485 chars
2026-05-24 17:52:01 - Agent.PromptCorrector - INFO - [PromptCorrector]   Analyzing: The Highway Overpass (Past)
2026-05-24 17:52:04 - Agent.PromptCorrector - INFO - [PromptCorrector] Image analyzed: 555 chars
2026-05-24 17:52:04 - Agent.PromptCorrector - INFO - [PromptCorrector]   Analyzing: Marcus's Study at Ravenshade
2026-05-24 17:52:07 - Agent.PromptCorrector - INFO - [PromptCorrector] Image analyzed: 537 chars
2026-05-24 17:52:07 - Agent.PromptCorrector - INFO - [PromptCorrector]   Analyzing: The Police Station Interrogation Room
2026-05-24 17:52:10 - Agent.PromptCorrector - INFO - [PromptCorrector] Image analyzed: 560 chars
2026-05-24 17:52:10 - Agent.PromptCorrector - INFO - [PromptCorrector] Rewriting 7 Episode 1 prompts...
2026-05-24 17:52:12 - Agent.PromptCorrector - INFO - [PromptCorrector]   Scene 1 corrected
2026-05-24 17:52:14 - Agent.PromptCorrector - INFO - [PromptCorrector]   Scene 2 corrected
2026-05-24 17:52:17 - Agent.PromptCorrector - INFO - [PromptCorrector]   Scene 3 corrected
2026-05-24 17:52:20 - Agent.PromptCorrector - INFO - [PromptCorrector]   Scene 4 corrected
2026-05-24 17:52:22 - Agent.PromptCorrector - INFO - [PromptCorrector]   Scene 5 corrected
2026-05-24 17:52:26 - Agent.PromptCorrector - INFO - [PromptCorrector]   Scene 6 corrected
2026-05-24 17:52:28 - Agent.PromptCorrector - INFO - [PromptCorrector]   Scene 7 corrected
2026-05-24 17:52:28 - Agent.PromptCorrector - INFO - [PromptCorrector] Prompt correction complete: 7/7 corrected
