2026-05-23 20:26:34 - Agent.EditPlanner - INFO - [EditPlanner] Building timestamp-driven EDLs (Agent 6a)...
2026-05-23 20:26:34 - Agent.EditPlanner - INFO - [EditPlanner] Planning episode 1...
2026-05-23 20:26:34 - Agent.EditPlanner - INFO - [EditPlanner] Episode 1: 8 scenes (8 with images), 4 reveals, 10 timestamps
2026-05-23 20:26:34 - Agent.EditPlanner - INFO - [EditPlanner] Building timestamp-driven EDL for episode 1...
2026-05-23 20:26:34 - Agent.EditPlanner - INFO - [EditPlanner] Audio duration: 55760ms (55.8s)
2026-05-23 20:26:34 - Agent.EditPlanner - INFO - [EditPlanner] Chunk→image map: 8 entries
2026-05-23 20:26:34 - Agent.EditPlanner - INFO - [EditPlanner] EDL built: 19 entries, 4 reveals, 10 chunks synced, total 55.8s
2026-05-23 20:26:34 - Agent.EditPlanner - INFO - [EditPlanner] EDL saved: outputs/episode_1_edl.json
2026-05-23 20:26:34 - Agent.EditPlanner - INFO - [EditPlanner] Edit planning complete: 1 EDLs
2026-05-23 20:26:34 - Agent.VideoCompositor - INFO - [VideoCompositor] Starting video composition (Agent 6b)...
2026-05-23 20:26:34 - Agent.VideoCompositor - INFO - [VideoCompositor] Rendering episode 1...
2026-05-23 20:26:34 - Agent.VideoCompositor - INFO - [VideoCompositor] Pre-loading depth maps for 12 images...
2026-05-23 20:55:23 - Agent.VideoCompositor - INFO - [VideoCompositor] Episode 1: 1921 frames (80.0s)
2026-05-23 20:55:24 - Agent.VideoCompositor - INFO - [VideoCompositor] Writing 1921 frames to temp file...
2026-05-23 20:56:19 - Agent.VideoCompositor - INFO - [VideoCompositor] Encoding with FFmpeg...
2026-05-23 20:56:51 - Agent.VideoCompositor - INFO - [VideoCompositor] Mixing audio: 55.8s, 4 reveals
2026-05-23 20:56:51 - Agent.VideoCompositor - INFO - [VideoCompositor] Ambient layer mixed at 0.18
2026-05-23 20:56:52 - Agent.VideoCompositor - INFO - [VideoCompositor] Tension layer mixed with dynamic envelope (peaks: 4, silences at reveals)
2026-05-23 20:56:52 - Agent.VideoCompositor - INFO - [VideoCompositor] Impact sting at 10752ms
2026-05-23 20:56:54 - Agent.VideoCompositor - INFO - [VideoCompositor] Dynamic audio mixed: outputs/final/ep1_mixed_audio.aac
2026-05-23 20:56:54 - Agent.VideoCompositor - INFO - [VideoCompositor] Final: outputs/final/episode_1.mp4
2026-05-23 20:56:54 - Agent.VideoCompositor - INFO - [VideoCompositor] Episode 1 complete: outputs/final/episode_1.mp4
2026-05-23 20:56:55 - Agent.VideoCompositor - INFO - [VideoCompositor] Composition: 1/1 rendered
