2026-05-30 23:39:43 - Agent.MusicAgent - INFO - [MusicAgent] Music generation (MusicGen: True)...
2026-05-30 23:39:43 - Agent.MusicAgent - INFO - [MusicAgent] Deleted old: ep1_ambient.wav
2026-05-30 23:39:43 - Agent.MusicAgent - INFO - [MusicAgent] Deleted old: ep1_tension.wav
2026-05-30 23:39:43 - Agent.MusicAgent - INFO - [MusicAgent] Deleted old: ep1_sting.wav
2026-05-30 23:39:43 - Agent.MusicAgent - INFO - [MusicAgent] Deleted old: ep1_ambient_location.wav
2026-05-30 23:39:43 - Agent.MusicAgent - INFO - [MusicAgent] Deleted old: ep1_heartbeat.wav
2026-05-30 23:39:43 - Agent.MusicAgent - INFO - [MusicAgent] Deleted old: ep1_strings.wav
2026-05-30 23:39:43 - Agent.MusicAgent - INFO - [MusicAgent] Episode 1 music...
2026-05-30 23:39:43 - Agent.MusicAgent - INFO - [MusicAgent] Episode 1: 64.8s, 5 reveals, cliffhanger at 62.8s
2026-05-30 23:39:43 - Agent.MusicAgent - INFO - [MusicAgent] Generating ambient (65s)...
2026-05-30 23:39:43 - Agent.MusicAgent - INFO - [MusicAgent] Loading MusicGen small...
2026-05-30 23:44:11 - Agent.MusicAgent - INFO - [MusicAgent] Saved: outputs\music\ep1_ambient.wav (64.8s)
2026-05-30 23:44:11 - Agent.MusicAgent - INFO - [MusicAgent] Generating event-aware tension (65s, 14 EDL events)...
2026-05-30 23:44:11 - Agent.MusicAgent - INFO - [MusicAgent] Loading MusicGen small...
2026-05-30 23:48:26 - Agent.MusicAgent - INFO - [MusicAgent] Saved: outputs\music\ep1_tension.wav (64.8s)
2026-05-30 23:48:26 - Agent.MusicAgent - INFO - [MusicAgent] Generating sting...
2026-05-30 23:48:26 - Agent.MusicAgent - INFO - [MusicAgent] Loading MusicGen small...
2026-05-30 23:48:45 - Agent.MusicAgent - INFO - [MusicAgent] Saved: outputs\music\ep1_sting.wav (1.9s)
2026-05-30 23:48:45 - Agent.MusicAgent - INFO - [MusicAgent] Generating heartbeat (65s)...
2026-05-30 23:48:45 - Agent.MusicAgent - INFO - [MusicAgent] Saved: outputs\music\ep1_heartbeat.wav (64.8s)
2026-05-30 23:48:45 - Agent.MusicAgent - INFO - [MusicAgent] Generating strings (65s)...
2026-05-30 23:48:45 - Agent.MusicAgent - INFO - [MusicAgent] Saved: outputs\music\ep1_strings.wav (64.8s)
2026-05-30 23:48:45 - Agent.MusicAgent - INFO - [MusicAgent] Generating location-aware ambient (65s)...
2026-05-30 23:48:49 - Agent.MusicAgent - INFO - [MusicAgent] Saved: outputs\music\ep1_ambient_location.wav (64.8s)
2026-05-30 23:48:49 - Agent.MusicAgent - INFO - [MusicAgent] Episode 1 music complete
2026-05-30 23:48:49 - Agent.VideoCompositor - INFO - [VideoCompositor] Starting video composition (Agent 6b — FFmpeg)...
2026-05-30 23:48:49 - Agent.VideoCompositor - INFO - [VideoCompositor] Subtitles written: outputs/final/tmp_ep1/ep1_subtitles.ass (18 lines)
2026-05-30 23:48:50 - Agent.VideoCompositor - INFO - [VideoCompositor] Title card: outputs/final/tmp_ep1/ep1_title.mp4
2026-05-30 23:51:17 - Agent.VideoCompositor - INFO - [VideoCompositor] TBC card: outputs/final/tmp_ep1/ep1_tbc.mp4
2026-05-30 23:51:18 - Agent.VideoCompositor - INFO - [VideoCompositor] Concatenated 16 segments → outputs/final/tmp_ep1/ep1_video.mp4
2026-05-30 23:51:34 - Agent.VideoCompositor - INFO - [VideoCompositor] Subtitles burned: outputs/final/tmp_ep1/ep1_subbed.mp4
2026-05-30 23:51:34 - Agent.VideoCompositor - INFO - [VideoCompositor] Mixing: 61.8s, 5 reveals, 0 dramatic pauses
2026-05-31 00:01:11 - Agent.VideoCompositor - INFO - [VideoCompositor] Dynamic audio mixed: outputs/final/tmp_ep1/ep1_audio.aac
2026-05-31 00:01:12 - Agent.VideoCompositor - INFO - [VideoCompositor] Final: outputs/final/episode_1.mp4
2026-05-31 00:01:12 - Agent.VideoCompositor - INFO - [VideoCompositor] Episode 1 complete: outputs/final/episode_1.mp4
2026-05-31 00:01:12 - Agent.VideoCompositor - INFO - [VideoCompositor] Composition: 1/1 rendered
