2026-05-23 14:18:14 - Agent.PromptCorrector - INFO - [PromptCorrector] Starting visual prompt correction for Episode 1...
2026-05-23 14:18:14 - Agent.PromptCorrector - INFO - [PromptCorrector] Analyzing 8 anchor images...
2026-05-23 14:18:14 - Agent.PromptCorrector - INFO - [PromptCorrector]   Analyzing: Ravenshade Manor
2026-05-23 14:18:22 - Agent.PromptCorrector - INFO - [PromptCorrector] Image analyzed: 565 chars
2026-05-23 14:18:22 - Agent.PromptCorrector - INFO - [PromptCorrector]   Analyzing: Virat's Apartment
2026-05-23 14:18:29 - Agent.PromptCorrector - INFO - [PromptCorrector] Image analyzed: 564 chars
2026-05-23 14:18:29 - Agent.PromptCorrector - INFO - [PromptCorrector]   Analyzing: Police Archive Room
2026-05-23 14:18:36 - Agent.PromptCorrector - INFO - [PromptCorrector] Image analyzed: 527 chars
2026-05-23 14:18:36 - Agent.PromptCorrector - INFO - [PromptCorrector]   Analyzing: Sophia's Office
2026-05-23 14:18:44 - Agent.PromptCorrector - INFO - [PromptCorrector] Image analyzed: 574 chars
2026-05-23 14:18:44 - Agent.PromptCorrector - INFO - [PromptCorrector]   Analyzing: The Ashford Family Home (Past)
2026-05-23 14:18:51 - Agent.PromptCorrector - INFO - [PromptCorrector] Image analyzed: 535 chars
2026-05-23 14:18:51 - Agent.PromptCorrector - INFO - [PromptCorrector]   Analyzing: The Highway Overpass (Past)
2026-05-23 14:18:58 - Agent.PromptCorrector - INFO - [PromptCorrector] Image analyzed: 558 chars
2026-05-23 14:18:58 - Agent.PromptCorrector - INFO - [PromptCorrector]   Analyzing: Marcus's Study at Ravenshade
2026-05-23 14:19:06 - Agent.PromptCorrector - INFO - [PromptCorrector] Image analyzed: 644 chars
2026-05-23 14:19:06 - Agent.PromptCorrector - INFO - [PromptCorrector]   Analyzing: The Police Station Interrogation Room
2026-05-23 14:19:13 - Agent.PromptCorrector - INFO - [PromptCorrector] Image analyzed: 581 chars
2026-05-23 14:19:13 - Agent.PromptCorrector - INFO - [PromptCorrector] Rewriting 4 Episode 1 prompts...
2026-05-23 14:19:15 - Agent.PromptCorrector - INFO - [PromptCorrector]   Scene 1 corrected
2026-05-23 14:19:17 - Agent.PromptCorrector - INFO - [PromptCorrector]   Scene 2 corrected
2026-05-23 14:19:20 - Agent.PromptCorrector - INFO - [PromptCorrector]   Scene 3 corrected
2026-05-23 14:19:22 - Agent.PromptCorrector - INFO - [PromptCorrector]   Scene 4 corrected
2026-05-23 14:19:22 - Agent.PromptCorrector - INFO - [PromptCorrector] Prompt correction complete: 4/4 corrected
2026-05-23 14:19:23 - Agent.MusicAgent - INFO - [MusicAgent] Music generation starting (MusicGen: True)...
2026-05-23 14:19:23 - Agent.MusicAgent - INFO - [MusicAgent] Episode 1 music...
2026-05-23 14:19:23 - Agent.MusicAgent - INFO - [MusicAgent] Generating ambient (57s)...
2026-05-23 14:19:23 - Agent.MusicAgent - INFO - [MusicAgent] Loading MusicGen model (first run downloads ~300MB)...
2026-05-23 14:19:30 - Agent.MusicAgent - INFO - [MusicAgent] Generating 30s of audio...
2026-05-23 14:23:53 - Agent.MusicAgent - INFO - [MusicAgent] MusicGen generated 29.9s audio
2026-05-23 14:23:53 - Agent.MusicAgent - INFO - [MusicAgent] Saved: outputs\music\ep1_ambient.wav (56.8s)
2026-05-23 14:23:53 - Agent.MusicAgent - INFO - [MusicAgent] Generating tension (57s)...
2026-05-23 14:23:53 - Agent.MusicAgent - INFO - [MusicAgent] Loading MusicGen model (first run downloads ~300MB)...
2026-05-23 14:24:01 - Agent.MusicAgent - INFO - [MusicAgent] Generating 30s of audio...
2026-05-23 14:27:43 - Agent.MusicAgent - INFO - [MusicAgent] MusicGen generated 29.9s audio
2026-05-23 14:27:43 - Agent.MusicAgent - INFO - [MusicAgent] Saved: outputs\music\ep1_tension.wav (56.8s)
2026-05-23 14:27:43 - Agent.MusicAgent - INFO - [MusicAgent] Generating sting...
2026-05-23 14:27:43 - Agent.MusicAgent - INFO - [MusicAgent] Loading MusicGen model (first run downloads ~300MB)...
2026-05-23 14:28:35 - Agent.MusicAgent - INFO - [MusicAgent] Generating 2s of audio...
2026-05-23 14:28:46 - Agent.MusicAgent - INFO - [MusicAgent] MusicGen generated 1.9s audio
2026-05-23 14:28:46 - Agent.MusicAgent - INFO - [MusicAgent] Saved: outputs\music\ep1_sting.wav (1.5s)
2026-05-23 14:28:46 - Agent.MusicAgent - INFO - [MusicAgent] Episode 1 music complete
