2026-05-20 02:24:02 - Orchestrator - INFO - ============================================================
2026-05-20 02:24:02 - Orchestrator - INFO - FILM FACTORY PIPELINE STARTING
2026-05-20 02:24:02 - Orchestrator - INFO - ============================================================
2026-05-20 02:24:02 - Orchestrator - INFO - Output directories verified
2026-05-20 02:24:02 - Orchestrator - INFO - Story idea: A nurse discovers her hospital is quietly killing patients for organ harvesting and she is the next target
2026-05-20 02:24:02 - Orchestrator - INFO - 
[1/5] Running Story Architect...
2026-05-20 02:24:46 - Orchestrator - ERROR - Story Architect failed: Story plan validation failed: 2 validation errors for StoryBible
episodes.0.cliffhanger
  String should have at most 500 characters [type=string_too_long, input_value='Sarah sits alone in the ...re not supposed to see.', input_type=str]
    For further information visit https://errors.pydantic.dev/2.13/v/string_too_long
episodes.1.cliffhanger
  String should have at most 500 characters [type=string_too_long, input_value="Sarah sits in the hospit...becomes responsibility.", input_type=str]
    For further information visit https://errors.pydantic.dev/2.13/v/string_too_long
2026-05-20 02:24:46 - Orchestrator - ERROR - Pipeline failed: Story plan validation failed: 2 validation errors for StoryBible
episodes.0.cliffhanger
  String should have at most 500 characters [type=string_too_long, input_value='Sarah sits alone in the ...re not supposed to see.', input_type=str]
    For further information visit https://errors.pydantic.dev/2.13/v/string_too_long
episodes.1.cliffhanger
  String should have at most 500 characters [type=string_too_long, input_value="Sarah sits in the hospit...becomes responsibility.", input_type=str]
    For further information visit https://errors.pydantic.dev/2.13/v/string_too_long
