2026-05-29 20:26:46 - Agent.EditPlanner - INFO - [EditPlanner] Building edit decision lists (Agent 6a)...
2026-05-29 20:26:46 - Agent.EditPlanner - INFO - [EditPlanner] Planning episode 1...
2026-05-29 20:26:46 - Agent.EditPlanner - INFO - [EditPlanner] Episode 1: 16 scenes (16 with images), 5 reveals, 5 timestamps
2026-05-29 20:26:46 - Agent.EditPlanner - INFO - [EditPlanner] Building EDL for episode 1...
2026-05-29 20:26:46 - Agent.EditPlanner - INFO - [EditPlanner] Total audio: 51960ms (52.0s)
2026-05-29 20:26:46 - Agent.EditPlanner - WARNING - [EditPlanner] Reveal at 16546ms overlaps previous end 19803ms — skipping
2026-05-29 20:26:46 - Agent.EditPlanner - WARNING - [EditPlanner] Reveal at 16866ms overlaps previous end 19803ms — skipping
2026-05-29 20:26:46 - Agent.EditPlanner - INFO - [EditPlanner] EDL built: 18 entries, 5 reveals, total 52.0s
2026-05-29 20:26:46 - Agent.EditPlanner - INFO - [EditPlanner] EDL saved: outputs/episode_1_edl.json
2026-05-29 20:26:46 - Agent.EditPlanner - INFO - [EditPlanner] Edit planning complete: 1 EDLs
2026-05-29 20:26:46 - Agent.MusicAgent - INFO - [MusicAgent] Music generation (MusicGen: True)...
2026-05-29 20:26:46 - Agent.MusicAgent - INFO - [MusicAgent] Deleted old: ep1_ambient.wav
2026-05-29 20:26:46 - Agent.MusicAgent - INFO - [MusicAgent] Deleted old: ep1_tension.wav
2026-05-29 20:26:46 - Agent.MusicAgent - INFO - [MusicAgent] Deleted old: ep1_sting.wav
2026-05-29 20:26:46 - Agent.MusicAgent - INFO - [MusicAgent] Deleted old: ep1_ambient_location.wav
2026-05-29 20:26:46 - Agent.MusicAgent - INFO - [MusicAgent] Deleted old: ep1_heartbeat.wav
2026-05-29 20:26:46 - Agent.MusicAgent - INFO - [MusicAgent] Deleted old: ep1_strings.wav
2026-05-29 20:26:46 - Agent.MusicAgent - INFO - [MusicAgent] Episode 1 music...
2026-05-29 20:26:46 - Agent.MusicAgent - INFO - [MusicAgent] Episode 1: 52.0s, 3 reveals, cliffhanger at 49.2s
2026-05-29 20:26:46 - Agent.MusicAgent - INFO - [MusicAgent] Generating ambient (52s)...
2026-05-29 20:26:46 - Agent.MusicAgent - INFO - [MusicAgent] Loading MusicGen small...
2026-05-29 20:30:20 - Agent.MusicAgent - INFO - [MusicAgent] Saved: outputs\music\ep1_ambient.wav (52.0s)
2026-05-29 20:30:20 - Agent.MusicAgent - INFO - [MusicAgent] Generating event-aware tension (52s, 18 EDL events)...
2026-05-29 20:30:20 - Agent.MusicAgent - INFO - [MusicAgent] Loading MusicGen small...
2026-05-29 20:34:02 - Agent.MusicAgent - INFO - [MusicAgent] Saved: outputs\music\ep1_tension.wav (52.0s)
2026-05-29 20:34:02 - Agent.MusicAgent - INFO - [MusicAgent] Generating sting...
2026-05-29 20:34:02 - Agent.MusicAgent - INFO - [MusicAgent] Loading MusicGen small...
2026-05-29 20:34:14 - Agent.MusicAgent - INFO - [MusicAgent] Saved: outputs\music\ep1_sting.wav (1.9s)
2026-05-29 20:34:14 - Agent.MusicAgent - INFO - [MusicAgent] Generating heartbeat (52s)...
2026-05-29 20:34:14 - Agent.MusicAgent - INFO - [MusicAgent] Saved: outputs\music\ep1_heartbeat.wav (52.0s)
2026-05-29 20:34:14 - Agent.MusicAgent - INFO - [MusicAgent] Generating strings (52s)...
2026-05-29 20:34:15 - Agent.MusicAgent - INFO - [MusicAgent] Saved: outputs\music\ep1_strings.wav (52.0s)
2026-05-29 20:34:15 - Agent.MusicAgent - INFO - [MusicAgent] Generating location-aware ambient (52s)...
2026-05-29 20:34:18 - Agent.MusicAgent - INFO - [MusicAgent] Saved: outputs\music\ep1_ambient_location.wav (52.0s)
2026-05-29 20:34:18 - Agent.MusicAgent - INFO - [MusicAgent] Episode 1 music complete
