2026-06-03 09:54:04 - Agent.VideoGenerator - INFO - [VideoGenerator] Generating Wan2.1-I2V clips for qualifying environmental scenes...
2026-06-03 09:54:04 - Agent.VideoGenerator - INFO - [VideoGenerator] ep1 reveal1: no environmental keyword — Ken Burns
2026-06-03 09:54:04 - Agent.VideoGenerator - INFO - [VideoGenerator] ep1 reveal2: no environmental keyword — Ken Burns
2026-06-03 09:54:04 - Agent.VideoGenerator - INFO - [VideoGenerator] ep1 reveal3: no environmental keyword — Ken Burns
2026-06-03 09:54:04 - Agent.VideoGenerator - INFO - [VideoGenerator] ep1 reveal4: no environmental keyword — Ken Burns
2026-06-03 09:54:04 - Agent.VideoGenerator - INFO - [VideoGenerator] ep1 reveal5: no environmental keyword — Ken Burns
2026-06-03 09:54:04 - Agent.VideoGenerator - INFO - [VideoGenerator] ep1 scene9: generating Wan clip — The East-Wing Library, dust motes floating slowly in a shaft...
2026-06-03 09:54:32 - Agent.VideoGenerator - WARNING - [VideoGenerator] ep1 scene9 video failed: Video generation failed: ('Connection aborted.', ConnectionResetError(10054, 'An existing connection was forcibly closed by the remote host', None, 10054, None))
2026-06-03 09:54:32 - Agent.VideoGenerator - INFO - [VideoGenerator] ep1 scene10: generating Wan clip — The East-Wing Library, rain streaking down a window, drops s...
2026-06-03 09:55:00 - Agent.VideoGenerator - WARNING - [VideoGenerator] ep1 scene10 video failed: Video generation failed: ('Connection aborted.', ConnectionResetError(10054, 'An existing connection was forcibly closed by the remote host', None, 10054, None))
2026-06-03 09:55:00 - Agent.VideoGenerator - INFO - [VideoGenerator] ep1 scene11: generating Wan clip — The Hidden Room, shadows slowly deepening and shifting acros...
2026-06-03 09:55:28 - Agent.VideoGenerator - WARNING - [VideoGenerator] ep1 scene11 video failed: Video generation failed: ('Connection aborted.', ConnectionResetError(10054, 'An existing connection was forcibly closed by the remote host', None, 10054, None))
2026-06-03 09:55:28 - Agent.VideoGenerator - INFO - [VideoGenerator] ep1 scene12: generating Wan clip — The Hidden Room, shadows slowly deepening and shifting acros...
2026-06-03 09:55:55 - Agent.VideoGenerator - WARNING - [VideoGenerator] ep1 scene12 video failed: Video generation failed: ('Connection aborted.', ConnectionResetError(10054, 'An existing connection was forcibly closed by the remote host', None, 10054, None))
2026-06-03 09:55:55 - Agent.VideoGenerator - INFO - [VideoGenerator] ep1 scene13 (cliffhanger): no environmental keyword — Ken Burns
2026-06-03 09:55:55 - Agent.VideoGenerator - INFO - [VideoGenerator] ep1: 0 Wan clip(s) generated, 4 failed, rest use Ken Burns
2026-06-03 09:55:55 - Agent.ImageAnalyzer - INFO - [ImageAnalyzer] Analyzing image luminance for adaptive grading...
2026-06-03 09:55:57 - Agent.ImageAnalyzer - INFO - [ImageAnalyzer] Image analysis complete: 18 adapted, 0 skipped (no image or Pillow)
2026-06-03 10:12:57 - Agent.MusicAnalyzer - INFO - [MusicAnalyzer] Analyzing generated music tracks with librosa...
2026-06-03 10:12:57 - Agent.MusicAnalyzer - WARNING - [MusicAnalyzer] librosa not installed — music analysis skipped. pip install librosa
2026-06-03 10:12:57 - Agent.EventStream - INFO - [EventStream] Building unified event stream...
2026-06-03 10:12:57 - Agent.EventStream - INFO - [EventStream] Episode 1: 560 events, 256 cut points, 6 story beats, 62 subtitle groups
2026-06-03 10:13:40 - Orchestrator - INFO - Context saved: outputs\context.json
