2026-05-27 18:04:43 - Agent.DepthParallax - INFO - [DepthParallax] Pre-computing depth maps...
2026-05-27 18:04:43 - Agent.DepthParallax - INFO - [DepthParallax] Computing depth maps for 71 images...
2026-05-27 18:04:44 - Agent.DepthParallax - INFO - [DepthParallax] Depth Anything V2 available via transformers
2026-05-27 18:04:44 - Agent.DepthParallax - INFO - [DepthParallax] Loading Depth Anything V2 Small (~100MB first run)...
2026-05-27 18:04:46 - Agent.DepthParallax - INFO - [DepthParallax] Depth model loaded
2026-05-27 18:04:48 - Agent.DepthParallax - INFO - [DepthParallax] Depth map generated and cached: ep6_reveal1_evidence_depth.npy
2026-05-27 18:04:49 - Agent.DepthParallax - INFO - [DepthParallax] Depth map generated and cached: ep2_scene7_marens_house__study_depth.npy
2026-05-27 18:04:50 - Agent.DepthParallax - INFO - [DepthParallax] Depth map generated and cached: marens_house__study_depth.npy
2026-05-27 18:04:51 - Agent.DepthParallax - INFO - [DepthParallax] Depth map generated and cached: ep1_scene3_marens_house__kitchen_depth.npy
2026-05-27 18:04:52 - Agent.DepthParallax - INFO - [DepthParallax] Depth map generated and cached: ep1_scene6_marens_house__study_depth.npy
2026-05-27 18:04:53 - Agent.DepthParallax - INFO - [DepthParallax] Depth map generated and cached: ep3_scene5_the_voss_family_home_depth.npy
2026-05-27 18:04:54 - Agent.DepthParallax - INFO - [DepthParallax] Depth map generated and cached: ep3_reveal1_location_detail_depth.npy
2026-05-27 18:04:55 - Agent.DepthParallax - INFO - [DepthParallax] Depth map generated and cached: ep5_reveal3_evidence_depth.npy
2026-05-27 18:04:56 - Agent.DepthParallax - INFO - [DepthParallax] Depth map generated and cached: ep6_reveal3_evidence_depth.npy
2026-05-27 18:04:57 - Agent.DepthParallax - INFO - [DepthParallax] Depth map generated and cached: ep1_reveal2_location_detail_depth.npy
2026-05-27 18:04:58 - Agent.DepthParallax - INFO - [DepthParallax] Depth map generated and cached: ep6_scene5_the_ravine__millbrook_trail_depth.npy
2026-05-27 18:04:58 - Agent.DepthParallax - INFO - [DepthParallax] Depth map generated and cached: ep3_reveal4_subject_depth.npy
2026-05-27 18:04:59 - Agent.DepthParallax - INFO - [DepthParallax] Depth map generated and cached: ep1_scene5_marens_house__kitchen_depth.npy
2026-05-27 18:05:00 - Agent.DepthParallax - INFO - [DepthParallax] Depth map generated and cached: ep3_reveal3_document_depth.npy
2026-05-27 18:05:01 - Agent.DepthParallax - INFO - [DepthParallax] Depth map generated and cached: the_records_office__municipal_building_depth.npy
2026-05-27 18:05:02 - Agent.DepthParallax - INFO - [DepthParallax] Depth map generated and cached: ep3_scene3_the_voss_family_home_depth.npy
2026-05-27 18:05:03 - Agent.DepthParallax - INFO - [DepthParallax] Depth map generated and cached: ep4_scene8_frank_oubres_house__front_porch_depth.npy
2026-05-27 18:05:05 - Agent.DepthParallax - INFO - [DepthParallax] Depth map generated and cached: ep6_scene3_the_ravine__millbrook_trail_depth.npy
2026-05-27 18:05:06 - Agent.DepthParallax - INFO - [DepthParallax] Depth map generated and cached: ep5_reveal1_location_detail_depth.npy
2026-05-27 18:05:07 - Agent.DepthParallax - INFO - [DepthParallax] Depth map generated and cached: ep2_scene6_marens_house__study_depth.npy
2026-05-27 18:05:08 - Agent.DepthParallax - INFO - [DepthParallax] Depth map generated and cached: ep2_scene5_marens_house__study_depth.npy
2026-05-27 18:05:09 - Agent.DepthParallax - INFO - [DepthParallax] Depth map generated and cached: the_ravine__millbrook_trail_depth.npy
2026-05-27 18:05:10 - Agent.DepthParallax - INFO - [DepthParallax] Depth map generated and cached: ep6_reveal5_evidence_depth.npy
2026-05-27 18:05:12 - Agent.DepthParallax - INFO - [DepthParallax] Depth map generated and cached: ep5_reveal4_evidence_depth.npy
2026-05-27 18:05:13 - Agent.DepthParallax - INFO - [DepthParallax] Depth map generated and cached: ep6_scene8_marens_house__kitchen_depth.npy
2026-05-27 18:05:14 - Agent.DepthParallax - INFO - [DepthParallax] Depth map generated and cached: ep3_reveal2_evidence_depth.npy
2026-05-27 18:05:15 - Agent.DepthParallax - INFO - [DepthParallax] Depth map generated and cached: ep2_scene4_marens_house__study_depth.npy
2026-05-27 18:05:16 - Agent.DepthParallax - INFO - [DepthParallax] Depth map generated and cached: the_voss_family_home_depth.npy
2026-05-27 18:05:17 - Agent.DepthParallax - INFO - [DepthParallax] Depth map generated and cached: marens_house__kitchen_depth.npy
2026-05-27 18:05:18 - Agent.DepthParallax - INFO - [DepthParallax] Depth map generated and cached: ep4_scene3_the_records_office__municipal_building_depth.npy
2026-05-27 18:05:19 - Agent.DepthParallax - INFO - [DepthParallax] Depth map generated and cached: ep4_scene7_the_records_office__municipal_building_depth.npy
2026-05-27 18:05:20 - Agent.DepthParallax - INFO - [DepthParallax] Depth map generated and cached: ep1_scene8_marens_house__study_depth.npy
2026-05-27 18:05:21 - Agent.DepthParallax - INFO - [DepthParallax] Depth map generated and cached: ep3_scene7_the_voss_family_home_depth.npy
2026-05-27 18:05:22 - Agent.DepthParallax - INFO - [DepthParallax] Depth map generated and cached: ep5_scene7_frank_oubres_house__front_porch_depth.npy
2026-05-27 18:05:23 - Agent.DepthParallax - INFO - [DepthParallax] Depth map generated and cached: ep6_scene4_marens_house__kitchen_depth.npy
2026-05-27 18:05:24 - Agent.DepthParallax - INFO - [DepthParallax] Depth map generated and cached: ep4_reveal5_subject_depth.npy
2026-05-27 18:05:25 - Agent.DepthParallax - INFO - [DepthParallax] Depth map generated and cached: ep4_scene4_frank_oubres_house__front_porch_depth.npy
2026-05-27 18:05:26 - Agent.DepthParallax - INFO - [DepthParallax] Depth map generated and cached: ep5_scene4_the_voss_family_home_depth.npy
2026-05-27 18:05:27 - Agent.DepthParallax - INFO - [DepthParallax] Depth map generated and cached: ep3_scene4_the_voss_family_home_depth.npy
2026-05-27 18:05:28 - Agent.DepthParallax - INFO - [DepthParallax] Depth map generated and cached: ep4_reveal4_evidence_depth.npy
2026-05-27 18:05:29 - Agent.DepthParallax - INFO - [DepthParallax] Depth map generated and cached: ep6_scene6_marens_house__kitchen_depth.npy
2026-05-27 18:05:29 - Agent.DepthParallax - INFO - [DepthParallax] Depth map generated and cached: ep4_reveal1_location_detail_depth.npy
2026-05-27 18:05:30 - Agent.DepthParallax - INFO - [DepthParallax] Depth map generated and cached: ep5_scene5_frank_oubres_house__front_porch_depth.npy
2026-05-27 18:05:31 - Agent.DepthParallax - INFO - [DepthParallax] Depth map generated and cached: ep6_reveal2_evidence_depth.npy
2026-05-27 18:05:32 - Agent.DepthParallax - INFO - [DepthParallax] Depth map generated and cached: ep4_reveal3_document_depth.npy
2026-05-27 18:05:33 - Agent.DepthParallax - INFO - [DepthParallax] Depth map generated and cached: ep4_scene6_frank_oubres_house__front_porch_depth.npy
2026-05-27 18:05:34 - Agent.DepthParallax - INFO - [DepthParallax] Depth map generated and cached: ep1_scene4_marens_house__study_depth.npy
2026-05-27 18:05:35 - Agent.DepthParallax - INFO - [DepthParallax] Depth map generated and cached: ep3_scene2_the_voss_family_home_depth.npy
2026-05-27 18:05:36 - Agent.DepthParallax - INFO - [DepthParallax] Depth map generated and cached: ep5_reveal5_location_detail_depth.npy
2026-05-27 18:05:37 - Agent.DepthParallax - INFO - [DepthParallax] Depth map generated and cached: ep5_scene8_the_voss_family_home_depth.npy
2026-05-27 18:05:38 - Agent.DepthParallax - INFO - [DepthParallax] Depth map generated and cached: ep2_scene3_marens_house__study_depth.npy
2026-05-27 18:05:39 - Agent.DepthParallax - INFO - [DepthParallax] Depth map generated and cached: ep2_scene2_marens_house__study_depth.npy
2026-05-27 18:05:40 - Agent.DepthParallax - INFO - [DepthParallax] Depth map generated and cached: ep5_scene3_frank_oubres_house__front_porch_depth.npy
2026-05-27 18:05:41 - Agent.DepthParallax - INFO - [DepthParallax] Depth map generated and cached: ep3_scene6_the_voss_family_home_depth.npy
2026-05-27 18:05:42 - Agent.DepthParallax - INFO - [DepthParallax] Depth map generated and cached: ep4_scene5_the_records_office__municipal_building_depth.npy
2026-05-27 18:05:43 - Agent.DepthParallax - INFO - [DepthParallax] Depth map generated and cached: ep6_scene7_the_ravine__millbrook_trail_depth.npy
2026-05-27 18:05:44 - Agent.DepthParallax - INFO - [DepthParallax] Depth map generated and cached: ep2_scene8_marens_house__study_depth.npy
2026-05-27 18:05:45 - Agent.DepthParallax - INFO - [DepthParallax] Depth map generated and cached: ep1_scene7_marens_house__kitchen_depth.npy
2026-05-27 18:05:46 - Agent.DepthParallax - INFO - [DepthParallax] Depth map generated and cached: ep3_scene8_the_voss_family_home_depth.npy
2026-05-27 18:05:47 - Agent.DepthParallax - INFO - [DepthParallax] Depth map generated and cached: ep2_reveal1_evidence_depth.npy
2026-05-27 18:05:48 - Agent.DepthParallax - INFO - [DepthParallax] Depth map generated and cached: frank_oubres_house__front_porch_depth.npy
2026-05-27 18:05:49 - Agent.DepthParallax - INFO - [DepthParallax] Depth map generated and cached: ep6_reveal4_document_depth.npy
2026-05-27 18:05:50 - Agent.DepthParallax - INFO - [DepthParallax] Depth map generated and cached: ep5_scene6_the_voss_family_home_depth.npy
2026-05-27 18:05:51 - Agent.DepthParallax - INFO - [DepthParallax] Depth map generated and cached: ep5_reveal2_subject_depth.npy
2026-05-27 18:05:52 - Agent.DepthParallax - INFO - [DepthParallax] Depth map generated and cached: ep4_reveal2_document_depth.npy
2026-05-27 18:05:52 - Agent.DepthParallax - INFO - [DepthParallax] Depth maps ready: 65 new, 6 cached
