2026-05-22 18:01:22 - Agent.MusicAgent - INFO - [MusicAgent] Generating music layers (Agent 7)...
2026-05-22 18:01:22 - Agent.MusicAgent - INFO - [MusicAgent] Episode 1 music...
2026-05-22 18:01:22 - Agent.MusicAgent - INFO - [MusicAgent] Generating ambient drone (57s)...
2026-05-22 18:01:22 - Agent.MusicAgent - INFO - [MusicAgent] Using synthesised ambient drone
2026-05-22 18:01:22 - Agent.MusicAgent - INFO - [MusicAgent] Saved: outputs\music\ep1_ambient.wav
2026-05-22 18:01:22 - Agent.MusicAgent - INFO - [MusicAgent] Generating tension pulse (57s)...
2026-05-22 18:01:22 - Agent.MusicAgent - INFO - [MusicAgent] Using synthesised tension pulse
2026-05-22 18:01:22 - Agent.MusicAgent - INFO - [MusicAgent] Saved: outputs\music\ep1_tension.wav
2026-05-22 18:01:22 - Agent.MusicAgent - INFO - [MusicAgent] Generating impact sting...
2026-05-22 18:01:22 - Agent.MusicAgent - INFO - [MusicAgent] Using synthesised impact sting
2026-05-22 18:01:23 - Agent.MusicAgent - INFO - [MusicAgent] Saved: outputs\music\ep1_sting.wav
2026-05-22 18:01:23 - Agent.MusicAgent - INFO - [MusicAgent] Episode 1 music ready: ambient=ep1_ambient.wav, tension=ep1_tension.wav, sting=ep1_sting.wav
2026-05-22 18:01:23 - Agent.MusicAgent - INFO - [MusicAgent] Music generation complete: 1 episodes
2026-05-22 18:01:23 - Agent.EditPlanner - INFO - [EditPlanner] Building edit decision lists (Agent 6a)...
2026-05-22 18:01:23 - Agent.EditPlanner - INFO - [EditPlanner] Planning episode 1...
2026-05-22 18:01:23 - Agent.EditPlanner - INFO - [EditPlanner] Building EDL for episode 1...
2026-05-22 18:01:23 - Agent.EditPlanner - INFO - [EditPlanner] Total audio duration: 55760ms (55.8s)
2026-05-22 18:01:23 - Agent.EditPlanner - INFO - [EditPlanner] EDL built: 16 entries, 5 reveals, total 55.8s
2026-05-22 18:01:23 - Agent.EditPlanner - INFO - [EditPlanner] EDL saved: outputs/episode_1_edl.json
2026-05-22 18:01:23 - Agent.EditPlanner - INFO - [EditPlanner] Edit planning complete: 1 EDLs built
2026-05-22 18:01:23 - Agent.VideoCompositor - INFO - [VideoCompositor] Starting video composition (Agent 6b)...
2026-05-22 18:01:23 - Agent.VideoCompositor - INFO - [VideoCompositor] Rendering episode 1...
2026-05-22 18:16:39 - Agent.VideoCompositor - INFO - [VideoCompositor] Episode 1: 2665 frames (111.0s)
2026-05-22 18:16:39 - Agent.VideoCompositor - INFO - [VideoCompositor] Encoding video-only...
2026-05-22 18:16:39 - Agent.VideoCompositor - ERROR - [VideoCompositor] Episode 1 render failed: Video write failed: [WinError 2] The system cannot find the file specified
2026-05-22 18:16:40 - Agent.VideoCompositor - INFO - [VideoCompositor] Video composition complete: 0/1 episodes rendered
