2026-05-29 22:46:34 - Agent.EditPlanner - INFO - [EditPlanner] Building edit decision lists (Agent 6a)...
2026-05-29 22:46:34 - Agent.EditPlanner - INFO - [EditPlanner] Planning episode 1...
2026-05-29 22:46:34 - Agent.EditPlanner - INFO - [EditPlanner] Episode 1: 16 scenes (16 with images), 5 reveals, 5 timestamps
2026-05-29 22:46:34 - Agent.EditPlanner - INFO - [EditPlanner] Building EDL for episode 1...
2026-05-29 22:46:34 - Agent.EditPlanner - INFO - [EditPlanner] Total audio: 50760ms (50.8s)
2026-05-29 22:46:34 - Agent.EditPlanner - WARNING - [EditPlanner] Reveal at 16546ms overlaps previous end 19803ms — skipping
2026-05-29 22:46:34 - Agent.EditPlanner - WARNING - [EditPlanner] Reveal at 16866ms overlaps previous end 19803ms — skipping
2026-05-29 22:46:34 - Agent.EditPlanner - INFO - [EditPlanner] EDL built: 18 entries, 5 reveals, total 50.8s
2026-05-29 22:46:34 - Agent.EditPlanner - INFO - [EditPlanner] EDL saved: outputs/episode_1_edl.json
2026-05-29 22:46:34 - Agent.EditPlanner - INFO - [EditPlanner] Edit planning complete: 1 EDLs
2026-05-29 22:46:34 - Agent.MusicAgent - INFO - [MusicAgent] Music generation (MusicGen: True)...
2026-05-29 22:46:34 - Agent.MusicAgent - INFO - [MusicAgent] Deleted old: ep1_ambient.wav
2026-05-29 22:46:34 - Agent.MusicAgent - INFO - [MusicAgent] Deleted old: ep1_tension.wav
2026-05-29 22:46:34 - Agent.MusicAgent - INFO - [MusicAgent] Deleted old: ep1_sting.wav
2026-05-29 22:46:34 - Agent.MusicAgent - INFO - [MusicAgent] Deleted old: ep1_ambient_location.wav
2026-05-29 22:46:34 - Agent.MusicAgent - INFO - [MusicAgent] Deleted old: ep1_heartbeat.wav
2026-05-29 22:46:34 - Agent.MusicAgent - INFO - [MusicAgent] Deleted old: ep1_strings.wav
2026-05-29 22:46:34 - Agent.MusicAgent - INFO - [MusicAgent] Episode 1 music...
2026-05-29 22:46:34 - Agent.MusicAgent - INFO - [MusicAgent] Episode 1: 50.8s, 3 reveals, cliffhanger at 48.0s
2026-05-29 22:46:34 - Agent.MusicAgent - INFO - [MusicAgent] Generating ambient (51s)...
2026-05-29 22:46:34 - Agent.MusicAgent - INFO - [MusicAgent] Loading MusicGen small...
2026-05-29 22:50:26 - Agent.MusicAgent - INFO - [MusicAgent] Saved: outputs\music\ep1_ambient.wav (50.8s)
2026-05-29 22:50:26 - Agent.MusicAgent - INFO - [MusicAgent] Generating event-aware tension (51s, 18 EDL events)...
2026-05-29 22:50:26 - Agent.MusicAgent - INFO - [MusicAgent] Loading MusicGen small...
2026-05-29 22:54:02 - Agent.MusicAgent - INFO - [MusicAgent] Saved: outputs\music\ep1_tension.wav (50.8s)
2026-05-29 22:54:02 - Agent.MusicAgent - INFO - [MusicAgent] Generating sting...
2026-05-29 22:54:02 - Agent.MusicAgent - INFO - [MusicAgent] Loading MusicGen small...
2026-05-29 22:54:15 - Agent.MusicAgent - INFO - [MusicAgent] Saved: outputs\music\ep1_sting.wav (1.9s)
2026-05-29 22:54:15 - Agent.MusicAgent - INFO - [MusicAgent] Generating heartbeat (51s)...
2026-05-29 22:54:15 - Agent.MusicAgent - INFO - [MusicAgent] Saved: outputs\music\ep1_heartbeat.wav (50.8s)
2026-05-29 22:54:15 - Agent.MusicAgent - INFO - [MusicAgent] Generating strings (51s)...
2026-05-29 22:54:15 - Agent.MusicAgent - INFO - [MusicAgent] Saved: outputs\music\ep1_strings.wav (50.8s)
2026-05-29 22:54:15 - Agent.MusicAgent - INFO - [MusicAgent] Generating location-aware ambient (51s)...
2026-05-29 22:54:19 - Agent.MusicAgent - INFO - [MusicAgent] Saved: outputs\music\ep1_ambient_location.wav (50.8s)
2026-05-29 22:54:19 - Agent.MusicAgent - INFO - [MusicAgent] Episode 1 music complete
