2026-05-30 17:38:04 - Agent.MusicAgent - INFO - [MusicAgent] Music generation (MusicGen: True)...
2026-05-30 17:38:04 - Agent.MusicAgent - INFO - [MusicAgent] Deleted old: ep1_ambient.wav
2026-05-30 17:38:04 - Agent.MusicAgent - INFO - [MusicAgent] Deleted old: ep1_tension.wav
2026-05-30 17:38:04 - Agent.MusicAgent - INFO - [MusicAgent] Deleted old: ep1_sting.wav
2026-05-30 17:38:04 - Agent.MusicAgent - INFO - [MusicAgent] Deleted old: ep1_ambient_location.wav
2026-05-30 17:38:04 - Agent.MusicAgent - INFO - [MusicAgent] Deleted old: ep1_heartbeat.wav
2026-05-30 17:38:04 - Agent.MusicAgent - INFO - [MusicAgent] Deleted old: ep1_strings.wav
2026-05-30 17:38:04 - Agent.MusicAgent - INFO - [MusicAgent] Episode 1 music...
2026-05-30 17:38:04 - Agent.MusicAgent - INFO - [MusicAgent] Episode 1: 88.4s, 2 reveals, cliffhanger at 85.6s
2026-05-30 17:38:04 - Agent.MusicAgent - INFO - [MusicAgent] Generating ambient (88s)...
2026-05-30 17:38:04 - Agent.MusicAgent - INFO - [MusicAgent] Loading MusicGen small...
2026-05-30 17:41:46 - Agent.MusicAgent - INFO - [MusicAgent] Saved: outputs\music\ep1_ambient.wav (88.4s)
2026-05-30 17:41:46 - Agent.MusicAgent - INFO - [MusicAgent] Generating event-aware tension (88s, 13 EDL events)...
2026-05-30 17:41:46 - Agent.MusicAgent - INFO - [MusicAgent] Loading MusicGen small...
2026-05-30 17:45:10 - Agent.MusicAgent - INFO - [MusicAgent] Saved: outputs\music\ep1_tension.wav (88.4s)
2026-05-30 17:45:10 - Agent.MusicAgent - INFO - [MusicAgent] Generating sting...
2026-05-30 17:45:10 - Agent.MusicAgent - INFO - [MusicAgent] Loading MusicGen small...
2026-05-30 17:45:25 - Agent.MusicAgent - INFO - [MusicAgent] Saved: outputs\music\ep1_sting.wav (1.9s)
2026-05-30 17:45:25 - Agent.MusicAgent - INFO - [MusicAgent] Generating heartbeat (88s)...
2026-05-30 17:45:25 - Agent.MusicAgent - INFO - [MusicAgent] Saved: outputs\music\ep1_heartbeat.wav (88.4s)
2026-05-30 17:45:25 - Agent.MusicAgent - INFO - [MusicAgent] Generating strings (88s)...
2026-05-30 17:45:26 - Agent.MusicAgent - INFO - [MusicAgent] Saved: outputs\music\ep1_strings.wav (88.4s)
2026-05-30 17:45:26 - Agent.MusicAgent - INFO - [MusicAgent] Generating location-aware ambient (88s)...
2026-05-30 17:45:31 - Agent.MusicAgent - INFO - [MusicAgent] Saved: outputs\music\ep1_ambient_location.wav (88.4s)
2026-05-30 17:45:31 - Agent.MusicAgent - INFO - [MusicAgent] Episode 1 music complete
2026-05-30 17:45:31 - Agent.VideoCompositor - INFO - [VideoCompositor] Starting video composition (Agent 6b — FFmpeg)...
2026-05-30 17:45:31 - Agent.VideoCompositor - INFO - [VideoCompositor] Subtitles written: outputs/final/tmp_ep1/ep1_subtitles.ass (27 lines)
2026-05-30 17:45:32 - Agent.VideoCompositor - INFO - [VideoCompositor] Title card: outputs/final/tmp_ep1/ep1_title.mp4
2026-05-30 17:48:23 - Agent.VideoCompositor - INFO - [VideoCompositor] TBC card: outputs/final/tmp_ep1/ep1_tbc.mp4
2026-05-30 17:48:24 - Agent.VideoCompositor - INFO - [VideoCompositor] Concatenated 15 segments → outputs/final/tmp_ep1/ep1_video.mp4
2026-05-30 17:48:38 - Agent.VideoCompositor - INFO - [VideoCompositor] Subtitles burned: outputs/final/tmp_ep1/ep1_subbed.mp4
2026-05-30 17:48:38 - Agent.VideoCompositor - INFO - [VideoCompositor] Mixing: 85.4s, 5 reveals, 0 dramatic pauses
2026-05-30 17:58:43 - Agent.VideoCompositor - INFO - [VideoCompositor] Dynamic audio mixed: outputs/final/tmp_ep1/ep1_audio.aac
2026-05-30 17:58:45 - Agent.VideoCompositor - INFO - [VideoCompositor] Final: outputs/final/episode_1.mp4
2026-05-30 17:58:45 - Agent.VideoCompositor - INFO - [VideoCompositor] Episode 1 complete: outputs/final/episode_1.mp4
2026-05-30 17:58:45 - Agent.VideoCompositor - INFO - [VideoCompositor] Composition: 1/1 rendered
