2026-05-31 16:46:41 - Agent.ImageGenerator - INFO - [ImageGenerator] Starting image generation (Agent 5a)...
2026-05-31 16:46:41 - Agent.ImageGenerator - INFO - [ImageGenerator] HuggingFace client initialized
2026-05-31 16:46:41 - Agent.ImageGenerator - INFO - [ImageGenerator] Story changed — clearing old images for fresh generation
2026-05-31 16:46:41 - Agent.ImageGenerator - INFO - [ImageGenerator] Deleted 14 existing images — fresh generation
2026-05-31 16:46:41 - Agent.ImageGenerator - INFO - [ImageGenerator] Phase 1: 7 anchor images at 1280x720...
2026-05-31 16:46:41 - Agent.ImageGenerator - INFO - [ImageGenerator] Generating anchor: 'The Grand Foyer of Aldermoor Manor' (1280x720)
2026-05-31 16:46:47 - Agent.ImageGenerator - INFO - [ImageGenerator] Saved: outputs\anchors\the_grand_foyer_of_aldermoor_manor.png
2026-05-31 16:46:49 - Agent.ImageGenerator - INFO - [ImageGenerator] Generating anchor: 'The Mayor's Study' (1280x720)
2026-05-31 16:46:53 - Agent.ImageGenerator - INFO - [ImageGenerator] Saved: outputs\anchors\the_mayors_study.png
2026-05-31 16:46:55 - Agent.ImageGenerator - INFO - [ImageGenerator] Generating anchor: 'The Manor Ballroom' (1280x720)
2026-05-31 16:47:01 - Agent.ImageGenerator - INFO - [ImageGenerator] Saved: outputs\anchors\the_manor_ballroom.png
2026-05-31 16:47:03 - Agent.ImageGenerator - INFO - [ImageGenerator] Generating anchor: 'The East Corridor' (1280x720)
2026-05-31 16:47:08 - Agent.ImageGenerator - INFO - [ImageGenerator] Saved: outputs\anchors\the_east_corridor.png
2026-05-31 16:47:10 - Agent.ImageGenerator - INFO - [ImageGenerator] Generating anchor: 'The Manor Wine Cellar' (1280x720)
2026-05-31 16:47:16 - Agent.ImageGenerator - INFO - [ImageGenerator] Saved: outputs\anchors\the_manor_wine_cellar.png
2026-05-31 16:47:18 - Agent.ImageGenerator - INFO - [ImageGenerator] Generating anchor: 'The Manor Garden — Night' (1280x720)
2026-05-31 16:47:22 - Agent.ImageGenerator - INFO - [ImageGenerator] Saved: outputs\anchors\the_manor_garden__night.png
2026-05-31 16:47:24 - Agent.ImageGenerator - INFO - [ImageGenerator] Generating anchor: 'The Concealed Passage' (1280x720)
2026-05-31 16:47:29 - Agent.ImageGenerator - INFO - [ImageGenerator] Saved: outputs\anchors\the_concealed_passage.png
2026-05-31 16:47:31 - Agent.ImageGenerator - INFO - [ImageGenerator] Phase 1 complete: 7/7
2026-05-31 16:47:31 - Agent.ImageGenerator - INFO - [ImageGenerator] Phase 1.5: Correcting scene prompts against anchor images...
2026-05-31 16:47:34 - Agent.ImageGenerator - INFO - [ImageGenerator]   Anchor analyzed: 'The Grand Foyer of Aldermoor Manor'
2026-05-31 16:47:36 - Agent.ImageGenerator - INFO - [ImageGenerator]   Anchor analyzed: 'The Mayor's Study'
2026-05-31 16:47:39 - Agent.ImageGenerator - INFO - [ImageGenerator]   Anchor analyzed: 'The Manor Ballroom'
2026-05-31 16:47:42 - Agent.ImageGenerator - INFO - [ImageGenerator]   Anchor analyzed: 'The East Corridor'
2026-05-31 16:47:45 - Agent.ImageGenerator - INFO - [ImageGenerator]   Anchor analyzed: 'The Manor Wine Cellar'
2026-05-31 16:47:47 - Agent.ImageGenerator - INFO - [ImageGenerator]   Anchor analyzed: 'The Manor Garden — Night'
2026-05-31 16:47:50 - Agent.ImageGenerator - INFO - [ImageGenerator]   Anchor analyzed: 'The Concealed Passage'
2026-05-31 16:48:02 - Agent.ImageGenerator - INFO - [ImageGenerator] Phase 1.5 complete: 7 prompts corrected
2026-05-31 16:48:02 - Agent.ImageGenerator - INFO - [ImageGenerator] Phase 2: Scene images for 1 episodes...
2026-05-31 16:48:02 - Agent.ImageGenerator - INFO - [ImageGenerator] Episode 1 scene images...
2026-05-31 16:48:02 - Agent.ImageGenerator - INFO - [ImageGenerator]   Scene 1: anchor 'The Grand Foyer of Aldermoor Manor' (first use)
2026-05-31 16:48:02 - Agent.ImageGenerator - INFO - [ImageGenerator]   Scene 2: anchor 'The Manor Ballroom' (first use)
2026-05-31 16:48:09 - Agent.ImageGenerator - INFO - [ImageGenerator]   Scene 3 attempt 1: validation score=0.00
2026-05-31 16:48:09 - Agent.ImageGenerator - INFO - [ImageGenerator]   Scene 3: score 0.00 < 0.55 — retrying
2026-05-31 16:48:17 - Agent.ImageGenerator - INFO - [ImageGenerator]   Scene 3 attempt 2: validation score=0.00
2026-05-31 16:48:17 - Agent.ImageGenerator - INFO - [ImageGenerator]   Scene 3: score 0.00 < 0.55 — retrying
2026-05-31 16:48:29 - Agent.ImageGenerator - INFO - [ImageGenerator]   Scene 3 attempt 3: validation score=0.00
2026-05-31 16:48:29 - Agent.ImageGenerator - INFO - [ImageGenerator]   Scene 3: kept best attempt (score 0.00) for 'The Grand Foyer of Aldermoor Manor'
2026-05-31 16:48:35 - Agent.ImageGenerator - INFO - [ImageGenerator]   Scene 4 attempt 1: validation score=0.70
2026-05-31 16:48:35 - Agent.ImageGenerator - INFO - [ImageGenerator]   Scene 4: generated 'The Manor Ballroom' (score 0.70)
2026-05-31 16:48:36 - Agent.ImageGenerator - INFO - [ImageGenerator]   Scene 5: anchor 'The Mayor's Study' (first use)
2026-05-31 16:48:43 - Agent.ImageGenerator - INFO - [ImageGenerator]   Scene 6 attempt 1: validation score=0.00
2026-05-31 16:48:43 - Agent.ImageGenerator - INFO - [ImageGenerator]   Scene 6: score 0.00 < 0.55 — retrying
2026-05-31 16:48:52 - Agent.ImageGenerator - INFO - [ImageGenerator]   Scene 6 attempt 2: validation score=0.00
2026-05-31 16:48:52 - Agent.ImageGenerator - INFO - [ImageGenerator]   Scene 6: score 0.00 < 0.55 — retrying
2026-05-31 16:48:59 - Agent.ImageGenerator - INFO - [ImageGenerator]   Scene 6 attempt 3: validation score=0.10
2026-05-31 16:48:59 - Agent.ImageGenerator - INFO - [ImageGenerator]   Scene 6: kept best attempt (score 0.10) for 'The Mayor's Study'
2026-05-31 16:49:06 - Agent.ImageGenerator - INFO - [ImageGenerator]   Scene 7 attempt 1: validation score=0.00
2026-05-31 16:49:06 - Agent.ImageGenerator - INFO - [ImageGenerator]   Scene 7: score 0.00 < 0.55 — retrying
2026-05-31 16:49:13 - Agent.ImageGenerator - INFO - [ImageGenerator]   Scene 7 attempt 2: validation score=0.00
2026-05-31 16:49:13 - Agent.ImageGenerator - INFO - [ImageGenerator]   Scene 7: score 0.00 < 0.55 — retrying
2026-05-31 16:49:24 - Agent.ImageGenerator - INFO - [ImageGenerator]   Scene 7 attempt 3: validation score=0.00
2026-05-31 16:49:24 - Agent.ImageGenerator - INFO - [ImageGenerator]   Scene 7: kept best attempt (score 0.00) for 'The Mayor's Study'
2026-05-31 16:49:30 - Agent.ImageGenerator - INFO - [ImageGenerator]   Scene 8 attempt 1: validation score=0.00
2026-05-31 16:49:30 - Agent.ImageGenerator - INFO - [ImageGenerator]   Scene 8: score 0.00 < 0.55 — retrying
2026-05-31 16:49:38 - Agent.ImageGenerator - INFO - [ImageGenerator]   Scene 8 attempt 2: validation score=0.00
2026-05-31 16:49:38 - Agent.ImageGenerator - INFO - [ImageGenerator]   Scene 8: score 0.00 < 0.55 — retrying
2026-05-31 16:49:45 - Agent.ImageGenerator - INFO - [ImageGenerator]   Scene 8 attempt 3: validation score=0.00
2026-05-31 16:49:45 - Agent.ImageGenerator - INFO - [ImageGenerator]   Scene 8: kept best attempt (score 0.00) for 'The Mayor's Study'
2026-05-31 16:49:47 - Agent.ImageGenerator - INFO - [ImageGenerator] Phase 3: Reveal images for 1 episodes...
2026-05-31 16:49:47 - Agent.ImageGenerator - INFO - [ImageGenerator]   Episode 1: 5 reveals...
2026-05-31 16:49:47 - Agent.ImageGenerator - INFO - [ImageGenerator] Generating reveal [location_detail] ep1 r1
2026-05-31 16:49:53 - Agent.ImageGenerator - INFO - [ImageGenerator] Saved reveal: outputs\reveal_images\ep1_reveal1_location_detail_e5ae139c.png
2026-05-31 16:49:53 - Agent.ImageGenerator - INFO - [ImageGenerator]     Reveal 1: location_detail saved
2026-05-31 16:49:55 - Agent.ImageGenerator - INFO - [ImageGenerator] Generating reveal [evidence] ep1 r2
2026-05-31 16:50:00 - Agent.ImageGenerator - INFO - [ImageGenerator] Saved reveal: outputs\reveal_images\ep1_reveal2_evidence_e5ae139c.png
2026-05-31 16:50:00 - Agent.ImageGenerator - INFO - [ImageGenerator]     Reveal 2: evidence saved
2026-05-31 16:50:02 - Agent.ImageGenerator - INFO - [ImageGenerator] Generating reveal [document] ep1 r3
2026-05-31 16:50:08 - Agent.ImageGenerator - INFO - [ImageGenerator] Saved reveal: outputs\reveal_images\ep1_reveal3_document_e5ae139c.png
2026-05-31 16:50:08 - Agent.ImageGenerator - INFO - [ImageGenerator]     Reveal 3: document saved
2026-05-31 16:50:10 - Agent.ImageGenerator - INFO - [ImageGenerator] Generating reveal [location_detail] ep1 r4
2026-05-31 16:50:16 - Agent.ImageGenerator - INFO - [ImageGenerator] Saved reveal: outputs\reveal_images\ep1_reveal4_location_detail_e5ae139c.png
2026-05-31 16:50:16 - Agent.ImageGenerator - INFO - [ImageGenerator]     Reveal 4: location_detail saved
2026-05-31 16:50:18 - Agent.ImageGenerator - INFO - [ImageGenerator] Generating reveal [subject] ep1 r5
2026-05-31 16:50:23 - Agent.ImageGenerator - INFO - [ImageGenerator] Saved reveal: outputs\reveal_images\ep1_reveal5_subject_e5ae139c.png
2026-05-31 16:50:23 - Agent.ImageGenerator - INFO - [ImageGenerator]     Reveal 5: subject saved
2026-05-31 16:50:25 - Agent.ImageGenerator - INFO - [ImageGenerator] Image generation complete — 7 anchors, 8 scenes, 5 reveals | All at 1280x720 (16:9)
2026-05-31 16:54:07 - Agent.EditPlanner - INFO - [EditPlanner] Building edit decision lists (Agent 6a)...
2026-05-31 16:54:07 - Agent.EditPlanner - INFO - [EditPlanner] Planning episode 1...
2026-05-31 16:54:07 - Agent.EditPlanner - INFO - [EditPlanner] Episode 1: 8 scenes (8 with images), 5 reveals, 0 timestamps
2026-05-31 16:54:07 - Agent.EditPlanner - INFO - [EditPlanner] Building EDL for episode 1...
2026-05-31 16:54:07 - Agent.EditPlanner - INFO - [EditPlanner] Total audio: 67000ms (67.0s)
2026-05-31 16:54:07 - Agent.EditPlanner - WARNING - [EditPlanner] Reveal at 1500ms overlaps previous end 5500ms — skipping
2026-05-31 16:54:07 - Agent.EditPlanner - WARNING - [EditPlanner] Reveal at 1500ms overlaps previous end 5500ms — skipping
2026-05-31 16:54:07 - Agent.EditPlanner - WARNING - [EditPlanner] Reveal at 1500ms overlaps previous end 5500ms — skipping
2026-05-31 16:54:07 - Agent.EditPlanner - WARNING - [EditPlanner] Reveal at 1500ms overlaps previous end 5500ms — skipping
2026-05-31 16:54:07 - Agent.EditPlanner - INFO - [EditPlanner] EDL built: 11 entries, 5 reveals, total 67.0s
2026-05-31 16:54:07 - Agent.EditPlanner - INFO - [EditPlanner] EDL saved: outputs/episode_1_edl.json
2026-05-31 16:54:07 - Agent.EditPlanner - INFO - [EditPlanner] Edit planning complete: 1 EDLs
2026-05-31 16:54:07 - Agent.MusicAgent - INFO - [MusicAgent] Music generation (MusicGen: True)...
2026-05-31 16:54:07 - Agent.MusicAgent - INFO - [MusicAgent] Deleted old: ep1_ambient.wav
2026-05-31 16:54:07 - Agent.MusicAgent - INFO - [MusicAgent] Deleted old: ep1_tension.wav
2026-05-31 16:54:07 - Agent.MusicAgent - INFO - [MusicAgent] Deleted old: ep1_sting.wav
2026-05-31 16:54:07 - Agent.MusicAgent - INFO - [MusicAgent] Deleted old: ep1_ambient_location.wav
2026-05-31 16:54:07 - Agent.MusicAgent - INFO - [MusicAgent] Deleted old: ep1_heartbeat.wav
2026-05-31 16:54:07 - Agent.MusicAgent - INFO - [MusicAgent] Deleted old: ep1_strings.wav
2026-05-31 16:54:07 - Agent.MusicAgent - INFO - [MusicAgent] Episode 1 music...
2026-05-31 16:54:07 - Agent.MusicAgent - INFO - [MusicAgent] Episode 1: 67.0s, 1 reveals, cliffhanger at 63.0s
2026-05-31 16:54:07 - Agent.MusicAgent - INFO - [MusicAgent] Generating ambient (67s)...
2026-05-31 16:54:07 - Agent.MusicAgent - INFO - [MusicAgent] Loading MusicGen small...
2026-05-31 16:57:50 - Agent.MusicAgent - INFO - [MusicAgent] Saved: outputs\music\ep1_ambient.wav (67.0s)
2026-05-31 16:57:50 - Agent.MusicAgent - INFO - [MusicAgent] Generating event-aware tension (67s, 11 EDL events)...
2026-05-31 16:57:50 - Agent.MusicAgent - INFO - [MusicAgent] Loading MusicGen small...
2026-05-31 17:01:17 - Agent.MusicAgent - INFO - [MusicAgent] Saved: outputs\music\ep1_tension.wav (67.0s)
2026-05-31 17:01:17 - Agent.MusicAgent - INFO - [MusicAgent] Generating sting...
2026-05-31 17:01:17 - Agent.MusicAgent - INFO - [MusicAgent] Loading MusicGen small...
2026-05-31 17:01:28 - Agent.MusicAgent - INFO - [MusicAgent] Saved: outputs\music\ep1_sting.wav (1.9s)
2026-05-31 17:01:28 - Agent.MusicAgent - INFO - [MusicAgent] Generating heartbeat (67s)...
2026-05-31 17:01:29 - Agent.MusicAgent - INFO - [MusicAgent] Saved: outputs\music\ep1_heartbeat.wav (67.0s)
2026-05-31 17:01:29 - Agent.MusicAgent - INFO - [MusicAgent] Generating strings (67s)...
2026-05-31 17:01:29 - Agent.MusicAgent - INFO - [MusicAgent] Saved: outputs\music\ep1_strings.wav (67.0s)
2026-05-31 17:01:29 - Agent.MusicAgent - INFO - [MusicAgent] Generating location-aware ambient (67s)...
2026-05-31 17:01:31 - Agent.MusicAgent - INFO - [MusicAgent] Saved: outputs\music\ep1_ambient_location.wav (67.0s)
2026-05-31 17:01:31 - Agent.MusicAgent - INFO - [MusicAgent] Episode 1 music complete
2026-05-31 17:01:31 - Agent.VideoCompositor - INFO - [VideoCompositor] Starting video composition (Agent 6b — FFmpeg)...
2026-05-31 17:01:32 - Agent.VideoCompositor - INFO - [VideoCompositor] Title card: outputs/final/tmp_ep1/ep1_title.mp4
2026-05-31 17:02:54 - Agent.VideoCompositor - INFO - [VideoCompositor] TBC card: outputs/final/tmp_ep1/ep1_tbc.mp4
2026-05-31 17:02:54 - Agent.VideoCompositor - INFO - [VideoCompositor] Concatenated 13 segments -> outputs/final/tmp_ep1/ep1_video.mp4
2026-05-31 17:03:19 - Agent.VideoCompositor - INFO - [VideoCompositor] Cinematic grade applied: outputs/final/tmp_ep1/ep1_graded.mp4
2026-05-31 17:03:19 - Agent.VideoCompositor - INFO - [VideoCompositor] Mixing: 67.0s, 0 reveals, 0 dramatic pauses
2026-05-31 17:03:19 - Agent.VideoCompositor - WARNING - [VideoCompositor] Could not load WAV : [Errno 2] No such file or directory: ''
2026-05-31 17:11:59 - Agent.VideoCompositor - INFO - [VideoCompositor] Dynamic audio mixed: outputs/final/tmp_ep1/ep1_audio.aac
2026-05-31 17:12:00 - Agent.VideoCompositor - INFO - [VideoCompositor] Final: outputs/final/episode_1.mp4
2026-05-31 17:12:00 - Agent.VideoCompositor - INFO - [VideoCompositor] Episode 1 complete: outputs/final/episode_1.mp4
2026-05-31 17:12:00 - Agent.VideoCompositor - INFO - [VideoCompositor] Composition: 1/1 rendered
