2026-05-24 22:32:05 - Agent.WhisperAlignment - INFO - [WhisperAlignment] Running Whisper word alignment...
2026-05-24 22:32:06 - Agent.WhisperAlignment - INFO - [WhisperAlignment] Loading Whisper base model...
2026-05-24 22:32:06 - Agent.WhisperAlignment - INFO - [WhisperAlignment] Whisper model loaded
2026-05-24 22:32:06 - Agent.WhisperAlignment - INFO - [WhisperAlignment] Running Whisper alignment on outputs/audio/episode_1_voiceover.wav...
2026-05-24 22:32:14 - Agent.WhisperAlignment - INFO - [WhisperAlignment] Episode 1: 86 words aligned
2026-05-24 22:32:14 - Agent.WhisperAlignment - INFO - [WhisperAlignment] Episode 1: 86 words aligned, span 0ms → 50380ms
2026-05-24 22:32:28 - Agent.ImageGenerator - INFO - [ImageGenerator] Starting image generation (Agent 5a)...
2026-05-24 22:32:28 - Agent.ImageGenerator - INFO - [ImageGenerator] HuggingFace client initialized
2026-05-24 22:32:28 - Agent.ImageGenerator - INFO - [ImageGenerator] Phase 1: 8 anchor images at 1280x720...
2026-05-24 22:32:28 - Agent.ImageGenerator - INFO - [ImageGenerator] Anchor exists: 'Ravenshade Manor' — skipping
2026-05-24 22:32:30 - Agent.ImageGenerator - INFO - [ImageGenerator] Anchor exists: 'Virat's Apartment' — skipping
2026-05-24 22:32:32 - Agent.ImageGenerator - INFO - [ImageGenerator] Anchor exists: 'Police Archive Room' — skipping
2026-05-24 22:32:34 - Agent.ImageGenerator - INFO - [ImageGenerator] Anchor exists: 'Sophia's Office' — skipping
2026-05-24 22:32:36 - Agent.ImageGenerator - INFO - [ImageGenerator] Anchor exists: 'The Ashford Family Home (Past)' — skipping
2026-05-24 22:32:38 - Agent.ImageGenerator - INFO - [ImageGenerator] Anchor exists: 'The Highway Overpass (Past)' — skipping
2026-05-24 22:32:40 - Agent.ImageGenerator - INFO - [ImageGenerator] Anchor exists: 'Marcus's Study at Ravenshade' — skipping
2026-05-24 22:32:42 - Agent.ImageGenerator - INFO - [ImageGenerator] Anchor exists: 'The Police Station Interrogation Room' — skipping
2026-05-24 22:32:44 - Agent.ImageGenerator - INFO - [ImageGenerator] Phase 1 complete: 8/8
2026-05-24 22:32:44 - Agent.ImageGenerator - INFO - [ImageGenerator] Phase 2: Scene images for 1 episodes...
2026-05-24 22:32:44 - Agent.ImageGenerator - INFO - [ImageGenerator] Episode 1 scene images...
2026-05-24 22:32:44 - Agent.ImageGenerator - INFO - [ImageGenerator]   Scene 1: reusing anchor 'Virat's Apartment' (location shot)
2026-05-24 22:32:54 - Agent.ImageGenerator - INFO - [ImageGenerator]   Scene 2: generated 'Virat's Apartment'
2026-05-24 22:32:55 - Agent.ImageGenerator - INFO - [ImageGenerator]   Scene 3: reusing anchor 'Marcus's Study at Ravenshade' (location shot)
2026-05-24 22:32:55 - Agent.ImageGenerator - INFO - [ImageGenerator]   Scene 4: reusing anchor 'Ravenshade Manor' (location shot)
2026-05-24 22:33:00 - Agent.ImageGenerator - INFO - [ImageGenerator]   Scene 5: generated 'Marcus's Study at Ravenshade'
2026-05-24 22:33:01 - Agent.ImageGenerator - INFO - [ImageGenerator]   Scene 6: reusing anchor 'Marcus's Study at Ravenshade' (location shot)
2026-05-24 22:33:01 - Agent.ImageGenerator - INFO - [ImageGenerator]   Scene 7: reusing anchor 'Marcus's Study at Ravenshade' (location shot)
2026-05-24 22:33:06 - Agent.ImageGenerator - INFO - [ImageGenerator]   Scene 8: generated 'Marcus's Study at Ravenshade'
2026-05-24 22:33:08 - Agent.ImageGenerator - INFO - [ImageGenerator] Phase 3: Reveal images for 1 episodes...
2026-05-24 22:33:08 - Agent.ImageGenerator - INFO - [ImageGenerator]   Episode 1: 5 reveals...
2026-05-24 22:33:08 - Agent.ImageGenerator - INFO - [ImageGenerator] Reveal exists: ep1_reveal1_location_detail.png — skipping
2026-05-24 22:33:08 - Agent.ImageGenerator - INFO - [ImageGenerator]     Reveal 1: location_detail saved
2026-05-24 22:33:10 - Agent.ImageGenerator - INFO - [ImageGenerator] Reveal exists: ep1_reveal2_subject.png — skipping
2026-05-24 22:33:10 - Agent.ImageGenerator - INFO - [ImageGenerator]     Reveal 2: subject saved
2026-05-24 22:33:12 - Agent.ImageGenerator - INFO - [ImageGenerator] Reveal exists: ep1_reveal3_evidence.png — skipping
2026-05-24 22:33:12 - Agent.ImageGenerator - INFO - [ImageGenerator]     Reveal 3: evidence saved
2026-05-24 22:33:14 - Agent.ImageGenerator - INFO - [ImageGenerator] Reveal exists: ep1_reveal4_document.png — skipping
2026-05-24 22:33:14 - Agent.ImageGenerator - INFO - [ImageGenerator]     Reveal 4: document saved
2026-05-24 22:33:16 - Agent.ImageGenerator - INFO - [ImageGenerator] Reveal exists: ep1_reveal5_evidence.png — skipping
2026-05-24 22:33:16 - Agent.ImageGenerator - INFO - [ImageGenerator]     Reveal 5: evidence saved
2026-05-24 22:33:18 - Agent.ImageGenerator - INFO - [ImageGenerator] Image generation complete — 8 anchors, 8 scenes, 5 reveals | All at 1280x720 (16:9)
2026-05-24 22:33:18 - Agent.PromptCorrector - INFO - [PromptCorrector] Starting visual prompt correction for Episode 1...
2026-05-24 22:33:18 - Agent.PromptCorrector - INFO - [PromptCorrector] Analyzing 8 anchor images...
2026-05-24 22:33:18 - Agent.PromptCorrector - INFO - [PromptCorrector]   Analyzing: Ravenshade Manor
2026-05-24 22:33:21 - Agent.PromptCorrector - INFO - [PromptCorrector] Image analyzed: 612 chars
2026-05-24 22:33:21 - Agent.PromptCorrector - INFO - [PromptCorrector]   Analyzing: Virat's Apartment
2026-05-24 22:33:24 - Agent.PromptCorrector - INFO - [PromptCorrector] Image analyzed: 515 chars
2026-05-24 22:33:24 - Agent.PromptCorrector - INFO - [PromptCorrector]   Analyzing: Police Archive Room
2026-05-24 22:33:28 - Agent.PromptCorrector - INFO - [PromptCorrector] Image analyzed: 520 chars
2026-05-24 22:33:28 - Agent.PromptCorrector - INFO - [PromptCorrector]   Analyzing: Sophia's Office
2026-05-24 22:33:32 - Agent.PromptCorrector - INFO - [PromptCorrector] Image analyzed: 537 chars
2026-05-24 22:33:32 - Agent.PromptCorrector - INFO - [PromptCorrector]   Analyzing: The Ashford Family Home (Past)
2026-05-24 22:33:35 - Agent.PromptCorrector - INFO - [PromptCorrector] Image analyzed: 494 chars
2026-05-24 22:33:35 - Agent.PromptCorrector - INFO - [PromptCorrector]   Analyzing: The Highway Overpass (Past)
2026-05-24 22:33:39 - Agent.PromptCorrector - INFO - [PromptCorrector] Image analyzed: 558 chars
2026-05-24 22:33:39 - Agent.PromptCorrector - INFO - [PromptCorrector]   Analyzing: Marcus's Study at Ravenshade
2026-05-24 22:33:42 - Agent.PromptCorrector - INFO - [PromptCorrector] Image analyzed: 512 chars
2026-05-24 22:33:42 - Agent.PromptCorrector - INFO - [PromptCorrector]   Analyzing: The Police Station Interrogation Room
2026-05-24 22:33:45 - Agent.PromptCorrector - INFO - [PromptCorrector] Image analyzed: 596 chars
2026-05-24 22:33:45 - Agent.PromptCorrector - INFO - [PromptCorrector] Rewriting 8 Episode 1 prompts...
2026-05-24 22:33:48 - Agent.PromptCorrector - INFO - [PromptCorrector]   Scene 1 corrected
2026-05-24 22:33:50 - Agent.PromptCorrector - INFO - [PromptCorrector]   Scene 2 corrected
2026-05-24 22:33:52 - Agent.PromptCorrector - INFO - [PromptCorrector]   Scene 3 corrected
2026-05-24 22:33:54 - Agent.PromptCorrector - INFO - [PromptCorrector]   Scene 4 corrected
2026-05-24 22:33:56 - Agent.PromptCorrector - INFO - [PromptCorrector]   Scene 5 corrected
2026-05-24 22:33:59 - Agent.PromptCorrector - INFO - [PromptCorrector]   Scene 6 corrected
2026-05-24 22:34:01 - Agent.PromptCorrector - INFO - [PromptCorrector]   Scene 7 corrected
2026-05-24 22:34:03 - Agent.PromptCorrector - INFO - [PromptCorrector]   Scene 8 corrected
2026-05-24 22:34:03 - Agent.PromptCorrector - INFO - [PromptCorrector] Prompt correction complete: 8/8 corrected
2026-05-24 22:34:03 - Agent.DepthParallax - INFO - [DepthParallax] Pre-computing depth maps...
2026-05-24 22:34:03 - Agent.DepthParallax - INFO - [DepthParallax] Computing depth maps for 16 images...
2026-05-24 22:34:03 - Agent.DepthParallax - INFO - [DepthParallax] Depth maps ready: 0 new, 16 cached
2026-05-24 22:34:03 - Agent.MusicAgent - INFO - [MusicAgent] Music generation (MusicGen: True)...
2026-05-24 22:34:03 - Agent.MusicAgent - INFO - [MusicAgent] Deleted old: ep1_ambient.wav
2026-05-24 22:34:03 - Agent.MusicAgent - INFO - [MusicAgent] Deleted old: ep1_tension.wav
2026-05-24 22:34:03 - Agent.MusicAgent - INFO - [MusicAgent] Deleted old: ep1_sting.wav
2026-05-24 22:34:03 - Agent.MusicAgent - INFO - [MusicAgent] Deleted old: ep1_ambient_location.wav
2026-05-24 22:34:03 - Agent.MusicAgent - INFO - [MusicAgent] Episode 1 music...
2026-05-24 22:34:03 - Agent.MusicAgent - INFO - [MusicAgent] Generating ambient (55s)...
2026-05-24 22:34:03 - Agent.MusicAgent - INFO - [MusicAgent] Loading MusicGen small...
2026-05-24 22:38:18 - Agent.MusicAgent - INFO - [MusicAgent] Saved: outputs\music\ep1_ambient.wav (55.4s)
2026-05-24 22:38:18 - Agent.MusicAgent - INFO - [MusicAgent] Generating tension (55s)...
2026-05-24 22:38:18 - Agent.MusicAgent - INFO - [MusicAgent] Loading MusicGen small...
2026-05-24 22:41:40 - Agent.MusicAgent - INFO - [MusicAgent] Saved: outputs\music\ep1_tension.wav (55.4s)
2026-05-24 22:41:40 - Agent.MusicAgent - INFO - [MusicAgent] Generating sting...
2026-05-24 22:41:40 - Agent.MusicAgent - INFO - [MusicAgent] Loading MusicGen small...
2026-05-24 22:41:53 - Agent.MusicAgent - INFO - [MusicAgent] Saved: outputs\music\ep1_sting.wav (1.5s)
2026-05-24 22:41:53 - Agent.MusicAgent - INFO - [MusicAgent] Generating location-aware ambient (55s)...
2026-05-24 22:41:53 - Agent.MusicAgent - INFO - [MusicAgent] Saved: outputs\music\ep1_ambient_location.wav (55.4s)
2026-05-24 22:41:53 - Agent.MusicAgent - INFO - [MusicAgent] Episode 1 music complete
2026-05-24 22:41:56 - Agent.WhisperAlignment - INFO - [WhisperAlignment] Silence inserted: 3 pauses, new duration 61560ms
