2026-05-27 22:40:00 - Agent.MusicAgent - INFO - [MusicAgent] Music generation (MusicGen: True)...
2026-05-27 22:40:00 - Agent.MusicAgent - INFO - [MusicAgent] Deleted old: ep1_ambient.wav
2026-05-27 22:40:00 - Agent.MusicAgent - INFO - [MusicAgent] Deleted old: ep1_tension.wav
2026-05-27 22:40:00 - Agent.MusicAgent - INFO - [MusicAgent] Deleted old: ep1_sting.wav
2026-05-27 22:40:00 - Agent.MusicAgent - INFO - [MusicAgent] Deleted old: ep1_ambient_location.wav
2026-05-27 22:40:00 - Agent.MusicAgent - INFO - [MusicAgent] Deleted old: ep1_heartbeat.wav
2026-05-27 22:40:00 - Agent.MusicAgent - INFO - [MusicAgent] Deleted old: ep1_strings.wav
2026-05-27 22:40:00 - Agent.MusicAgent - INFO - [MusicAgent] Episode 1 music...
2026-05-27 22:40:00 - Agent.MusicAgent - INFO - [MusicAgent] Episode 1: 134.0s, 0 reveals, cliffhanger at 130.0s
2026-05-27 22:40:00 - Agent.MusicAgent - INFO - [MusicAgent] Generating ambient (134s)...
2026-05-27 22:40:00 - Agent.MusicAgent - INFO - [MusicAgent] Loading MusicGen small...
2026-05-27 22:43:41 - Agent.MusicAgent - INFO - [MusicAgent] Saved: outputs\music\ep1_ambient.wav (134.0s)
2026-05-27 22:43:41 - Agent.MusicAgent - INFO - [MusicAgent] Generating event-aware tension (134s, 17 EDL events)...
2026-05-27 22:43:41 - Agent.MusicAgent - INFO - [MusicAgent] Loading MusicGen small...
2026-05-27 22:47:09 - Agent.MusicAgent - INFO - [MusicAgent] Saved: outputs\music\ep1_tension.wav (134.0s)
2026-05-27 22:47:09 - Agent.MusicAgent - INFO - [MusicAgent] Generating sting...
2026-05-27 22:47:09 - Agent.MusicAgent - INFO - [MusicAgent] Loading MusicGen small...
2026-05-27 22:47:24 - Agent.MusicAgent - INFO - [MusicAgent] Saved: outputs\music\ep1_sting.wav (1.9s)
2026-05-27 22:47:24 - Agent.MusicAgent - INFO - [MusicAgent] Generating heartbeat (134s)...
2026-05-27 22:47:24 - Agent.MusicAgent - INFO - [MusicAgent] Saved: outputs\music\ep1_heartbeat.wav (134.0s)
2026-05-27 22:47:24 - Agent.MusicAgent - INFO - [MusicAgent] Generating strings (134s)...
2026-05-27 22:47:25 - Agent.MusicAgent - INFO - [MusicAgent] Saved: outputs\music\ep1_strings.wav (134.0s)
2026-05-27 22:47:25 - Agent.MusicAgent - INFO - [MusicAgent] Generating location-aware ambient (134s)...
2026-05-27 22:47:34 - Agent.MusicAgent - INFO - [MusicAgent] Saved: outputs\music\ep1_ambient_location.wav (134.0s)
2026-05-27 22:47:34 - Agent.MusicAgent - INFO - [MusicAgent] Episode 1 music complete
2026-05-27 22:47:34 - Agent.VideoCompositor - INFO - [VideoCompositor] Starting video composition (Agent 6b)...
2026-05-27 22:47:34 - Agent.VideoCompositor - INFO - [VideoCompositor] Rendering episode 1...
2026-05-27 22:47:34 - Agent.VideoCompositor - ERROR - [VideoCompositor] Episode 1 failed: Episode 1: audio not found
2026-05-27 22:47:34 - Agent.VideoCompositor - INFO - [VideoCompositor] Composition: 0/1 rendered
