2026-05-24 17:52:28 - Agent.DepthParallax - INFO - [DepthParallax] Pre-computing depth maps...
2026-05-24 17:52:28 - Agent.DepthParallax - INFO - [DepthParallax] Computing depth maps for 16 images...
2026-05-24 17:52:28 - Agent.DepthParallax - INFO - [DepthParallax] Depth Anything V2 available via transformers
2026-05-24 17:52:28 - Agent.DepthParallax - INFO - [DepthParallax] Loading Depth Anything V2 Small (~100MB first run)...
2026-05-24 17:52:29 - Agent.DepthParallax - INFO - [DepthParallax] Depth model loaded
2026-05-24 17:52:30 - Agent.DepthParallax - INFO - [DepthParallax] Depth map generated and cached: ep1_reveal3_evidence_depth.npy
2026-05-24 17:52:30 - Agent.DepthParallax - INFO - [DepthParallax] Depth maps ready: 1 new, 15 cached
2026-05-24 17:52:30 - Agent.MusicAgent - INFO - [MusicAgent] Music generation (MusicGen: True)...
2026-05-24 17:52:30 - Agent.MusicAgent - INFO - [MusicAgent] Deleted old: ep1_ambient.wav
2026-05-24 17:52:30 - Agent.MusicAgent - INFO - [MusicAgent] Deleted old: ep1_tension.wav
2026-05-24 17:52:30 - Agent.MusicAgent - INFO - [MusicAgent] Deleted old: ep1_sting.wav
2026-05-24 17:52:30 - Agent.MusicAgent - INFO - [MusicAgent] Deleted old: ep1_ambient_location.wav
2026-05-24 17:52:30 - Agent.MusicAgent - INFO - [MusicAgent] Episode 1 music...
2026-05-24 17:52:30 - Agent.MusicAgent - INFO - [MusicAgent] Generating ambient (59s)...
2026-05-24 17:52:30 - Agent.MusicAgent - INFO - [MusicAgent] Loading MusicGen small...
2026-05-24 17:56:30 - Agent.MusicAgent - INFO - [MusicAgent] Saved: outputs\music\ep1_ambient.wav (58.8s)
2026-05-24 17:56:30 - Agent.MusicAgent - INFO - [MusicAgent] Generating tension (59s)...
2026-05-24 17:56:30 - Agent.MusicAgent - INFO - [MusicAgent] Loading MusicGen small...
2026-05-24 18:00:10 - Agent.MusicAgent - INFO - [MusicAgent] Saved: outputs\music\ep1_tension.wav (58.8s)
2026-05-24 18:00:10 - Agent.MusicAgent - INFO - [MusicAgent] Generating sting...
2026-05-24 18:00:10 - Agent.MusicAgent - INFO - [MusicAgent] Loading MusicGen small...
2026-05-24 18:00:23 - Agent.MusicAgent - INFO - [MusicAgent] Saved: outputs\music\ep1_sting.wav (1.5s)
2026-05-24 18:00:23 - Agent.MusicAgent - INFO - [MusicAgent] Generating location-aware ambient (59s)...
2026-05-24 18:00:23 - Agent.MusicAgent - INFO - [MusicAgent] Saved: outputs\music\ep1_ambient_location.wav (58.8s)
2026-05-24 18:00:23 - Agent.MusicAgent - INFO - [MusicAgent] Episode 1 music complete
