2026-05-23 16:33:24 - Agent.generate_image_via_hf - ERROR - [generate_image_via_hf] Permanent error, not retrying: Payment required: Client error '402 Payment Required' for url 'https://router.huggingface.co/fal-ai/fal-ai/flux/dev' (Request ID: Root=1-6a121d25-258fbcdd2c54d2df65ad3633;422719d5-b634-4c86-a3d1-d298b9c323ad)
For more information check: https://developer.mozilla.org/en-US/docs/Web/HTTP/Status/402

Pay-as-you go is not enabled for provider fal-ai yet.
Traceback (most recent call last):
  File "C:\Users\tejap\OneDrive\Desktop\film_factory\venv\Lib\site-packages\huggingface_hub\utils\_http.py", line 761, in hf_raise_for_status
    response.raise_for_status()
    ~~~~~~~~~~~~~~~~~~~~~~~~~^^
  File "C:\Users\tejap\OneDrive\Desktop\film_factory\venv\Lib\site-packages\httpx\_models.py", line 829, in raise_for_status
    raise HTTPStatusError(message, request=request, response=self)
httpx.HTTPStatusError: Client error '402 Payment Required' for url 'https://router.huggingface.co/fal-ai/fal-ai/flux/dev'
For more information check: https://developer.mozilla.org/en-US/docs/Web/HTTP/Status/402

The above exception was the direct cause of the following exception:

Traceback (most recent call last):
  File "C:\Users\tejap\OneDrive\Desktop\film_factory\agents\agent_5a_image_generator.py", line 162, in generate_image_via_hf
    image = client.text_to_image(
        prompt=prompt,
    ...<6 lines>...
        negative_prompt=negative_prompt,
    )
  File "C:\Users\tejap\OneDrive\Desktop\film_factory\venv\Lib\site-packages\huggingface_hub\inference\_client.py", line 2575, in text_to_image
    response = self._inner_post(request_parameters)
  File "C:\Users\tejap\OneDrive\Desktop\film_factory\venv\Lib\site-packages\huggingface_hub\inference\_client.py", line 283, in _inner_post
    hf_raise_for_status(response)
    ~~~~~~~~~~~~~~~~~~~^^^^^^^^^^
  File "C:\Users\tejap\OneDrive\Desktop\film_factory\venv\Lib\site-packages\huggingface_hub\utils\_http.py", line 877, in hf_raise_for_status
    raise _format(HfHubHTTPError, str(e), response) from e
huggingface_hub.errors.HfHubHTTPError: Client error '402 Payment Required' for url 'https://router.huggingface.co/fal-ai/fal-ai/flux/dev' (Request ID: Root=1-6a121d25-258fbcdd2c54d2df65ad3633;422719d5-b634-4c86-a3d1-d298b9c323ad)
For more information check: https://developer.mozilla.org/en-US/docs/Web/HTTP/Status/402

Pay-as-you go is not enabled for provider fal-ai yet.

During handling of the above exception, another exception occurred:

Traceback (most recent call last):
  File "C:\Users\tejap\OneDrive\Desktop\film_factory\utils\retry.py", line 34, in wrapper
    return func(*args, **kwargs)
  File "C:\Users\tejap\OneDrive\Desktop\film_factory\agents\agent_5a_image_generator.py", line 182, in generate_image_via_hf
    raise PermanentException(f"Payment required: {e}")
utils.errors.PermanentException: Payment required: Client error '402 Payment Required' for url 'https://router.huggingface.co/fal-ai/fal-ai/flux/dev' (Request ID: Root=1-6a121d25-258fbcdd2c54d2df65ad3633;422719d5-b634-4c86-a3d1-d298b9c323ad)
For more information check: https://developer.mozilla.org/en-US/docs/Web/HTTP/Status/402

Pay-as-you go is not enabled for provider fal-ai yet.
2026-05-23 16:33:28 - Agent.generate_image_via_hf - ERROR - [generate_image_via_hf] Permanent error, not retrying: Payment required: Client error '402 Payment Required' for url 'https://router.huggingface.co/fal-ai/fal-ai/flux/dev' (Request ID: Root=1-6a121d29-739b45c97999c1e64d0af9d6;2408f09f-53ed-44a3-a1c7-7b41e2bad4c1)
For more information check: https://developer.mozilla.org/en-US/docs/Web/HTTP/Status/402

Pay-as-you go is not enabled for provider fal-ai yet.
Traceback (most recent call last):
  File "C:\Users\tejap\OneDrive\Desktop\film_factory\venv\Lib\site-packages\huggingface_hub\utils\_http.py", line 761, in hf_raise_for_status
    response.raise_for_status()
    ~~~~~~~~~~~~~~~~~~~~~~~~~^^
  File "C:\Users\tejap\OneDrive\Desktop\film_factory\venv\Lib\site-packages\httpx\_models.py", line 829, in raise_for_status
    raise HTTPStatusError(message, request=request, response=self)
httpx.HTTPStatusError: Client error '402 Payment Required' for url 'https://router.huggingface.co/fal-ai/fal-ai/flux/dev'
For more information check: https://developer.mozilla.org/en-US/docs/Web/HTTP/Status/402

The above exception was the direct cause of the following exception:

Traceback (most recent call last):
  File "C:\Users\tejap\OneDrive\Desktop\film_factory\agents\agent_5a_image_generator.py", line 162, in generate_image_via_hf
    image = client.text_to_image(
        prompt=prompt,
    ...<6 lines>...
        negative_prompt=negative_prompt,
    )
  File "C:\Users\tejap\OneDrive\Desktop\film_factory\venv\Lib\site-packages\huggingface_hub\inference\_client.py", line 2575, in text_to_image
    response = self._inner_post(request_parameters)
  File "C:\Users\tejap\OneDrive\Desktop\film_factory\venv\Lib\site-packages\huggingface_hub\inference\_client.py", line 283, in _inner_post
    hf_raise_for_status(response)
    ~~~~~~~~~~~~~~~~~~~^^^^^^^^^^
  File "C:\Users\tejap\OneDrive\Desktop\film_factory\venv\Lib\site-packages\huggingface_hub\utils\_http.py", line 877, in hf_raise_for_status
    raise _format(HfHubHTTPError, str(e), response) from e
huggingface_hub.errors.HfHubHTTPError: Client error '402 Payment Required' for url 'https://router.huggingface.co/fal-ai/fal-ai/flux/dev' (Request ID: Root=1-6a121d29-739b45c97999c1e64d0af9d6;2408f09f-53ed-44a3-a1c7-7b41e2bad4c1)
For more information check: https://developer.mozilla.org/en-US/docs/Web/HTTP/Status/402

Pay-as-you go is not enabled for provider fal-ai yet.

During handling of the above exception, another exception occurred:

Traceback (most recent call last):
  File "C:\Users\tejap\OneDrive\Desktop\film_factory\utils\retry.py", line 34, in wrapper
    return func(*args, **kwargs)
  File "C:\Users\tejap\OneDrive\Desktop\film_factory\agents\agent_5a_image_generator.py", line 182, in generate_image_via_hf
    raise PermanentException(f"Payment required: {e}")
utils.errors.PermanentException: Payment required: Client error '402 Payment Required' for url 'https://router.huggingface.co/fal-ai/fal-ai/flux/dev' (Request ID: Root=1-6a121d29-739b45c97999c1e64d0af9d6;2408f09f-53ed-44a3-a1c7-7b41e2bad4c1)
For more information check: https://developer.mozilla.org/en-US/docs/Web/HTTP/Status/402

Pay-as-you go is not enabled for provider fal-ai yet.
2026-05-23 16:33:30 - Agent.generate_image_via_hf - ERROR - [generate_image_via_hf] Permanent error, not retrying: Payment required: Client error '402 Payment Required' for url 'https://router.huggingface.co/fal-ai/fal-ai/flux/dev' (Request ID: Root=1-6a121d2b-4bd86add1ec563e16ceca133;aa7f7a09-0afd-48d1-bbb4-0717837d32e7)
For more information check: https://developer.mozilla.org/en-US/docs/Web/HTTP/Status/402

Pay-as-you go is not enabled for provider fal-ai yet.
Traceback (most recent call last):
  File "C:\Users\tejap\OneDrive\Desktop\film_factory\venv\Lib\site-packages\huggingface_hub\utils\_http.py", line 761, in hf_raise_for_status
    response.raise_for_status()
    ~~~~~~~~~~~~~~~~~~~~~~~~~^^
  File "C:\Users\tejap\OneDrive\Desktop\film_factory\venv\Lib\site-packages\httpx\_models.py", line 829, in raise_for_status
    raise HTTPStatusError(message, request=request, response=self)
httpx.HTTPStatusError: Client error '402 Payment Required' for url 'https://router.huggingface.co/fal-ai/fal-ai/flux/dev'
For more information check: https://developer.mozilla.org/en-US/docs/Web/HTTP/Status/402

The above exception was the direct cause of the following exception:

Traceback (most recent call last):
  File "C:\Users\tejap\OneDrive\Desktop\film_factory\agents\agent_5a_image_generator.py", line 162, in generate_image_via_hf
    image = client.text_to_image(
        prompt=prompt,
    ...<6 lines>...
        negative_prompt=negative_prompt,
    )
  File "C:\Users\tejap\OneDrive\Desktop\film_factory\venv\Lib\site-packages\huggingface_hub\inference\_client.py", line 2575, in text_to_image
    response = self._inner_post(request_parameters)
  File "C:\Users\tejap\OneDrive\Desktop\film_factory\venv\Lib\site-packages\huggingface_hub\inference\_client.py", line 283, in _inner_post
    hf_raise_for_status(response)
    ~~~~~~~~~~~~~~~~~~~^^^^^^^^^^
  File "C:\Users\tejap\OneDrive\Desktop\film_factory\venv\Lib\site-packages\huggingface_hub\utils\_http.py", line 877, in hf_raise_for_status
    raise _format(HfHubHTTPError, str(e), response) from e
huggingface_hub.errors.HfHubHTTPError: Client error '402 Payment Required' for url 'https://router.huggingface.co/fal-ai/fal-ai/flux/dev' (Request ID: Root=1-6a121d2b-4bd86add1ec563e16ceca133;aa7f7a09-0afd-48d1-bbb4-0717837d32e7)
For more information check: https://developer.mozilla.org/en-US/docs/Web/HTTP/Status/402

Pay-as-you go is not enabled for provider fal-ai yet.

During handling of the above exception, another exception occurred:

Traceback (most recent call last):
  File "C:\Users\tejap\OneDrive\Desktop\film_factory\utils\retry.py", line 34, in wrapper
    return func(*args, **kwargs)
  File "C:\Users\tejap\OneDrive\Desktop\film_factory\agents\agent_5a_image_generator.py", line 182, in generate_image_via_hf
    raise PermanentException(f"Payment required: {e}")
utils.errors.PermanentException: Payment required: Client error '402 Payment Required' for url 'https://router.huggingface.co/fal-ai/fal-ai/flux/dev' (Request ID: Root=1-6a121d2b-4bd86add1ec563e16ceca133;aa7f7a09-0afd-48d1-bbb4-0717837d32e7)
For more information check: https://developer.mozilla.org/en-US/docs/Web/HTTP/Status/402

Pay-as-you go is not enabled for provider fal-ai yet.
