2026-05-30 00:34:46 - Agent.EditPlanner - INFO - [EditPlanner] Building edit decision lists (Agent 6a)...
2026-05-30 00:34:46 - Agent.EditPlanner - INFO - [EditPlanner] Planning episode 1...
2026-05-30 00:34:46 - Agent.EditPlanner - INFO - [EditPlanner] Episode 1: 16 scenes (16 with images), 5 reveals, 5 timestamps
2026-05-30 00:34:46 - Agent.EditPlanner - INFO - [EditPlanner] Building EDL for episode 1...
2026-05-30 00:34:46 - Agent.EditPlanner - INFO - [EditPlanner] Total audio: 51240ms (51.2s)
2026-05-30 00:34:46 - Agent.EditPlanner - WARNING - [EditPlanner] Reveal at 16546ms overlaps previous end 19803ms — skipping
2026-05-30 00:34:46 - Agent.EditPlanner - WARNING - [EditPlanner] Reveal at 16866ms overlaps previous end 19803ms — skipping
2026-05-30 00:34:46 - Agent.EditPlanner - INFO - [EditPlanner] EDL built: 18 entries, 5 reveals, total 51.2s
2026-05-30 00:34:46 - Agent.EditPlanner - INFO - [EditPlanner] EDL saved: outputs/episode_1_edl.json
2026-05-30 00:34:46 - Agent.EditPlanner - INFO - [EditPlanner] Edit planning complete: 1 EDLs
2026-05-30 00:34:46 - Agent.MusicAgent - INFO - [MusicAgent] Music generation (MusicGen: True)...
2026-05-30 00:34:46 - Agent.MusicAgent - INFO - [MusicAgent] Deleted old: ep1_ambient.wav
2026-05-30 00:34:46 - Agent.MusicAgent - INFO - [MusicAgent] Deleted old: ep1_tension.wav
2026-05-30 00:34:46 - Agent.MusicAgent - INFO - [MusicAgent] Deleted old: ep1_sting.wav
2026-05-30 00:34:46 - Agent.MusicAgent - INFO - [MusicAgent] Deleted old: ep1_ambient_location.wav
2026-05-30 00:34:46 - Agent.MusicAgent - INFO - [MusicAgent] Deleted old: ep1_heartbeat.wav
2026-05-30 00:34:46 - Agent.MusicAgent - INFO - [MusicAgent] Deleted old: ep1_strings.wav
2026-05-30 00:34:46 - Agent.MusicAgent - INFO - [MusicAgent] Episode 1 music...
2026-05-30 00:34:46 - Agent.MusicAgent - INFO - [MusicAgent] Episode 1: 51.2s, 3 reveals, cliffhanger at 48.4s
2026-05-30 00:34:46 - Agent.MusicAgent - INFO - [MusicAgent] Generating ambient (51s)...
2026-05-30 00:34:46 - Agent.MusicAgent - INFO - [MusicAgent] Loading MusicGen small...
2026-05-30 00:38:26 - Agent.MusicAgent - INFO - [MusicAgent] Saved: outputs\music\ep1_ambient.wav (51.2s)
2026-05-30 00:38:26 - Agent.MusicAgent - INFO - [MusicAgent] Generating event-aware tension (51s, 18 EDL events)...
2026-05-30 00:38:26 - Agent.MusicAgent - INFO - [MusicAgent] Loading MusicGen small...
2026-05-30 00:40:31 - Agent.MusicAgent - WARNING - [MusicAgent] MusicGen failed: Cannot send a request, as the client has been closed.
2026-05-30 00:40:32 - Agent.MusicAgent - INFO - [MusicAgent] Saved: outputs\music\ep1_tension.wav (51.2s)
2026-05-30 00:40:32 - Agent.MusicAgent - INFO - [MusicAgent] Generating sting...
2026-05-30 00:40:32 - Agent.MusicAgent - INFO - [MusicAgent] Loading MusicGen small...
2026-05-30 00:41:25 - Agent.MusicAgent - WARNING - [MusicAgent] MusicGen failed: Cannot send a request, as the client has been closed.
2026-05-30 00:41:25 - Agent.MusicAgent - INFO - [MusicAgent] Saved: outputs\music\ep1_sting.wav (2.0s)
2026-05-30 00:41:25 - Agent.MusicAgent - INFO - [MusicAgent] Generating heartbeat (51s)...
2026-05-30 00:41:25 - Agent.MusicAgent - INFO - [MusicAgent] Saved: outputs\music\ep1_heartbeat.wav (51.2s)
2026-05-30 00:41:25 - Agent.MusicAgent - INFO - [MusicAgent] Generating strings (51s)...
2026-05-30 00:41:26 - Agent.MusicAgent - INFO - [MusicAgent] Saved: outputs\music\ep1_strings.wav (51.2s)
2026-05-30 00:41:26 - Agent.MusicAgent - INFO - [MusicAgent] Generating location-aware ambient (51s)...
2026-05-30 00:41:29 - Agent.MusicAgent - INFO - [MusicAgent] Saved: outputs\music\ep1_ambient_location.wav (51.2s)
2026-05-30 00:41:29 - Agent.MusicAgent - INFO - [MusicAgent] Episode 1 music complete
