2026-05-27 23:57:46 - Agent.EditPlanner - INFO - [EditPlanner] Building edit decision lists (Agent 6a)...
2026-05-27 23:57:46 - Agent.EditPlanner - INFO - [EditPlanner] Planning episode 1...
2026-05-27 23:57:46 - Agent.EditPlanner - INFO - [EditPlanner] Episode 1: 16 scenes (16 with images), 5 reveals, 5 timestamps
2026-05-27 23:57:46 - Agent.EditPlanner - INFO - [EditPlanner] Building EDL for episode 1...
2026-05-27 23:57:46 - Agent.EditPlanner - INFO - [EditPlanner] Total audio: 62140ms (62.1s)
2026-05-27 23:57:46 - Agent.EditPlanner - INFO - [EditPlanner] EDL built: 11 entries, 5 reveals, total 62.1s
2026-05-27 23:57:46 - Agent.EditPlanner - INFO - [EditPlanner] EDL saved: outputs/episode_1_edl.json
2026-05-27 23:57:46 - Agent.EditPlanner - INFO - [EditPlanner] Edit planning complete: 1 EDLs
2026-05-27 23:57:46 - Agent.MusicAgent - INFO - [MusicAgent] Music generation (MusicGen: True)...
2026-05-27 23:57:46 - Agent.MusicAgent - INFO - [MusicAgent] Deleted old: ep1_ambient.wav
2026-05-27 23:57:46 - Agent.MusicAgent - INFO - [MusicAgent] Deleted old: ep1_tension.wav
2026-05-27 23:57:46 - Agent.MusicAgent - INFO - [MusicAgent] Deleted old: ep1_sting.wav
2026-05-27 23:57:46 - Agent.MusicAgent - INFO - [MusicAgent] Deleted old: ep1_ambient_location.wav
2026-05-27 23:57:46 - Agent.MusicAgent - INFO - [MusicAgent] Deleted old: ep1_heartbeat.wav
2026-05-27 23:57:46 - Agent.MusicAgent - INFO - [MusicAgent] Deleted old: ep1_strings.wav
2026-05-27 23:57:46 - Agent.MusicAgent - INFO - [MusicAgent] Episode 1 music...
2026-05-27 23:57:46 - Agent.MusicAgent - INFO - [MusicAgent] Episode 1: 62.1s, 5 reveals, cliffhanger at 59.3s
2026-05-27 23:57:46 - Agent.MusicAgent - INFO - [MusicAgent] Generating ambient (62s)...
2026-05-27 23:57:46 - Agent.MusicAgent - INFO - [MusicAgent] Loading MusicGen small...
2026-05-28 00:01:48 - Agent.MusicAgent - INFO - [MusicAgent] Saved: outputs\music\ep1_ambient.wav (62.1s)
2026-05-28 00:01:48 - Agent.MusicAgent - INFO - [MusicAgent] Generating event-aware tension (62s, 11 EDL events)...
2026-05-28 00:01:48 - Agent.MusicAgent - INFO - [MusicAgent] Loading MusicGen small...
2026-05-28 00:05:46 - Agent.MusicAgent - INFO - [MusicAgent] Saved: outputs\music\ep1_tension.wav (62.1s)
2026-05-28 00:05:46 - Agent.MusicAgent - INFO - [MusicAgent] Generating sting...
2026-05-28 00:05:46 - Agent.MusicAgent - INFO - [MusicAgent] Loading MusicGen small...
2026-05-28 00:06:00 - Agent.MusicAgent - INFO - [MusicAgent] Saved: outputs\music\ep1_sting.wav (1.9s)
2026-05-28 00:06:00 - Agent.MusicAgent - INFO - [MusicAgent] Generating heartbeat (62s)...
2026-05-28 00:06:00 - Agent.MusicAgent - INFO - [MusicAgent] Saved: outputs\music\ep1_heartbeat.wav (62.1s)
2026-05-28 00:06:00 - Agent.MusicAgent - INFO - [MusicAgent] Generating strings (62s)...
2026-05-28 00:06:00 - Agent.MusicAgent - INFO - [MusicAgent] Saved: outputs\music\ep1_strings.wav (62.1s)
2026-05-28 00:06:00 - Agent.MusicAgent - INFO - [MusicAgent] Generating location-aware ambient (62s)...
2026-05-28 00:06:02 - Agent.MusicAgent - INFO - [MusicAgent] Saved: outputs\music\ep1_ambient_location.wav (62.1s)
2026-05-28 00:06:02 - Agent.MusicAgent - INFO - [MusicAgent] Episode 1 music complete
