2026-05-23 16:42:42 - Agent.PromptCorrector - INFO - [PromptCorrector] Starting visual prompt correction for Episode 1...
2026-05-23 16:42:42 - Agent.PromptCorrector - INFO - [PromptCorrector] Analyzing 8 anchor images...
2026-05-23 16:42:42 - Agent.PromptCorrector - INFO - [PromptCorrector]   Analyzing: Ravenshade Manor
2026-05-23 16:42:46 - Agent.PromptCorrector - INFO - [PromptCorrector] Image analyzed: 552 chars
2026-05-23 16:42:46 - Agent.PromptCorrector - INFO - [PromptCorrector]   Analyzing: Virat's Apartment
2026-05-23 16:42:50 - Agent.PromptCorrector - INFO - [PromptCorrector] Image analyzed: 528 chars
2026-05-23 16:42:50 - Agent.PromptCorrector - INFO - [PromptCorrector]   Analyzing: Police Archive Room
2026-05-23 16:43:02 - Agent.PromptCorrector - INFO - [PromptCorrector] Image analyzed: 490 chars
2026-05-23 16:43:02 - Agent.PromptCorrector - INFO - [PromptCorrector]   Analyzing: Sophia's Office
2026-05-23 16:43:09 - Agent.PromptCorrector - INFO - [PromptCorrector] Image analyzed: 526 chars
2026-05-23 16:43:09 - Agent.PromptCorrector - INFO - [PromptCorrector]   Analyzing: The Ashford Family Home (Past)
2026-05-23 16:43:13 - Agent.PromptCorrector - INFO - [PromptCorrector] Image analyzed: 545 chars
2026-05-23 16:43:13 - Agent.PromptCorrector - INFO - [PromptCorrector]   Analyzing: The Highway Overpass (Past)
2026-05-23 16:43:16 - Agent.PromptCorrector - INFO - [PromptCorrector] Image analyzed: 607 chars
2026-05-23 16:43:16 - Agent.PromptCorrector - INFO - [PromptCorrector]   Analyzing: Marcus's Study at Ravenshade
2026-05-23 16:43:20 - Agent.PromptCorrector - INFO - [PromptCorrector] Image analyzed: 585 chars
2026-05-23 16:43:20 - Agent.PromptCorrector - INFO - [PromptCorrector]   Analyzing: The Police Station Interrogation Room
2026-05-23 16:43:23 - Agent.PromptCorrector - INFO - [PromptCorrector] Image analyzed: 540 chars
2026-05-23 16:43:23 - Agent.PromptCorrector - INFO - [PromptCorrector] Rewriting 4 Episode 1 prompts...
2026-05-23 16:43:25 - Agent.PromptCorrector - INFO - [PromptCorrector]   Scene 1 corrected
2026-05-23 16:43:28 - Agent.PromptCorrector - INFO - [PromptCorrector]   Scene 2 corrected
2026-05-23 16:43:30 - Agent.PromptCorrector - INFO - [PromptCorrector]   Scene 3 corrected
2026-05-23 16:43:32 - Agent.PromptCorrector - INFO - [PromptCorrector]   Scene 4 corrected
2026-05-23 16:43:32 - Agent.PromptCorrector - INFO - [PromptCorrector] Prompt correction complete: 4/4 corrected
2026-05-23 16:43:32 - Agent.MusicAgent - INFO - [MusicAgent] Music generation starting (MusicGen: True)...
2026-05-23 16:43:32 - Agent.MusicAgent - INFO - [MusicAgent] Episode 1 music...
2026-05-23 16:43:32 - Agent.MusicAgent - INFO - [MusicAgent] Generating ambient (57s)...
2026-05-23 16:43:32 - Agent.MusicAgent - INFO - [MusicAgent] Loading MusicGen model (first run downloads ~300MB)...
2026-05-23 16:43:37 - Agent.MusicAgent - INFO - [MusicAgent] Generating 30s of audio...
2026-05-23 16:47:26 - Agent.MusicAgent - INFO - [MusicAgent] MusicGen generated 29.9s audio
2026-05-23 16:47:26 - Agent.MusicAgent - INFO - [MusicAgent] Saved: outputs\music\ep1_ambient.wav (56.8s)
2026-05-23 16:47:26 - Agent.MusicAgent - INFO - [MusicAgent] Generating tension (57s)...
2026-05-23 16:47:26 - Agent.MusicAgent - INFO - [MusicAgent] Loading MusicGen model (first run downloads ~300MB)...
2026-05-23 16:47:31 - Agent.MusicAgent - INFO - [MusicAgent] Generating 30s of audio...
2026-05-23 16:51:34 - Agent.MusicAgent - INFO - [MusicAgent] MusicGen generated 29.9s audio
2026-05-23 16:51:34 - Agent.MusicAgent - INFO - [MusicAgent] Saved: outputs\music\ep1_tension.wav (56.8s)
2026-05-23 16:51:34 - Agent.MusicAgent - INFO - [MusicAgent] Generating sting...
2026-05-23 16:51:34 - Agent.MusicAgent - INFO - [MusicAgent] Loading MusicGen model (first run downloads ~300MB)...
2026-05-23 16:51:39 - Agent.MusicAgent - INFO - [MusicAgent] Generating 2s of audio...
2026-05-23 16:51:50 - Agent.MusicAgent - INFO - [MusicAgent] MusicGen generated 1.9s audio
2026-05-23 16:51:50 - Agent.MusicAgent - INFO - [MusicAgent] Saved: outputs\music\ep1_sting.wav (1.5s)
2026-05-23 16:51:50 - Agent.MusicAgent - INFO - [MusicAgent] Episode 1 music complete
