2026-05-20 11:07:56 - Orchestrator - INFO - ============================================================
2026-05-20 11:07:56 - Orchestrator - INFO - FILM FACTORY PIPELINE STARTING
2026-05-20 11:07:56 - Orchestrator - INFO - ============================================================
2026-05-20 11:07:56 - Orchestrator - INFO - Output directories verified
2026-05-20 11:07:56 - Orchestrator - INFO - Story idea: A nurse discovers her hospital is quietly killing patients for organ harvesting and she is the next target
2026-05-20 11:07:56 - Orchestrator - INFO - 
[1/5] Running Story Architect...
2026-05-20 11:08:41 - Orchestrator - INFO - 
[2/5] Running Screenplay Writer...
2026-05-20 11:08:41 - Orchestrator - INFO -   Writing episode 1...
2026-05-20 11:08:49 - Orchestrator - INFO -   Writing episode 2...
2026-05-20 11:08:55 - Orchestrator - INFO - 
[3/5] Running Scene Director...
2026-05-20 11:08:55 - Orchestrator - INFO -   Directing episode 1...
2026-05-20 11:09:09 - Orchestrator - INFO -   Directing episode 2...
2026-05-20 11:09:17 - Orchestrator - INFO - 
[4/5] Running Voiceover Agent...
2026-05-20 11:09:17 - Orchestrator - INFO -   Generating voiceover for episode 1...
2026-05-20 11:09:17 - Agent.VoiceoverAgent - INFO - [VoiceoverAgent] Generating voiceover for episode 1...
2026-05-20 11:09:17 - Agent.VoiceoverAgent - INFO - [VoiceoverAgent] Extracting narration...
2026-05-20 11:09:17 - Agent.VoiceoverAgent - INFO - [VoiceoverAgent] Narration extracted: 592 characters
2026-05-20 11:09:17 - Agent.VoiceoverAgent - INFO - [VoiceoverAgent] Formatting for pacing...
2026-05-20 11:09:17 - Agent.VoiceoverAgent - INFO - [VoiceoverAgent] Chunking narration...
2026-05-20 11:09:17 - Agent.VoiceoverAgent - INFO - [VoiceoverAgent] Narration split into 1 chunks
2026-05-20 11:09:17 - Agent.VoiceoverAgent - INFO - [VoiceoverAgent] Generating 1 audio chunks...
2026-05-20 11:09:17 - Agent.VoiceoverAgent - INFO - [VoiceoverAgent]   Processing chunk 1/1...
2026-05-20 11:09:33 - Agent.VoiceoverAgent - INFO - [VoiceoverAgent] Audio saved: outputs/audio/episode_1_voiceover.wav
2026-05-20 11:09:33 - Agent.VoiceoverAgent - INFO - [VoiceoverAgent] Voiceover complete: outputs/audio/episode_1_voiceover.wav
2026-05-20 11:09:33 - Orchestrator - INFO -   Generating voiceover for episode 2...
2026-05-20 11:09:33 - Agent.VoiceoverAgent - INFO - [VoiceoverAgent] Generating voiceover for episode 2...
2026-05-20 11:09:33 - Agent.VoiceoverAgent - INFO - [VoiceoverAgent] Extracting narration...
2026-05-20 11:09:33 - Agent.VoiceoverAgent - INFO - [VoiceoverAgent] Narration extracted: 777 characters
2026-05-20 11:09:33 - Agent.VoiceoverAgent - INFO - [VoiceoverAgent] Formatting for pacing...
2026-05-20 11:09:33 - Agent.VoiceoverAgent - INFO - [VoiceoverAgent] Chunking narration...
2026-05-20 11:09:33 - Agent.VoiceoverAgent - INFO - [VoiceoverAgent] Narration split into 2 chunks
2026-05-20 11:09:33 - Agent.VoiceoverAgent - INFO - [VoiceoverAgent] Generating 2 audio chunks...
2026-05-20 11:09:33 - Agent.VoiceoverAgent - INFO - [VoiceoverAgent]   Processing chunk 1/2...
2026-05-20 11:09:50 - Agent.VoiceoverAgent - INFO - [VoiceoverAgent]   Processing chunk 2/2...
2026-05-20 11:09:59 - Agent.VoiceoverAgent - INFO - [VoiceoverAgent] Concatenating audio chunks...
2026-05-20 11:09:59 - Agent.VoiceoverAgent - INFO - [VoiceoverAgent] Voiceover complete: outputs/audio/episode_2_voiceover.wav
2026-05-20 11:09:59 - Orchestrator - INFO - 
[5/5] Running Image Generator...
2026-05-20 11:09:59 - Agent.ImageGenerator - INFO - [ImageGenerator] Starting anchor image generation...
2026-05-20 11:09:59 - Agent.ImageGenerator - INFO - [ImageGenerator] Found 7 locations to generate
2026-05-20 11:09:59 - Agent.ImageGenerator - INFO - [ImageGenerator] HuggingFace client initialized
2026-05-20 11:09:59 - Agent.ImageGenerator - INFO - [ImageGenerator] Generating anchor for 'Riverside Medical Center — ICU'...
2026-05-20 11:10:25 - Agent.ImageGenerator - ERROR - [ImageGenerator] Failed after retries for 'Riverside Medical Center — ICU': API call failed: Please install Pillow to use deal with images (`pip install Pillow`). If you don't want the image to be post-processed, use `client.post(...)` and get the raw response from the server.
Traceback (most recent call last):
  File "C:\Users\tejap\OneDrive\Desktop\film_factory\agents\agent_5a_image_generator.py", line 93, in generate_image_via_hf
    image = client.text_to_image(
        prompt=prompt,
    ...<5 lines>...
        guidance_scale=3.5
    )
  File "C:\Users\tejap\OneDrive\Desktop\film_factory\venv\Lib\site-packages\huggingface_hub\inference\_client.py", line 2577, in text_to_image
    return _bytes_to_image(response)
  File "C:\Users\tejap\OneDrive\Desktop\film_factory\venv\Lib\site-packages\huggingface_hub\inference\_common.py", line 248, in _bytes_to_image
    Image = _import_pil_image()
  File "C:\Users\tejap\OneDrive\Desktop\film_factory\venv\Lib\site-packages\huggingface_hub\inference\_common.py", line 106, in _import_pil_image
    raise ImportError(
    ...<2 lines>...
    )
ImportError: Please install Pillow to use deal with images (`pip install Pillow`). If you don't want the image to be post-processed, use `client.post(...)` and get the raw response from the server.

During handling of the above exception, another exception occurred:

Traceback (most recent call last):
  File "C:\Users\tejap\OneDrive\Desktop\film_factory\agents\agent_5a_image_generator.py", line 155, in generate_anchor_image
    image = generate_image_via_hf(prompt, seed, client)
  File "C:\Users\tejap\OneDrive\Desktop\film_factory\utils\retry.py", line 34, in wrapper
    return func(*args, **kwargs)
  File "C:\Users\tejap\OneDrive\Desktop\film_factory\agents\agent_5a_image_generator.py", line 118, in generate_image_via_hf
    raise RetryableException(f"API call failed: {e}")
utils.errors.RetryableException: API call failed: Please install Pillow to use deal with images (`pip install Pillow`). If you don't want the image to be post-processed, use `client.post(...)` and get the raw response from the server.
2026-05-20 11:10:25 - Agent.ImageGenerator - ERROR - [ImageGenerator] Failed for 'Riverside Medical Center — ICU': Max retries exceeded: API call failed: Please install Pillow to use deal with images (`pip install Pillow`). If you don't want the image to be post-processed, use `client.post(...)` and get the raw response from the server.
Traceback (most recent call last):
  File "C:\Users\tejap\OneDrive\Desktop\film_factory\agents\agent_5a_image_generator.py", line 93, in generate_image_via_hf
    image = client.text_to_image(
        prompt=prompt,
    ...<5 lines>...
        guidance_scale=3.5
    )
  File "C:\Users\tejap\OneDrive\Desktop\film_factory\venv\Lib\site-packages\huggingface_hub\inference\_client.py", line 2577, in text_to_image
    return _bytes_to_image(response)
  File "C:\Users\tejap\OneDrive\Desktop\film_factory\venv\Lib\site-packages\huggingface_hub\inference\_common.py", line 248, in _bytes_to_image
    Image = _import_pil_image()
  File "C:\Users\tejap\OneDrive\Desktop\film_factory\venv\Lib\site-packages\huggingface_hub\inference\_common.py", line 106, in _import_pil_image
    raise ImportError(
    ...<2 lines>...
    )
ImportError: Please install Pillow to use deal with images (`pip install Pillow`). If you don't want the image to be post-processed, use `client.post(...)` and get the raw response from the server.

During handling of the above exception, another exception occurred:

Traceback (most recent call last):
  File "C:\Users\tejap\OneDrive\Desktop\film_factory\agents\agent_5a_image_generator.py", line 155, in generate_anchor_image
    image = generate_image_via_hf(prompt, seed, client)
  File "C:\Users\tejap\OneDrive\Desktop\film_factory\utils\retry.py", line 34, in wrapper
    return func(*args, **kwargs)
  File "C:\Users\tejap\OneDrive\Desktop\film_factory\agents\agent_5a_image_generator.py", line 118, in generate_image_via_hf
    raise RetryableException(f"API call failed: {e}")
utils.errors.RetryableException: API call failed: Please install Pillow to use deal with images (`pip install Pillow`). If you don't want the image to be post-processed, use `client.post(...)` and get the raw response from the server.

During handling of the above exception, another exception occurred:

Traceback (most recent call last):
  File "C:\Users\tejap\OneDrive\Desktop\film_factory\agents\agent_5a_image_generator.py", line 236, in run_agent_5a
    image_path = generate_anchor_image(
        location_name,
    ...<2 lines>...
        client
    )
  File "C:\Users\tejap\OneDrive\Desktop\film_factory\agents\agent_5a_image_generator.py", line 175, in generate_anchor_image
    raise ImageGeneratorException(f"Max retries exceeded: {e}")
utils.errors.ImageGeneratorException: Max retries exceeded: API call failed: Please install Pillow to use deal with images (`pip install Pillow`). If you don't want the image to be post-processed, use `client.post(...)` and get the raw response from the server.
2026-05-20 11:10:27 - Agent.ImageGenerator - INFO - [ImageGenerator] Generating anchor for 'Riverside Medical Center — Surgical Wing'...
2026-05-20 11:10:27 - Agent.ImageGenerator - ERROR - [ImageGenerator] Permanent error for 'Riverside Medical Center — Surgical Wing': Payment required - check HF account credits: Client error '402 Payment Required' for url 'https://router.huggingface.co/fal-ai/fal-ai/flux/dev' (Request ID: Root=1-6a0ddcf5-20109db064ca3fa959eb0f1d;1159d1a4-6128-4e69-a951-3e73127c01b8)
For more information check: https://developer.mozilla.org/en-US/docs/Web/HTTP/Status/402

You have depleted your monthly included credits. Purchase pre-paid credits to continue using Inference Providers. Alternatively, subscribe to PRO to get 20x more included usage.
Traceback (most recent call last):
  File "C:\Users\tejap\OneDrive\Desktop\film_factory\venv\Lib\site-packages\huggingface_hub\utils\_http.py", line 761, in hf_raise_for_status
    response.raise_for_status()
    ~~~~~~~~~~~~~~~~~~~~~~~~~^^
  File "C:\Users\tejap\OneDrive\Desktop\film_factory\venv\Lib\site-packages\httpx\_models.py", line 829, in raise_for_status
    raise HTTPStatusError(message, request=request, response=self)
httpx.HTTPStatusError: Client error '402 Payment Required' for url 'https://router.huggingface.co/fal-ai/fal-ai/flux/dev'
For more information check: https://developer.mozilla.org/en-US/docs/Web/HTTP/Status/402

The above exception was the direct cause of the following exception:

Traceback (most recent call last):
  File "C:\Users\tejap\OneDrive\Desktop\film_factory\agents\agent_5a_image_generator.py", line 93, in generate_image_via_hf
    image = client.text_to_image(
        prompt=prompt,
    ...<5 lines>...
        guidance_scale=3.5
    )
  File "C:\Users\tejap\OneDrive\Desktop\film_factory\venv\Lib\site-packages\huggingface_hub\inference\_client.py", line 2575, in text_to_image
    response = self._inner_post(request_parameters)
  File "C:\Users\tejap\OneDrive\Desktop\film_factory\venv\Lib\site-packages\huggingface_hub\inference\_client.py", line 283, in _inner_post
    hf_raise_for_status(response)
    ~~~~~~~~~~~~~~~~~~~^^^^^^^^^^
  File "C:\Users\tejap\OneDrive\Desktop\film_factory\venv\Lib\site-packages\huggingface_hub\utils\_http.py", line 877, in hf_raise_for_status
    raise _format(HfHubHTTPError, str(e), response) from e
huggingface_hub.errors.HfHubHTTPError: Client error '402 Payment Required' for url 'https://router.huggingface.co/fal-ai/fal-ai/flux/dev' (Request ID: Root=1-6a0ddcf5-20109db064ca3fa959eb0f1d;1159d1a4-6128-4e69-a951-3e73127c01b8)
For more information check: https://developer.mozilla.org/en-US/docs/Web/HTTP/Status/402

You have depleted your monthly included credits. Purchase pre-paid credits to continue using Inference Providers. Alternatively, subscribe to PRO to get 20x more included usage.

During handling of the above exception, another exception occurred:

Traceback (most recent call last):
  File "C:\Users\tejap\OneDrive\Desktop\film_factory\agents\agent_5a_image_generator.py", line 155, in generate_anchor_image
    image = generate_image_via_hf(prompt, seed, client)
  File "C:\Users\tejap\OneDrive\Desktop\film_factory\utils\retry.py", line 34, in wrapper
    return func(*args, **kwargs)
  File "C:\Users\tejap\OneDrive\Desktop\film_factory\agents\agent_5a_image_generator.py", line 116, in generate_image_via_hf
    raise PermanentException(f"Payment required - check HF account credits: {e}")
utils.errors.PermanentException: Payment required - check HF account credits: Client error '402 Payment Required' for url 'https://router.huggingface.co/fal-ai/fal-ai/flux/dev' (Request ID: Root=1-6a0ddcf5-20109db064ca3fa959eb0f1d;1159d1a4-6128-4e69-a951-3e73127c01b8)
For more information check: https://developer.mozilla.org/en-US/docs/Web/HTTP/Status/402

You have depleted your monthly included credits. Purchase pre-paid credits to continue using Inference Providers. Alternatively, subscribe to PRO to get 20x more included usage.
2026-05-20 11:10:27 - Agent.ImageGenerator - ERROR - [ImageGenerator] Failed for 'Riverside Medical Center — Surgical Wing': Permanent failure: Payment required - check HF account credits: Client error '402 Payment Required' for url 'https://router.huggingface.co/fal-ai/fal-ai/flux/dev' (Request ID: Root=1-6a0ddcf5-20109db064ca3fa959eb0f1d;1159d1a4-6128-4e69-a951-3e73127c01b8)
For more information check: https://developer.mozilla.org/en-US/docs/Web/HTTP/Status/402

You have depleted your monthly included credits. Purchase pre-paid credits to continue using Inference Providers. Alternatively, subscribe to PRO to get 20x more included usage.
Traceback (most recent call last):
  File "C:\Users\tejap\OneDrive\Desktop\film_factory\venv\Lib\site-packages\huggingface_hub\utils\_http.py", line 761, in hf_raise_for_status
    response.raise_for_status()
    ~~~~~~~~~~~~~~~~~~~~~~~~~^^
  File "C:\Users\tejap\OneDrive\Desktop\film_factory\venv\Lib\site-packages\httpx\_models.py", line 829, in raise_for_status
    raise HTTPStatusError(message, request=request, response=self)
httpx.HTTPStatusError: Client error '402 Payment Required' for url 'https://router.huggingface.co/fal-ai/fal-ai/flux/dev'
For more information check: https://developer.mozilla.org/en-US/docs/Web/HTTP/Status/402

The above exception was the direct cause of the following exception:

Traceback (most recent call last):
  File "C:\Users\tejap\OneDrive\Desktop\film_factory\agents\agent_5a_image_generator.py", line 93, in generate_image_via_hf
    image = client.text_to_image(
        prompt=prompt,
    ...<5 lines>...
        guidance_scale=3.5
    )
  File "C:\Users\tejap\OneDrive\Desktop\film_factory\venv\Lib\site-packages\huggingface_hub\inference\_client.py", line 2575, in text_to_image
    response = self._inner_post(request_parameters)
  File "C:\Users\tejap\OneDrive\Desktop\film_factory\venv\Lib\site-packages\huggingface_hub\inference\_client.py", line 283, in _inner_post
    hf_raise_for_status(response)
    ~~~~~~~~~~~~~~~~~~~^^^^^^^^^^
  File "C:\Users\tejap\OneDrive\Desktop\film_factory\venv\Lib\site-packages\huggingface_hub\utils\_http.py", line 877, in hf_raise_for_status
    raise _format(HfHubHTTPError, str(e), response) from e
huggingface_hub.errors.HfHubHTTPError: Client error '402 Payment Required' for url 'https://router.huggingface.co/fal-ai/fal-ai/flux/dev' (Request ID: Root=1-6a0ddcf5-20109db064ca3fa959eb0f1d;1159d1a4-6128-4e69-a951-3e73127c01b8)
For more information check: https://developer.mozilla.org/en-US/docs/Web/HTTP/Status/402

You have depleted your monthly included credits. Purchase pre-paid credits to continue using Inference Providers. Alternatively, subscribe to PRO to get 20x more included usage.

During handling of the above exception, another exception occurred:

Traceback (most recent call last):
  File "C:\Users\tejap\OneDrive\Desktop\film_factory\agents\agent_5a_image_generator.py", line 155, in generate_anchor_image
    image = generate_image_via_hf(prompt, seed, client)
  File "C:\Users\tejap\OneDrive\Desktop\film_factory\utils\retry.py", line 34, in wrapper
    return func(*args, **kwargs)
  File "C:\Users\tejap\OneDrive\Desktop\film_factory\agents\agent_5a_image_generator.py", line 116, in generate_image_via_hf
    raise PermanentException(f"Payment required - check HF account credits: {e}")
utils.errors.PermanentException: Payment required - check HF account credits: Client error '402 Payment Required' for url 'https://router.huggingface.co/fal-ai/fal-ai/flux/dev' (Request ID: Root=1-6a0ddcf5-20109db064ca3fa959eb0f1d;1159d1a4-6128-4e69-a951-3e73127c01b8)
For more information check: https://developer.mozilla.org/en-US/docs/Web/HTTP/Status/402

You have depleted your monthly included credits. Purchase pre-paid credits to continue using Inference Providers. Alternatively, subscribe to PRO to get 20x more included usage.

During handling of the above exception, another exception occurred:

Traceback (most recent call last):
  File "C:\Users\tejap\OneDrive\Desktop\film_factory\agents\agent_5a_image_generator.py", line 236, in run_agent_5a
    image_path = generate_anchor_image(
        location_name,
    ...<2 lines>...
        client
    )
  File "C:\Users\tejap\OneDrive\Desktop\film_factory\agents\agent_5a_image_generator.py", line 172, in generate_anchor_image
    raise ImageGeneratorException(f"Permanent failure: {e}")
utils.errors.ImageGeneratorException: Permanent failure: Payment required - check HF account credits: Client error '402 Payment Required' for url 'https://router.huggingface.co/fal-ai/fal-ai/flux/dev' (Request ID: Root=1-6a0ddcf5-20109db064ca3fa959eb0f1d;1159d1a4-6128-4e69-a951-3e73127c01b8)
For more information check: https://developer.mozilla.org/en-US/docs/Web/HTTP/Status/402

You have depleted your monthly included credits. Purchase pre-paid credits to continue using Inference Providers. Alternatively, subscribe to PRO to get 20x more included usage.
2026-05-20 11:10:29 - Agent.ImageGenerator - INFO - [ImageGenerator] Generating anchor for 'Riverside Medical Center — Administrative Offices'...
2026-05-20 11:10:29 - Agent.ImageGenerator - ERROR - [ImageGenerator] Permanent error for 'Riverside Medical Center — Administrative Offices': Payment required - check HF account credits: Client error '402 Payment Required' for url 'https://router.huggingface.co/fal-ai/fal-ai/flux/dev' (Request ID: Root=1-6a0ddcf7-4435d84b7e71a9e359f84483;a234dfdb-133f-4739-89b2-f7bcf32975bf)
For more information check: https://developer.mozilla.org/en-US/docs/Web/HTTP/Status/402

You have depleted your monthly included credits. Purchase pre-paid credits to continue using Inference Providers. Alternatively, subscribe to PRO to get 20x more included usage.
Traceback (most recent call last):
  File "C:\Users\tejap\OneDrive\Desktop\film_factory\venv\Lib\site-packages\huggingface_hub\utils\_http.py", line 761, in hf_raise_for_status
    response.raise_for_status()
    ~~~~~~~~~~~~~~~~~~~~~~~~~^^
  File "C:\Users\tejap\OneDrive\Desktop\film_factory\venv\Lib\site-packages\httpx\_models.py", line 829, in raise_for_status
    raise HTTPStatusError(message, request=request, response=self)
httpx.HTTPStatusError: Client error '402 Payment Required' for url 'https://router.huggingface.co/fal-ai/fal-ai/flux/dev'
For more information check: https://developer.mozilla.org/en-US/docs/Web/HTTP/Status/402

The above exception was the direct cause of the following exception:

Traceback (most recent call last):
  File "C:\Users\tejap\OneDrive\Desktop\film_factory\agents\agent_5a_image_generator.py", line 93, in generate_image_via_hf
    image = client.text_to_image(
        prompt=prompt,
    ...<5 lines>...
        guidance_scale=3.5
    )
  File "C:\Users\tejap\OneDrive\Desktop\film_factory\venv\Lib\site-packages\huggingface_hub\inference\_client.py", line 2575, in text_to_image
    response = self._inner_post(request_parameters)
  File "C:\Users\tejap\OneDrive\Desktop\film_factory\venv\Lib\site-packages\huggingface_hub\inference\_client.py", line 283, in _inner_post
    hf_raise_for_status(response)
    ~~~~~~~~~~~~~~~~~~~^^^^^^^^^^
  File "C:\Users\tejap\OneDrive\Desktop\film_factory\venv\Lib\site-packages\huggingface_hub\utils\_http.py", line 877, in hf_raise_for_status
    raise _format(HfHubHTTPError, str(e), response) from e
huggingface_hub.errors.HfHubHTTPError: Client error '402 Payment Required' for url 'https://router.huggingface.co/fal-ai/fal-ai/flux/dev' (Request ID: Root=1-6a0ddcf7-4435d84b7e71a9e359f84483;a234dfdb-133f-4739-89b2-f7bcf32975bf)
For more information check: https://developer.mozilla.org/en-US/docs/Web/HTTP/Status/402

You have depleted your monthly included credits. Purchase pre-paid credits to continue using Inference Providers. Alternatively, subscribe to PRO to get 20x more included usage.

During handling of the above exception, another exception occurred:

Traceback (most recent call last):
  File "C:\Users\tejap\OneDrive\Desktop\film_factory\agents\agent_5a_image_generator.py", line 155, in generate_anchor_image
    image = generate_image_via_hf(prompt, seed, client)
  File "C:\Users\tejap\OneDrive\Desktop\film_factory\utils\retry.py", line 34, in wrapper
    return func(*args, **kwargs)
  File "C:\Users\tejap\OneDrive\Desktop\film_factory\agents\agent_5a_image_generator.py", line 116, in generate_image_via_hf
    raise PermanentException(f"Payment required - check HF account credits: {e}")
utils.errors.PermanentException: Payment required - check HF account credits: Client error '402 Payment Required' for url 'https://router.huggingface.co/fal-ai/fal-ai/flux/dev' (Request ID: Root=1-6a0ddcf7-4435d84b7e71a9e359f84483;a234dfdb-133f-4739-89b2-f7bcf32975bf)
For more information check: https://developer.mozilla.org/en-US/docs/Web/HTTP/Status/402

You have depleted your monthly included credits. Purchase pre-paid credits to continue using Inference Providers. Alternatively, subscribe to PRO to get 20x more included usage.
2026-05-20 11:10:29 - Agent.ImageGenerator - ERROR - [ImageGenerator] Failed for 'Riverside Medical Center — Administrative Offices': Permanent failure: Payment required - check HF account credits: Client error '402 Payment Required' for url 'https://router.huggingface.co/fal-ai/fal-ai/flux/dev' (Request ID: Root=1-6a0ddcf7-4435d84b7e71a9e359f84483;a234dfdb-133f-4739-89b2-f7bcf32975bf)
For more information check: https://developer.mozilla.org/en-US/docs/Web/HTTP/Status/402

You have depleted your monthly included credits. Purchase pre-paid credits to continue using Inference Providers. Alternatively, subscribe to PRO to get 20x more included usage.
Traceback (most recent call last):
  File "C:\Users\tejap\OneDrive\Desktop\film_factory\venv\Lib\site-packages\huggingface_hub\utils\_http.py", line 761, in hf_raise_for_status
    response.raise_for_status()
    ~~~~~~~~~~~~~~~~~~~~~~~~~^^
  File "C:\Users\tejap\OneDrive\Desktop\film_factory\venv\Lib\site-packages\httpx\_models.py", line 829, in raise_for_status
    raise HTTPStatusError(message, request=request, response=self)
httpx.HTTPStatusError: Client error '402 Payment Required' for url 'https://router.huggingface.co/fal-ai/fal-ai/flux/dev'
For more information check: https://developer.mozilla.org/en-US/docs/Web/HTTP/Status/402

The above exception was the direct cause of the following exception:

Traceback (most recent call last):
  File "C:\Users\tejap\OneDrive\Desktop\film_factory\agents\agent_5a_image_generator.py", line 93, in generate_image_via_hf
    image = client.text_to_image(
        prompt=prompt,
    ...<5 lines>...
        guidance_scale=3.5
    )
  File "C:\Users\tejap\OneDrive\Desktop\film_factory\venv\Lib\site-packages\huggingface_hub\inference\_client.py", line 2575, in text_to_image
    response = self._inner_post(request_parameters)
  File "C:\Users\tejap\OneDrive\Desktop\film_factory\venv\Lib\site-packages\huggingface_hub\inference\_client.py", line 283, in _inner_post
    hf_raise_for_status(response)
    ~~~~~~~~~~~~~~~~~~~^^^^^^^^^^
  File "C:\Users\tejap\OneDrive\Desktop\film_factory\venv\Lib\site-packages\huggingface_hub\utils\_http.py", line 877, in hf_raise_for_status
    raise _format(HfHubHTTPError, str(e), response) from e
huggingface_hub.errors.HfHubHTTPError: Client error '402 Payment Required' for url 'https://router.huggingface.co/fal-ai/fal-ai/flux/dev' (Request ID: Root=1-6a0ddcf7-4435d84b7e71a9e359f84483;a234dfdb-133f-4739-89b2-f7bcf32975bf)
For more information check: https://developer.mozilla.org/en-US/docs/Web/HTTP/Status/402

You have depleted your monthly included credits. Purchase pre-paid credits to continue using Inference Providers. Alternatively, subscribe to PRO to get 20x more included usage.

During handling of the above exception, another exception occurred:

Traceback (most recent call last):
  File "C:\Users\tejap\OneDrive\Desktop\film_factory\agents\agent_5a_image_generator.py", line 155, in generate_anchor_image
    image = generate_image_via_hf(prompt, seed, client)
  File "C:\Users\tejap\OneDrive\Desktop\film_factory\utils\retry.py", line 34, in wrapper
    return func(*args, **kwargs)
  File "C:\Users\tejap\OneDrive\Desktop\film_factory\agents\agent_5a_image_generator.py", line 116, in generate_image_via_hf
    raise PermanentException(f"Payment required - check HF account credits: {e}")
utils.errors.PermanentException: Payment required - check HF account credits: Client error '402 Payment Required' for url 'https://router.huggingface.co/fal-ai/fal-ai/flux/dev' (Request ID: Root=1-6a0ddcf7-4435d84b7e71a9e359f84483;a234dfdb-133f-4739-89b2-f7bcf32975bf)
For more information check: https://developer.mozilla.org/en-US/docs/Web/HTTP/Status/402

You have depleted your monthly included credits. Purchase pre-paid credits to continue using Inference Providers. Alternatively, subscribe to PRO to get 20x more included usage.

During handling of the above exception, another exception occurred:

Traceback (most recent call last):
  File "C:\Users\tejap\OneDrive\Desktop\film_factory\agents\agent_5a_image_generator.py", line 236, in run_agent_5a
    image_path = generate_anchor_image(
        location_name,
    ...<2 lines>...
        client
    )
  File "C:\Users\tejap\OneDrive\Desktop\film_factory\agents\agent_5a_image_generator.py", line 172, in generate_anchor_image
    raise ImageGeneratorException(f"Permanent failure: {e}")
utils.errors.ImageGeneratorException: Permanent failure: Payment required - check HF account credits: Client error '402 Payment Required' for url 'https://router.huggingface.co/fal-ai/fal-ai/flux/dev' (Request ID: Root=1-6a0ddcf7-4435d84b7e71a9e359f84483;a234dfdb-133f-4739-89b2-f7bcf32975bf)
For more information check: https://developer.mozilla.org/en-US/docs/Web/HTTP/Status/402

You have depleted your monthly included credits. Purchase pre-paid credits to continue using Inference Providers. Alternatively, subscribe to PRO to get 20x more included usage.
2026-05-20 11:10:31 - Agent.ImageGenerator - INFO - [ImageGenerator] Generating anchor for 'Riverside Medical Center — Basement Records Room'...
2026-05-20 11:10:31 - Agent.ImageGenerator - ERROR - [ImageGenerator] Permanent error for 'Riverside Medical Center — Basement Records Room': Payment required - check HF account credits: Client error '402 Payment Required' for url 'https://router.huggingface.co/fal-ai/fal-ai/flux/dev' (Request ID: Root=1-6a0ddcf9-4f5819811aced26b693add65;92d6d9b4-568e-4a5c-a3ca-325b75eaa89a)
For more information check: https://developer.mozilla.org/en-US/docs/Web/HTTP/Status/402

You have depleted your monthly included credits. Purchase pre-paid credits to continue using Inference Providers. Alternatively, subscribe to PRO to get 20x more included usage.
Traceback (most recent call last):
  File "C:\Users\tejap\OneDrive\Desktop\film_factory\venv\Lib\site-packages\huggingface_hub\utils\_http.py", line 761, in hf_raise_for_status
    response.raise_for_status()
    ~~~~~~~~~~~~~~~~~~~~~~~~~^^
  File "C:\Users\tejap\OneDrive\Desktop\film_factory\venv\Lib\site-packages\httpx\_models.py", line 829, in raise_for_status
    raise HTTPStatusError(message, request=request, response=self)
httpx.HTTPStatusError: Client error '402 Payment Required' for url 'https://router.huggingface.co/fal-ai/fal-ai/flux/dev'
For more information check: https://developer.mozilla.org/en-US/docs/Web/HTTP/Status/402

The above exception was the direct cause of the following exception:

Traceback (most recent call last):
  File "C:\Users\tejap\OneDrive\Desktop\film_factory\agents\agent_5a_image_generator.py", line 93, in generate_image_via_hf
    image = client.text_to_image(
        prompt=prompt,
    ...<5 lines>...
        guidance_scale=3.5
    )
  File "C:\Users\tejap\OneDrive\Desktop\film_factory\venv\Lib\site-packages\huggingface_hub\inference\_client.py", line 2575, in text_to_image
    response = self._inner_post(request_parameters)
  File "C:\Users\tejap\OneDrive\Desktop\film_factory\venv\Lib\site-packages\huggingface_hub\inference\_client.py", line 283, in _inner_post
    hf_raise_for_status(response)
    ~~~~~~~~~~~~~~~~~~~^^^^^^^^^^
  File "C:\Users\tejap\OneDrive\Desktop\film_factory\venv\Lib\site-packages\huggingface_hub\utils\_http.py", line 877, in hf_raise_for_status
    raise _format(HfHubHTTPError, str(e), response) from e
huggingface_hub.errors.HfHubHTTPError: Client error '402 Payment Required' for url 'https://router.huggingface.co/fal-ai/fal-ai/flux/dev' (Request ID: Root=1-6a0ddcf9-4f5819811aced26b693add65;92d6d9b4-568e-4a5c-a3ca-325b75eaa89a)
For more information check: https://developer.mozilla.org/en-US/docs/Web/HTTP/Status/402

You have depleted your monthly included credits. Purchase pre-paid credits to continue using Inference Providers. Alternatively, subscribe to PRO to get 20x more included usage.

During handling of the above exception, another exception occurred:

Traceback (most recent call last):
  File "C:\Users\tejap\OneDrive\Desktop\film_factory\agents\agent_5a_image_generator.py", line 155, in generate_anchor_image
    image = generate_image_via_hf(prompt, seed, client)
  File "C:\Users\tejap\OneDrive\Desktop\film_factory\utils\retry.py", line 34, in wrapper
    return func(*args, **kwargs)
  File "C:\Users\tejap\OneDrive\Desktop\film_factory\agents\agent_5a_image_generator.py", line 116, in generate_image_via_hf
    raise PermanentException(f"Payment required - check HF account credits: {e}")
utils.errors.PermanentException: Payment required - check HF account credits: Client error '402 Payment Required' for url 'https://router.huggingface.co/fal-ai/fal-ai/flux/dev' (Request ID: Root=1-6a0ddcf9-4f5819811aced26b693add65;92d6d9b4-568e-4a5c-a3ca-325b75eaa89a)
For more information check: https://developer.mozilla.org/en-US/docs/Web/HTTP/Status/402

You have depleted your monthly included credits. Purchase pre-paid credits to continue using Inference Providers. Alternatively, subscribe to PRO to get 20x more included usage.
2026-05-20 11:10:31 - Agent.ImageGenerator - ERROR - [ImageGenerator] Failed for 'Riverside Medical Center — Basement Records Room': Permanent failure: Payment required - check HF account credits: Client error '402 Payment Required' for url 'https://router.huggingface.co/fal-ai/fal-ai/flux/dev' (Request ID: Root=1-6a0ddcf9-4f5819811aced26b693add65;92d6d9b4-568e-4a5c-a3ca-325b75eaa89a)
For more information check: https://developer.mozilla.org/en-US/docs/Web/HTTP/Status/402

You have depleted your monthly included credits. Purchase pre-paid credits to continue using Inference Providers. Alternatively, subscribe to PRO to get 20x more included usage.
Traceback (most recent call last):
  File "C:\Users\tejap\OneDrive\Desktop\film_factory\venv\Lib\site-packages\huggingface_hub\utils\_http.py", line 761, in hf_raise_for_status
    response.raise_for_status()
    ~~~~~~~~~~~~~~~~~~~~~~~~~^^
  File "C:\Users\tejap\OneDrive\Desktop\film_factory\venv\Lib\site-packages\httpx\_models.py", line 829, in raise_for_status
    raise HTTPStatusError(message, request=request, response=self)
httpx.HTTPStatusError: Client error '402 Payment Required' for url 'https://router.huggingface.co/fal-ai/fal-ai/flux/dev'
For more information check: https://developer.mozilla.org/en-US/docs/Web/HTTP/Status/402

The above exception was the direct cause of the following exception:

Traceback (most recent call last):
  File "C:\Users\tejap\OneDrive\Desktop\film_factory\agents\agent_5a_image_generator.py", line 93, in generate_image_via_hf
    image = client.text_to_image(
        prompt=prompt,
    ...<5 lines>...
        guidance_scale=3.5
    )
  File "C:\Users\tejap\OneDrive\Desktop\film_factory\venv\Lib\site-packages\huggingface_hub\inference\_client.py", line 2575, in text_to_image
    response = self._inner_post(request_parameters)
  File "C:\Users\tejap\OneDrive\Desktop\film_factory\venv\Lib\site-packages\huggingface_hub\inference\_client.py", line 283, in _inner_post
    hf_raise_for_status(response)
    ~~~~~~~~~~~~~~~~~~~^^^^^^^^^^
  File "C:\Users\tejap\OneDrive\Desktop\film_factory\venv\Lib\site-packages\huggingface_hub\utils\_http.py", line 877, in hf_raise_for_status
    raise _format(HfHubHTTPError, str(e), response) from e
huggingface_hub.errors.HfHubHTTPError: Client error '402 Payment Required' for url 'https://router.huggingface.co/fal-ai/fal-ai/flux/dev' (Request ID: Root=1-6a0ddcf9-4f5819811aced26b693add65;92d6d9b4-568e-4a5c-a3ca-325b75eaa89a)
For more information check: https://developer.mozilla.org/en-US/docs/Web/HTTP/Status/402

You have depleted your monthly included credits. Purchase pre-paid credits to continue using Inference Providers. Alternatively, subscribe to PRO to get 20x more included usage.

During handling of the above exception, another exception occurred:

Traceback (most recent call last):
  File "C:\Users\tejap\OneDrive\Desktop\film_factory\agents\agent_5a_image_generator.py", line 155, in generate_anchor_image
    image = generate_image_via_hf(prompt, seed, client)
  File "C:\Users\tejap\OneDrive\Desktop\film_factory\utils\retry.py", line 34, in wrapper
    return func(*args, **kwargs)
  File "C:\Users\tejap\OneDrive\Desktop\film_factory\agents\agent_5a_image_generator.py", line 116, in generate_image_via_hf
    raise PermanentException(f"Payment required - check HF account credits: {e}")
utils.errors.PermanentException: Payment required - check HF account credits: Client error '402 Payment Required' for url 'https://router.huggingface.co/fal-ai/fal-ai/flux/dev' (Request ID: Root=1-6a0ddcf9-4f5819811aced26b693add65;92d6d9b4-568e-4a5c-a3ca-325b75eaa89a)
For more information check: https://developer.mozilla.org/en-US/docs/Web/HTTP/Status/402

You have depleted your monthly included credits. Purchase pre-paid credits to continue using Inference Providers. Alternatively, subscribe to PRO to get 20x more included usage.

During handling of the above exception, another exception occurred:

Traceback (most recent call last):
  File "C:\Users\tejap\OneDrive\Desktop\film_factory\agents\agent_5a_image_generator.py", line 236, in run_agent_5a
    image_path = generate_anchor_image(
        location_name,
    ...<2 lines>...
        client
    )
  File "C:\Users\tejap\OneDrive\Desktop\film_factory\agents\agent_5a_image_generator.py", line 172, in generate_anchor_image
    raise ImageGeneratorException(f"Permanent failure: {e}")
utils.errors.ImageGeneratorException: Permanent failure: Payment required - check HF account credits: Client error '402 Payment Required' for url 'https://router.huggingface.co/fal-ai/fal-ai/flux/dev' (Request ID: Root=1-6a0ddcf9-4f5819811aced26b693add65;92d6d9b4-568e-4a5c-a3ca-325b75eaa89a)
For more information check: https://developer.mozilla.org/en-US/docs/Web/HTTP/Status/402

You have depleted your monthly included credits. Purchase pre-paid credits to continue using Inference Providers. Alternatively, subscribe to PRO to get 20x more included usage.
2026-05-20 11:10:33 - Agent.ImageGenerator - INFO - [ImageGenerator] Generating anchor for 'Sarah's Apartment'...
2026-05-20 11:10:34 - Agent.ImageGenerator - ERROR - [ImageGenerator] Permanent error for 'Sarah's Apartment': Payment required - check HF account credits: Client error '402 Payment Required' for url 'https://router.huggingface.co/fal-ai/fal-ai/flux/dev' (Request ID: Root=1-6a0ddcfb-1e1523ba0c79c5b73de2001a;671efdae-72cc-4b00-a302-7a21c9ce1cd2)
For more information check: https://developer.mozilla.org/en-US/docs/Web/HTTP/Status/402

You have depleted your monthly included credits. Purchase pre-paid credits to continue using Inference Providers. Alternatively, subscribe to PRO to get 20x more included usage.
Traceback (most recent call last):
  File "C:\Users\tejap\OneDrive\Desktop\film_factory\venv\Lib\site-packages\huggingface_hub\utils\_http.py", line 761, in hf_raise_for_status
    response.raise_for_status()
    ~~~~~~~~~~~~~~~~~~~~~~~~~^^
  File "C:\Users\tejap\OneDrive\Desktop\film_factory\venv\Lib\site-packages\httpx\_models.py", line 829, in raise_for_status
    raise HTTPStatusError(message, request=request, response=self)
httpx.HTTPStatusError: Client error '402 Payment Required' for url 'https://router.huggingface.co/fal-ai/fal-ai/flux/dev'
For more information check: https://developer.mozilla.org/en-US/docs/Web/HTTP/Status/402

The above exception was the direct cause of the following exception:

Traceback (most recent call last):
  File "C:\Users\tejap\OneDrive\Desktop\film_factory\agents\agent_5a_image_generator.py", line 93, in generate_image_via_hf
    image = client.text_to_image(
        prompt=prompt,
    ...<5 lines>...
        guidance_scale=3.5
    )
  File "C:\Users\tejap\OneDrive\Desktop\film_factory\venv\Lib\site-packages\huggingface_hub\inference\_client.py", line 2575, in text_to_image
    response = self._inner_post(request_parameters)
  File "C:\Users\tejap\OneDrive\Desktop\film_factory\venv\Lib\site-packages\huggingface_hub\inference\_client.py", line 283, in _inner_post
    hf_raise_for_status(response)
    ~~~~~~~~~~~~~~~~~~~^^^^^^^^^^
  File "C:\Users\tejap\OneDrive\Desktop\film_factory\venv\Lib\site-packages\huggingface_hub\utils\_http.py", line 877, in hf_raise_for_status
    raise _format(HfHubHTTPError, str(e), response) from e
huggingface_hub.errors.HfHubHTTPError: Client error '402 Payment Required' for url 'https://router.huggingface.co/fal-ai/fal-ai/flux/dev' (Request ID: Root=1-6a0ddcfb-1e1523ba0c79c5b73de2001a;671efdae-72cc-4b00-a302-7a21c9ce1cd2)
For more information check: https://developer.mozilla.org/en-US/docs/Web/HTTP/Status/402

You have depleted your monthly included credits. Purchase pre-paid credits to continue using Inference Providers. Alternatively, subscribe to PRO to get 20x more included usage.

During handling of the above exception, another exception occurred:

Traceback (most recent call last):
  File "C:\Users\tejap\OneDrive\Desktop\film_factory\agents\agent_5a_image_generator.py", line 155, in generate_anchor_image
    image = generate_image_via_hf(prompt, seed, client)
  File "C:\Users\tejap\OneDrive\Desktop\film_factory\utils\retry.py", line 34, in wrapper
    return func(*args, **kwargs)
  File "C:\Users\tejap\OneDrive\Desktop\film_factory\agents\agent_5a_image_generator.py", line 116, in generate_image_via_hf
    raise PermanentException(f"Payment required - check HF account credits: {e}")
utils.errors.PermanentException: Payment required - check HF account credits: Client error '402 Payment Required' for url 'https://router.huggingface.co/fal-ai/fal-ai/flux/dev' (Request ID: Root=1-6a0ddcfb-1e1523ba0c79c5b73de2001a;671efdae-72cc-4b00-a302-7a21c9ce1cd2)
For more information check: https://developer.mozilla.org/en-US/docs/Web/HTTP/Status/402

You have depleted your monthly included credits. Purchase pre-paid credits to continue using Inference Providers. Alternatively, subscribe to PRO to get 20x more included usage.
2026-05-20 11:10:34 - Agent.ImageGenerator - ERROR - [ImageGenerator] Failed for 'Sarah's Apartment': Permanent failure: Payment required - check HF account credits: Client error '402 Payment Required' for url 'https://router.huggingface.co/fal-ai/fal-ai/flux/dev' (Request ID: Root=1-6a0ddcfb-1e1523ba0c79c5b73de2001a;671efdae-72cc-4b00-a302-7a21c9ce1cd2)
For more information check: https://developer.mozilla.org/en-US/docs/Web/HTTP/Status/402

You have depleted your monthly included credits. Purchase pre-paid credits to continue using Inference Providers. Alternatively, subscribe to PRO to get 20x more included usage.
Traceback (most recent call last):
  File "C:\Users\tejap\OneDrive\Desktop\film_factory\venv\Lib\site-packages\huggingface_hub\utils\_http.py", line 761, in hf_raise_for_status
    response.raise_for_status()
    ~~~~~~~~~~~~~~~~~~~~~~~~~^^
  File "C:\Users\tejap\OneDrive\Desktop\film_factory\venv\Lib\site-packages\httpx\_models.py", line 829, in raise_for_status
    raise HTTPStatusError(message, request=request, response=self)
httpx.HTTPStatusError: Client error '402 Payment Required' for url 'https://router.huggingface.co/fal-ai/fal-ai/flux/dev'
For more information check: https://developer.mozilla.org/en-US/docs/Web/HTTP/Status/402

The above exception was the direct cause of the following exception:

Traceback (most recent call last):
  File "C:\Users\tejap\OneDrive\Desktop\film_factory\agents\agent_5a_image_generator.py", line 93, in generate_image_via_hf
    image = client.text_to_image(
        prompt=prompt,
    ...<5 lines>...
        guidance_scale=3.5
    )
  File "C:\Users\tejap\OneDrive\Desktop\film_factory\venv\Lib\site-packages\huggingface_hub\inference\_client.py", line 2575, in text_to_image
    response = self._inner_post(request_parameters)
  File "C:\Users\tejap\OneDrive\Desktop\film_factory\venv\Lib\site-packages\huggingface_hub\inference\_client.py", line 283, in _inner_post
    hf_raise_for_status(response)
    ~~~~~~~~~~~~~~~~~~~^^^^^^^^^^
  File "C:\Users\tejap\OneDrive\Desktop\film_factory\venv\Lib\site-packages\huggingface_hub\utils\_http.py", line 877, in hf_raise_for_status
    raise _format(HfHubHTTPError, str(e), response) from e
huggingface_hub.errors.HfHubHTTPError: Client error '402 Payment Required' for url 'https://router.huggingface.co/fal-ai/fal-ai/flux/dev' (Request ID: Root=1-6a0ddcfb-1e1523ba0c79c5b73de2001a;671efdae-72cc-4b00-a302-7a21c9ce1cd2)
For more information check: https://developer.mozilla.org/en-US/docs/Web/HTTP/Status/402

You have depleted your monthly included credits. Purchase pre-paid credits to continue using Inference Providers. Alternatively, subscribe to PRO to get 20x more included usage.

During handling of the above exception, another exception occurred:

Traceback (most recent call last):
  File "C:\Users\tejap\OneDrive\Desktop\film_factory\agents\agent_5a_image_generator.py", line 155, in generate_anchor_image
    image = generate_image_via_hf(prompt, seed, client)
  File "C:\Users\tejap\OneDrive\Desktop\film_factory\utils\retry.py", line 34, in wrapper
    return func(*args, **kwargs)
  File "C:\Users\tejap\OneDrive\Desktop\film_factory\agents\agent_5a_image_generator.py", line 116, in generate_image_via_hf
    raise PermanentException(f"Payment required - check HF account credits: {e}")
utils.errors.PermanentException: Payment required - check HF account credits: Client error '402 Payment Required' for url 'https://router.huggingface.co/fal-ai/fal-ai/flux/dev' (Request ID: Root=1-6a0ddcfb-1e1523ba0c79c5b73de2001a;671efdae-72cc-4b00-a302-7a21c9ce1cd2)
For more information check: https://developer.mozilla.org/en-US/docs/Web/HTTP/Status/402

You have depleted your monthly included credits. Purchase pre-paid credits to continue using Inference Providers. Alternatively, subscribe to PRO to get 20x more included usage.

During handling of the above exception, another exception occurred:

Traceback (most recent call last):
  File "C:\Users\tejap\OneDrive\Desktop\film_factory\agents\agent_5a_image_generator.py", line 236, in run_agent_5a
    image_path = generate_anchor_image(
        location_name,
    ...<2 lines>...
        client
    )
  File "C:\Users\tejap\OneDrive\Desktop\film_factory\agents\agent_5a_image_generator.py", line 172, in generate_anchor_image
    raise ImageGeneratorException(f"Permanent failure: {e}")
utils.errors.ImageGeneratorException: Permanent failure: Payment required - check HF account credits: Client error '402 Payment Required' for url 'https://router.huggingface.co/fal-ai/fal-ai/flux/dev' (Request ID: Root=1-6a0ddcfb-1e1523ba0c79c5b73de2001a;671efdae-72cc-4b00-a302-7a21c9ce1cd2)
For more information check: https://developer.mozilla.org/en-US/docs/Web/HTTP/Status/402

You have depleted your monthly included credits. Purchase pre-paid credits to continue using Inference Providers. Alternatively, subscribe to PRO to get 20x more included usage.
2026-05-20 11:10:36 - Agent.ImageGenerator - INFO - [ImageGenerator] Generating anchor for 'Riverside Medical Center — Parking Garage'...
2026-05-20 11:10:36 - Agent.ImageGenerator - ERROR - [ImageGenerator] Permanent error for 'Riverside Medical Center — Parking Garage': Payment required - check HF account credits: Client error '402 Payment Required' for url 'https://router.huggingface.co/fal-ai/fal-ai/flux/dev' (Request ID: Root=1-6a0ddcfd-6527aa0f42c0c28d2b51df8a;874d7f59-0683-442b-a81b-80016df2fcc3)
For more information check: https://developer.mozilla.org/en-US/docs/Web/HTTP/Status/402

You have depleted your monthly included credits. Purchase pre-paid credits to continue using Inference Providers. Alternatively, subscribe to PRO to get 20x more included usage.
Traceback (most recent call last):
  File "C:\Users\tejap\OneDrive\Desktop\film_factory\venv\Lib\site-packages\huggingface_hub\utils\_http.py", line 761, in hf_raise_for_status
    response.raise_for_status()
    ~~~~~~~~~~~~~~~~~~~~~~~~~^^
  File "C:\Users\tejap\OneDrive\Desktop\film_factory\venv\Lib\site-packages\httpx\_models.py", line 829, in raise_for_status
    raise HTTPStatusError(message, request=request, response=self)
httpx.HTTPStatusError: Client error '402 Payment Required' for url 'https://router.huggingface.co/fal-ai/fal-ai/flux/dev'
For more information check: https://developer.mozilla.org/en-US/docs/Web/HTTP/Status/402

The above exception was the direct cause of the following exception:

Traceback (most recent call last):
  File "C:\Users\tejap\OneDrive\Desktop\film_factory\agents\agent_5a_image_generator.py", line 93, in generate_image_via_hf
    image = client.text_to_image(
        prompt=prompt,
    ...<5 lines>...
        guidance_scale=3.5
    )
  File "C:\Users\tejap\OneDrive\Desktop\film_factory\venv\Lib\site-packages\huggingface_hub\inference\_client.py", line 2575, in text_to_image
    response = self._inner_post(request_parameters)
  File "C:\Users\tejap\OneDrive\Desktop\film_factory\venv\Lib\site-packages\huggingface_hub\inference\_client.py", line 283, in _inner_post
    hf_raise_for_status(response)
    ~~~~~~~~~~~~~~~~~~~^^^^^^^^^^
  File "C:\Users\tejap\OneDrive\Desktop\film_factory\venv\Lib\site-packages\huggingface_hub\utils\_http.py", line 877, in hf_raise_for_status
    raise _format(HfHubHTTPError, str(e), response) from e
huggingface_hub.errors.HfHubHTTPError: Client error '402 Payment Required' for url 'https://router.huggingface.co/fal-ai/fal-ai/flux/dev' (Request ID: Root=1-6a0ddcfd-6527aa0f42c0c28d2b51df8a;874d7f59-0683-442b-a81b-80016df2fcc3)
For more information check: https://developer.mozilla.org/en-US/docs/Web/HTTP/Status/402

You have depleted your monthly included credits. Purchase pre-paid credits to continue using Inference Providers. Alternatively, subscribe to PRO to get 20x more included usage.

During handling of the above exception, another exception occurred:

Traceback (most recent call last):
  File "C:\Users\tejap\OneDrive\Desktop\film_factory\agents\agent_5a_image_generator.py", line 155, in generate_anchor_image
    image = generate_image_via_hf(prompt, seed, client)
  File "C:\Users\tejap\OneDrive\Desktop\film_factory\utils\retry.py", line 34, in wrapper
    return func(*args, **kwargs)
  File "C:\Users\tejap\OneDrive\Desktop\film_factory\agents\agent_5a_image_generator.py", line 116, in generate_image_via_hf
    raise PermanentException(f"Payment required - check HF account credits: {e}")
utils.errors.PermanentException: Payment required - check HF account credits: Client error '402 Payment Required' for url 'https://router.huggingface.co/fal-ai/fal-ai/flux/dev' (Request ID: Root=1-6a0ddcfd-6527aa0f42c0c28d2b51df8a;874d7f59-0683-442b-a81b-80016df2fcc3)
For more information check: https://developer.mozilla.org/en-US/docs/Web/HTTP/Status/402

You have depleted your monthly included credits. Purchase pre-paid credits to continue using Inference Providers. Alternatively, subscribe to PRO to get 20x more included usage.
2026-05-20 11:10:36 - Agent.ImageGenerator - ERROR - [ImageGenerator] Failed for 'Riverside Medical Center — Parking Garage': Permanent failure: Payment required - check HF account credits: Client error '402 Payment Required' for url 'https://router.huggingface.co/fal-ai/fal-ai/flux/dev' (Request ID: Root=1-6a0ddcfd-6527aa0f42c0c28d2b51df8a;874d7f59-0683-442b-a81b-80016df2fcc3)
For more information check: https://developer.mozilla.org/en-US/docs/Web/HTTP/Status/402

You have depleted your monthly included credits. Purchase pre-paid credits to continue using Inference Providers. Alternatively, subscribe to PRO to get 20x more included usage.
Traceback (most recent call last):
  File "C:\Users\tejap\OneDrive\Desktop\film_factory\venv\Lib\site-packages\huggingface_hub\utils\_http.py", line 761, in hf_raise_for_status
    response.raise_for_status()
    ~~~~~~~~~~~~~~~~~~~~~~~~~^^
  File "C:\Users\tejap\OneDrive\Desktop\film_factory\venv\Lib\site-packages\httpx\_models.py", line 829, in raise_for_status
    raise HTTPStatusError(message, request=request, response=self)
httpx.HTTPStatusError: Client error '402 Payment Required' for url 'https://router.huggingface.co/fal-ai/fal-ai/flux/dev'
For more information check: https://developer.mozilla.org/en-US/docs/Web/HTTP/Status/402

The above exception was the direct cause of the following exception:

Traceback (most recent call last):
  File "C:\Users\tejap\OneDrive\Desktop\film_factory\agents\agent_5a_image_generator.py", line 93, in generate_image_via_hf
    image = client.text_to_image(
        prompt=prompt,
    ...<5 lines>...
        guidance_scale=3.5
    )
  File "C:\Users\tejap\OneDrive\Desktop\film_factory\venv\Lib\site-packages\huggingface_hub\inference\_client.py", line 2575, in text_to_image
    response = self._inner_post(request_parameters)
  File "C:\Users\tejap\OneDrive\Desktop\film_factory\venv\Lib\site-packages\huggingface_hub\inference\_client.py", line 283, in _inner_post
    hf_raise_for_status(response)
    ~~~~~~~~~~~~~~~~~~~^^^^^^^^^^
  File "C:\Users\tejap\OneDrive\Desktop\film_factory\venv\Lib\site-packages\huggingface_hub\utils\_http.py", line 877, in hf_raise_for_status
    raise _format(HfHubHTTPError, str(e), response) from e
huggingface_hub.errors.HfHubHTTPError: Client error '402 Payment Required' for url 'https://router.huggingface.co/fal-ai/fal-ai/flux/dev' (Request ID: Root=1-6a0ddcfd-6527aa0f42c0c28d2b51df8a;874d7f59-0683-442b-a81b-80016df2fcc3)
For more information check: https://developer.mozilla.org/en-US/docs/Web/HTTP/Status/402

You have depleted your monthly included credits. Purchase pre-paid credits to continue using Inference Providers. Alternatively, subscribe to PRO to get 20x more included usage.

During handling of the above exception, another exception occurred:

Traceback (most recent call last):
  File "C:\Users\tejap\OneDrive\Desktop\film_factory\agents\agent_5a_image_generator.py", line 155, in generate_anchor_image
    image = generate_image_via_hf(prompt, seed, client)
  File "C:\Users\tejap\OneDrive\Desktop\film_factory\utils\retry.py", line 34, in wrapper
    return func(*args, **kwargs)
  File "C:\Users\tejap\OneDrive\Desktop\film_factory\agents\agent_5a_image_generator.py", line 116, in generate_image_via_hf
    raise PermanentException(f"Payment required - check HF account credits: {e}")
utils.errors.PermanentException: Payment required - check HF account credits: Client error '402 Payment Required' for url 'https://router.huggingface.co/fal-ai/fal-ai/flux/dev' (Request ID: Root=1-6a0ddcfd-6527aa0f42c0c28d2b51df8a;874d7f59-0683-442b-a81b-80016df2fcc3)
For more information check: https://developer.mozilla.org/en-US/docs/Web/HTTP/Status/402

You have depleted your monthly included credits. Purchase pre-paid credits to continue using Inference Providers. Alternatively, subscribe to PRO to get 20x more included usage.

During handling of the above exception, another exception occurred:

Traceback (most recent call last):
  File "C:\Users\tejap\OneDrive\Desktop\film_factory\agents\agent_5a_image_generator.py", line 236, in run_agent_5a
    image_path = generate_anchor_image(
        location_name,
    ...<2 lines>...
        client
    )
  File "C:\Users\tejap\OneDrive\Desktop\film_factory\agents\agent_5a_image_generator.py", line 172, in generate_anchor_image
    raise ImageGeneratorException(f"Permanent failure: {e}")
utils.errors.ImageGeneratorException: Permanent failure: Payment required - check HF account credits: Client error '402 Payment Required' for url 'https://router.huggingface.co/fal-ai/fal-ai/flux/dev' (Request ID: Root=1-6a0ddcfd-6527aa0f42c0c28d2b51df8a;874d7f59-0683-442b-a81b-80016df2fcc3)
For more information check: https://developer.mozilla.org/en-US/docs/Web/HTTP/Status/402

You have depleted your monthly included credits. Purchase pre-paid credits to continue using Inference Providers. Alternatively, subscribe to PRO to get 20x more included usage.
2026-05-20 11:10:38 - Agent.ImageGenerator - INFO - [ImageGenerator] Generating anchor for 'The Hospital Morgue'...
2026-05-20 11:10:38 - Agent.ImageGenerator - ERROR - [ImageGenerator] Permanent error for 'The Hospital Morgue': Payment required - check HF account credits: Client error '402 Payment Required' for url 'https://router.huggingface.co/fal-ai/fal-ai/flux/dev' (Request ID: Root=1-6a0ddcff-79c78b49195b682726f37d05;75dac552-2536-4f1f-a62e-632250e6f5bc)
For more information check: https://developer.mozilla.org/en-US/docs/Web/HTTP/Status/402

You have depleted your monthly included credits. Purchase pre-paid credits to continue using Inference Providers. Alternatively, subscribe to PRO to get 20x more included usage.
Traceback (most recent call last):
  File "C:\Users\tejap\OneDrive\Desktop\film_factory\venv\Lib\site-packages\huggingface_hub\utils\_http.py", line 761, in hf_raise_for_status
    response.raise_for_status()
    ~~~~~~~~~~~~~~~~~~~~~~~~~^^
  File "C:\Users\tejap\OneDrive\Desktop\film_factory\venv\Lib\site-packages\httpx\_models.py", line 829, in raise_for_status
    raise HTTPStatusError(message, request=request, response=self)
httpx.HTTPStatusError: Client error '402 Payment Required' for url 'https://router.huggingface.co/fal-ai/fal-ai/flux/dev'
For more information check: https://developer.mozilla.org/en-US/docs/Web/HTTP/Status/402

The above exception was the direct cause of the following exception:

Traceback (most recent call last):
  File "C:\Users\tejap\OneDrive\Desktop\film_factory\agents\agent_5a_image_generator.py", line 93, in generate_image_via_hf
    image = client.text_to_image(
        prompt=prompt,
    ...<5 lines>...
        guidance_scale=3.5
    )
  File "C:\Users\tejap\OneDrive\Desktop\film_factory\venv\Lib\site-packages\huggingface_hub\inference\_client.py", line 2575, in text_to_image
    response = self._inner_post(request_parameters)
  File "C:\Users\tejap\OneDrive\Desktop\film_factory\venv\Lib\site-packages\huggingface_hub\inference\_client.py", line 283, in _inner_post
    hf_raise_for_status(response)
    ~~~~~~~~~~~~~~~~~~~^^^^^^^^^^
  File "C:\Users\tejap\OneDrive\Desktop\film_factory\venv\Lib\site-packages\huggingface_hub\utils\_http.py", line 877, in hf_raise_for_status
    raise _format(HfHubHTTPError, str(e), response) from e
huggingface_hub.errors.HfHubHTTPError: Client error '402 Payment Required' for url 'https://router.huggingface.co/fal-ai/fal-ai/flux/dev' (Request ID: Root=1-6a0ddcff-79c78b49195b682726f37d05;75dac552-2536-4f1f-a62e-632250e6f5bc)
For more information check: https://developer.mozilla.org/en-US/docs/Web/HTTP/Status/402

You have depleted your monthly included credits. Purchase pre-paid credits to continue using Inference Providers. Alternatively, subscribe to PRO to get 20x more included usage.

During handling of the above exception, another exception occurred:

Traceback (most recent call last):
  File "C:\Users\tejap\OneDrive\Desktop\film_factory\agents\agent_5a_image_generator.py", line 155, in generate_anchor_image
    image = generate_image_via_hf(prompt, seed, client)
  File "C:\Users\tejap\OneDrive\Desktop\film_factory\utils\retry.py", line 34, in wrapper
    return func(*args, **kwargs)
  File "C:\Users\tejap\OneDrive\Desktop\film_factory\agents\agent_5a_image_generator.py", line 116, in generate_image_via_hf
    raise PermanentException(f"Payment required - check HF account credits: {e}")
utils.errors.PermanentException: Payment required - check HF account credits: Client error '402 Payment Required' for url 'https://router.huggingface.co/fal-ai/fal-ai/flux/dev' (Request ID: Root=1-6a0ddcff-79c78b49195b682726f37d05;75dac552-2536-4f1f-a62e-632250e6f5bc)
For more information check: https://developer.mozilla.org/en-US/docs/Web/HTTP/Status/402

You have depleted your monthly included credits. Purchase pre-paid credits to continue using Inference Providers. Alternatively, subscribe to PRO to get 20x more included usage.
2026-05-20 11:10:38 - Agent.ImageGenerator - ERROR - [ImageGenerator] Failed for 'The Hospital Morgue': Permanent failure: Payment required - check HF account credits: Client error '402 Payment Required' for url 'https://router.huggingface.co/fal-ai/fal-ai/flux/dev' (Request ID: Root=1-6a0ddcff-79c78b49195b682726f37d05;75dac552-2536-4f1f-a62e-632250e6f5bc)
For more information check: https://developer.mozilla.org/en-US/docs/Web/HTTP/Status/402

You have depleted your monthly included credits. Purchase pre-paid credits to continue using Inference Providers. Alternatively, subscribe to PRO to get 20x more included usage.
Traceback (most recent call last):
  File "C:\Users\tejap\OneDrive\Desktop\film_factory\venv\Lib\site-packages\huggingface_hub\utils\_http.py", line 761, in hf_raise_for_status
    response.raise_for_status()
    ~~~~~~~~~~~~~~~~~~~~~~~~~^^
  File "C:\Users\tejap\OneDrive\Desktop\film_factory\venv\Lib\site-packages\httpx\_models.py", line 829, in raise_for_status
    raise HTTPStatusError(message, request=request, response=self)
httpx.HTTPStatusError: Client error '402 Payment Required' for url 'https://router.huggingface.co/fal-ai/fal-ai/flux/dev'
For more information check: https://developer.mozilla.org/en-US/docs/Web/HTTP/Status/402

The above exception was the direct cause of the following exception:

Traceback (most recent call last):
  File "C:\Users\tejap\OneDrive\Desktop\film_factory\agents\agent_5a_image_generator.py", line 93, in generate_image_via_hf
    image = client.text_to_image(
        prompt=prompt,
    ...<5 lines>...
        guidance_scale=3.5
    )
  File "C:\Users\tejap\OneDrive\Desktop\film_factory\venv\Lib\site-packages\huggingface_hub\inference\_client.py", line 2575, in text_to_image
    response = self._inner_post(request_parameters)
  File "C:\Users\tejap\OneDrive\Desktop\film_factory\venv\Lib\site-packages\huggingface_hub\inference\_client.py", line 283, in _inner_post
    hf_raise_for_status(response)
    ~~~~~~~~~~~~~~~~~~~^^^^^^^^^^
  File "C:\Users\tejap\OneDrive\Desktop\film_factory\venv\Lib\site-packages\huggingface_hub\utils\_http.py", line 877, in hf_raise_for_status
    raise _format(HfHubHTTPError, str(e), response) from e
huggingface_hub.errors.HfHubHTTPError: Client error '402 Payment Required' for url 'https://router.huggingface.co/fal-ai/fal-ai/flux/dev' (Request ID: Root=1-6a0ddcff-79c78b49195b682726f37d05;75dac552-2536-4f1f-a62e-632250e6f5bc)
For more information check: https://developer.mozilla.org/en-US/docs/Web/HTTP/Status/402

You have depleted your monthly included credits. Purchase pre-paid credits to continue using Inference Providers. Alternatively, subscribe to PRO to get 20x more included usage.

During handling of the above exception, another exception occurred:

Traceback (most recent call last):
  File "C:\Users\tejap\OneDrive\Desktop\film_factory\agents\agent_5a_image_generator.py", line 155, in generate_anchor_image
    image = generate_image_via_hf(prompt, seed, client)
  File "C:\Users\tejap\OneDrive\Desktop\film_factory\utils\retry.py", line 34, in wrapper
    return func(*args, **kwargs)
  File "C:\Users\tejap\OneDrive\Desktop\film_factory\agents\agent_5a_image_generator.py", line 116, in generate_image_via_hf
    raise PermanentException(f"Payment required - check HF account credits: {e}")
utils.errors.PermanentException: Payment required - check HF account credits: Client error '402 Payment Required' for url 'https://router.huggingface.co/fal-ai/fal-ai/flux/dev' (Request ID: Root=1-6a0ddcff-79c78b49195b682726f37d05;75dac552-2536-4f1f-a62e-632250e6f5bc)
For more information check: https://developer.mozilla.org/en-US/docs/Web/HTTP/Status/402

You have depleted your monthly included credits. Purchase pre-paid credits to continue using Inference Providers. Alternatively, subscribe to PRO to get 20x more included usage.

During handling of the above exception, another exception occurred:

Traceback (most recent call last):
  File "C:\Users\tejap\OneDrive\Desktop\film_factory\agents\agent_5a_image_generator.py", line 236, in run_agent_5a
    image_path = generate_anchor_image(
        location_name,
    ...<2 lines>...
        client
    )
  File "C:\Users\tejap\OneDrive\Desktop\film_factory\agents\agent_5a_image_generator.py", line 172, in generate_anchor_image
    raise ImageGeneratorException(f"Permanent failure: {e}")
utils.errors.ImageGeneratorException: Permanent failure: Payment required - check HF account credits: Client error '402 Payment Required' for url 'https://router.huggingface.co/fal-ai/fal-ai/flux/dev' (Request ID: Root=1-6a0ddcff-79c78b49195b682726f37d05;75dac552-2536-4f1f-a62e-632250e6f5bc)
For more information check: https://developer.mozilla.org/en-US/docs/Web/HTTP/Status/402

You have depleted your monthly included credits. Purchase pre-paid credits to continue using Inference Providers. Alternatively, subscribe to PRO to get 20x more included usage.
2026-05-20 11:10:40 - Agent.ImageGenerator - WARNING - [ImageGenerator] Failed locations: ['Riverside Medical Center — ICU', 'Riverside Medical Center — Surgical Wing', 'Riverside Medical Center — Administrative Offices', 'Riverside Medical Center — Basement Records Room', "Sarah's Apartment", 'Riverside Medical Center — Parking Garage', 'The Hospital Morgue']
2026-05-20 11:10:40 - Agent.ImageGenerator - INFO - [ImageGenerator] Anchor generation complete: 0/7 successful
2026-05-20 11:10:40 - Agent.ImageGenerator - ERROR - [ImageGenerator] Agent 5a failed: All anchor image generations failed
Traceback (most recent call last):
  File "C:\Users\tejap\OneDrive\Desktop\film_factory\agents\agent_5a_image_generator.py", line 277, in run_agent_5a
    raise ImageGeneratorException("All anchor image generations failed")
utils.errors.ImageGeneratorException: All anchor image generations failed
2026-05-20 11:10:40 - Orchestrator - ERROR - Image Generator failed: All anchor image generations failed
2026-05-20 11:10:40 - Orchestrator - INFO - 
Saving context...
2026-05-20 11:10:40 - Orchestrator - INFO - Context saved: outputs\context.json
2026-05-20 11:10:40 - Orchestrator - INFO - PIPELINE COMPLETE
