2026-06-01 22:09:37 - Agent.ImageGenerator - INFO - [ImageGenerator] Starting image generation (Agent 5a)...
2026-06-01 22:09:37 - Agent.ImageGenerator - INFO - [ImageGenerator] HuggingFace client initialized
2026-06-01 22:09:37 - Agent.ImageGenerator - INFO - [ImageGenerator] Story changed — clearing old images for fresh generation
2026-06-01 22:09:37 - Agent.ImageGenerator - INFO - [ImageGenerator] Deleted 0 existing images — fresh generation
2026-06-01 22:09:37 - Agent.ImageGenerator - INFO - [ImageGenerator] Phase 1: 7 anchor images at 1280x720...
2026-06-01 22:09:37 - Agent.ImageGenerator - INFO - [ImageGenerator] Generating anchor: 'The Long Approach — Ashveil Manor Driveway' (1280x720)
2026-06-01 22:09:38 - Agent.ImageGenerator - ERROR - [ImageGenerator] Anchor failed 'The Long Approach — Ashveil Manor Driveway': Max retries: Kaggle generation failed: 404 Client Error: Not Found for url: https://xxxx.ngrok-free.app/generate
2026-06-01 22:09:40 - Agent.ImageGenerator - INFO - [ImageGenerator] Generating anchor: 'The Grand Ballroom' (1280x720)
2026-06-01 22:09:40 - Agent.ImageGenerator - ERROR - [ImageGenerator] Anchor failed 'The Grand Ballroom': Max retries: Kaggle generation failed: 404 Client Error: Not Found for url: https://xxxx.ngrok-free.app/generate
2026-06-01 22:09:42 - Agent.ImageGenerator - INFO - [ImageGenerator] Generating anchor: 'The Portrait Gallery — East Wing Corridor' (1280x720)
2026-06-01 22:09:43 - Agent.ImageGenerator - ERROR - [ImageGenerator] Anchor failed 'The Portrait Gallery — East Wing Corridor': Max retries: Kaggle generation failed: 404 Client Error: Not Found for url: https://xxxx.ngrok-free.app/generate
2026-06-01 22:09:45 - Agent.ImageGenerator - INFO - [ImageGenerator] Generating anchor: 'The Study — Lord Ashveil's Private Room' (1280x720)
2026-06-01 22:09:45 - Agent.ImageGenerator - ERROR - [ImageGenerator] Anchor failed 'The Study — Lord Ashveil's Private Room': Max retries: Kaggle generation failed: 404 Client Error: Not Found for url: https://xxxx.ngrok-free.app/generate
2026-06-01 22:09:47 - Agent.ImageGenerator - INFO - [ImageGenerator] Generating anchor: 'The Wine Cellar — Below the East Wing' (1280x720)
2026-06-01 22:09:48 - Agent.ImageGenerator - ERROR - [ImageGenerator] Anchor failed 'The Wine Cellar — Below the East Wing': Max retries: Kaggle generation failed: 404 Client Error: Not Found for url: https://xxxx.ngrok-free.app/generate
2026-06-01 22:09:50 - Agent.ImageGenerator - INFO - [ImageGenerator] Generating anchor: 'The Walled Garden — Manor Grounds' (1280x720)
2026-06-01 22:09:50 - Agent.ImageGenerator - ERROR - [ImageGenerator] Anchor failed 'The Walled Garden — Manor Grounds': Max retries: Kaggle generation failed: 404 Client Error: Not Found for url: https://xxxx.ngrok-free.app/generate
2026-06-01 22:09:52 - Agent.ImageGenerator - INFO - [ImageGenerator] Generating anchor: 'The Servants' Staircase — North Wing' (1280x720)
2026-06-01 22:09:53 - Agent.ImageGenerator - ERROR - [ImageGenerator] Anchor failed 'The Servants' Staircase — North Wing': Max retries: Kaggle generation failed: 404 Client Error: Not Found for url: https://xxxx.ngrok-free.app/generate
2026-06-01 22:09:55 - Agent.ImageGenerator - INFO - [ImageGenerator] Phase 1 complete: 0/7
2026-06-01 22:09:55 - Agent.ImageGenerator - INFO - [ImageGenerator] Phase 1.5: Correcting scene prompts against anchor images...
2026-06-01 22:09:55 - Agent.ImageGenerator - INFO - [ImageGenerator] Phase 1.5 complete: 0 prompts corrected
2026-06-01 22:09:55 - Agent.ImageGenerator - INFO - [ImageGenerator] Phase 2: Scene images for 1 episodes...
2026-06-01 22:09:55 - Agent.ImageGenerator - INFO - [ImageGenerator] Episode 1 scene images...
2026-06-01 22:09:56 - Agent.ImageGenerator - ERROR - [ImageGenerator]   Scene 1 attempt 1 failed: Kaggle generation failed: 404 Client Error: Not Found for url: https://xxxx.ngrok-free.app/generate
2026-06-01 22:09:57 - Agent.ImageGenerator - ERROR - [ImageGenerator]   Scene 1 attempt 2 failed: Kaggle generation failed: 404 Client Error: Not Found for url: https://xxxx.ngrok-free.app/generate
2026-06-01 22:09:58 - Agent.ImageGenerator - ERROR - [ImageGenerator]   Scene 1 attempt 3 failed: Kaggle generation failed: 404 Client Error: Not Found for url: https://xxxx.ngrok-free.app/generate
2026-06-01 22:10:00 - Agent.ImageGenerator - ERROR - [ImageGenerator]   Scene 2 attempt 1 failed: Kaggle generation failed: 404 Client Error: Not Found for url: https://xxxx.ngrok-free.app/generate
2026-06-01 22:10:00 - Agent.ImageGenerator - ERROR - [ImageGenerator]   Scene 2 attempt 2 failed: Kaggle generation failed: 404 Client Error: Not Found for url: https://xxxx.ngrok-free.app/generate
2026-06-01 22:10:01 - Agent.ImageGenerator - ERROR - [ImageGenerator]   Scene 2 attempt 3 failed: Kaggle generation failed: 404 Client Error: Not Found for url: https://xxxx.ngrok-free.app/generate
2026-06-01 22:10:03 - Agent.ImageGenerator - ERROR - [ImageGenerator]   Scene 3 attempt 1 failed: Kaggle generation failed: 404 Client Error: Not Found for url: https://xxxx.ngrok-free.app/generate
2026-06-01 22:10:04 - Agent.ImageGenerator - ERROR - [ImageGenerator]   Scene 3 attempt 2 failed: Kaggle generation failed: 404 Client Error: Not Found for url: https://xxxx.ngrok-free.app/generate
